Archive member included to satisfy reference by file (symbol)

app/libapp.a(main.cpp.obj)    (--whole-archive)
zephyr/libzephyr.a(heap.c.obj)
                              (--whole-archive)
zephyr/libzephyr.a(cbprintf_packaged.c.obj)
                              (--whole-archive)
zephyr/libzephyr.a(printk.c.obj)
                              (--whole-archive)
zephyr/libzephyr.a(sem.c.obj)
                              (--whole-archive)
zephyr/libzephyr.a(thread_entry.c.obj)
                              (--whole-archive)
zephyr/libzephyr.a(cbprintf_complete.c.obj)
                              (--whole-archive)
zephyr/libzephyr.a(cbprintf.c.obj)
                              (--whole-archive)
zephyr/libzephyr.a(assert.c.obj)
                              (--whole-archive)
zephyr/libzephyr.a(mpsc_pbuf.c.obj)
                              (--whole-archive)
zephyr/libzephyr.a(dec.c.obj)
                              (--whole-archive)
zephyr/libzephyr.a(hex.c.obj)
                              (--whole-archive)
zephyr/libzephyr.a(rb.c.obj)  (--whole-archive)
zephyr/libzephyr.a(timeutil.c.obj)
                              (--whole-archive)
zephyr/libzephyr.a(bitarray.c.obj)
                              (--whole-archive)
zephyr/libzephyr.a(onoff.c.obj)
                              (--whole-archive)
zephyr/libzephyr.a(notify.c.obj)
                              (--whole-archive)
zephyr/libzephyr.a(ring_buffer.c.obj)
                              (--whole-archive)
zephyr/libzephyr.a(configs.c.obj)
                              (--whole-archive)
zephyr/libzephyr.a(asan_hacks.c.obj)
                              (--whole-archive)
zephyr/libzephyr.a(log_core.c.obj)
                              (--whole-archive)
zephyr/libzephyr.a(log_mgmt.c.obj)
                              (--whole-archive)
zephyr/libzephyr.a(log_cache.c.obj)
                              (--whole-archive)
zephyr/libzephyr.a(log_msg.c.obj)
                              (--whole-archive)
zephyr/libzephyr.a(log_output.c.obj)
                              (--whole-archive)
zephyr/libzephyr.a(log_backend_uart.c.obj)
                              (--whole-archive)
zephyr/libzephyr.a(stats.c.obj)
                              (--whole-archive)
zephyr/libzephyr.a(flash_map.c.obj)
                              (--whole-archive)
zephyr/libzephyr.a(flash_map_default.c.obj)
                              (--whole-archive)
zephyr/libzephyr.a(flash_map_layout.c.obj)
                              (--whole-archive)
zephyr/libzephyr.a(tracing_none.c.obj)
                              (--whole-archive)
zephyr/libzephyr.a(kernel_shell.c.obj)
                              (--whole-archive)
zephyr/libzephyr.a(cycles.c.obj)
                              (--whole-archive)
zephyr/libzephyr.a(sleep.c.obj)
                              (--whole-archive)
zephyr/libzephyr.a(uptime.c.obj)
                              (--whole-archive)
zephyr/libzephyr.a(version.c.obj)
                              (--whole-archive)
zephyr/libzephyr.a(log-level.c.obj)
                              (--whole-archive)
zephyr/libzephyr.a(thread.c.obj)
                              (--whole-archive)
zephyr/libzephyr.a(list.c.obj)
                              (--whole-archive)
zephyr/libzephyr.a(stacks.c.obj)
                              (--whole-archive)
zephyr/libzephyr.a(suspend.c.obj)
                              (--whole-archive)
zephyr/libzephyr.a(resume.c.obj)
                              (--whole-archive)
zephyr/libzephyr.a(kill.c.obj)
                              (--whole-archive)
zephyr/libzephyr.a(device_service.c.obj)
                              (--whole-archive)
zephyr/libzephyr.a(devmem_service.c.obj)
                              (--whole-archive)
zephyr/libzephyr.a(shell_uart.c.obj)
                              (--whole-archive)
zephyr/libzephyr.a(shell.c.obj)
                              (--whole-archive)
zephyr/libzephyr.a(shell_fprintf.c.obj)
                              (--whole-archive)
zephyr/libzephyr.a(shell_utils.c.obj)
                              (--whole-archive)
zephyr/libzephyr.a(shell_ops.c.obj)
                              (--whole-archive)
zephyr/libzephyr.a(shell_log_backend.c.obj)
                              (--whole-archive)
zephyr/libzephyr.a(shell_help.c.obj)
                              (--whole-archive)
zephyr/libzephyr.a(shell_cmds.c.obj)
                              (--whole-archive)
zephyr/libzephyr.a(shell_history.c.obj)
                              (--whole-archive)
zephyr/libzephyr.a(shell_wildcard.c.obj)
                              (--whole-archive)
zephyr/libzephyr.a(flash_util.c.obj)
                              (--whole-archive)
zephyr/libzephyr.a(banner.c.obj)
                              (--whole-archive)
zephyr/arch/arch/posix/core/libarch__posix__core.a(cpuhalt.c.obj)
                              (--whole-archive)
zephyr/arch/arch/posix/core/libarch__posix__core.a(fatal.c.obj)
[...]
Memory Configuration

Name             Origin             Length             Attributes
*default*        0x00000000         0xffffffff

Linker script and memory map


.note.gnu.build-id
 *(SORT_BY_ALIGNMENT(.note.gnu.build-id))

.interp
 *(SORT_BY_ALIGNMENT(.interp))

.hash
 *(SORT_BY_ALIGNMENT(.hash))

.gnu.hash
 *(SORT_BY_ALIGNMENT(.gnu.hash))

.dynsym
 *(SORT_BY_ALIGNMENT(.dynsym))

.dynstr
 *(SORT_BY_ALIGNMENT(.dynstr))

.gnu.version
 *(SORT_BY_ALIGNMENT(.gnu.version))

.gnu.version_d
 *(SORT_BY_ALIGNMENT(.gnu.version_d))

.gnu.version_r
 *(SORT_BY_ALIGNMENT(.gnu.version_r))

.rel.init
 *(SORT_BY_ALIGNMENT(.rel.init))

.rel.text
 *(SORT_BY_ALIGNMENT(.rel.text))

.rel.fini
 *(SORT_BY_ALIGNMENT(.rel.fini))

.rel.rodata
 *(SORT_BY_ALIGNMENT(.rel.rodata))

.rel.data.rel.ro
 *(SORT_BY_ALIGNMENT(.rel.data.rel.ro))

.rel.data
 *(SORT_BY_ALIGNMENT(.rel.data))

.rel.tdata
 *(SORT_BY_ALIGNMENT(.rel.tdata))

.rel.tbss
 *(SORT_BY_ALIGNMENT(.rel.tbss))

.rel.ctors
 *(SORT_BY_ALIGNMENT(.rel.ctors))

.rel.dtors
 *(SORT_BY_ALIGNMENT(.rel.dtors))

.rel.got
 *(SORT_BY_ALIGNMENT(.rel.got))

.rel.bss
 *(SORT_BY_ALIGNMENT(.rel.bss))

.rel.ifunc
 *(SORT_BY_ALIGNMENT(.rel.ifunc))

.rel.plt
 *(SORT_BY_ALIGNMENT(.rel.plt))

.relr.dyn
 *(SORT_BY_ALIGNMENT(.relr.dyn))

.init
 *(SORT_NONE(.init))

.plt
 *(SORT_BY_ALIGNMENT(.plt))

.plt.got
 *(SORT_BY_ALIGNMENT(.plt.got))

.plt.sec
 *(SORT_BY_ALIGNMENT(.plt.sec))

.text
 *(SORT_BY_ALIGNMENT(.text) SORT_BY_ALIGNMENT(.stub))
 *(SORT_BY_ALIGNMENT(.gnu.warning))

.text._sub_I_00099_0
                0x00000000      0x2f4
 .text._sub_I_00099_0
                0x00000000       0x12 zephyr/CMakeFiles/zephyr_pre0.dir/misc/empty_file.c.obj
 .text._sub_I_00099_0
                0x00000012       0x12 zephyr/CMakeFiles/offsets.dir/./arch/posix/core/offsets/offsets.c.obj
 .text._sub_I_00099_0
                0x00000024       0x12 zephyr/libzephyr.a(heap.c.obj)
 .text._sub_I_00099_0
                0x00000036       0x12 zephyr/libzephyr.a(sem.c.obj)
 .text._sub_I_00099_0
                0x00000048       0x12 zephyr/libzephyr.a(cbprintf.c.obj)
 .text._sub_I_00099_0
                0x0000005a       0x12 zephyr/libzephyr.a(dec.c.obj)
 .text._sub_I_00099_0
                0x0000006c       0x12 zephyr/libzephyr.a(hex.c.obj)
 .text._sub_I_00099_0
                0x0000007e       0x12 zephyr/libzephyr.a(rb.c.obj)
 .text._sub_I_00099_0
                0x00000090       0x12 zephyr/libzephyr.a(timeutil.c.obj)
 .text._sub_I_00099_0
                0x000000a2       0x12 zephyr/libzephyr.a(bitarray.c.obj)
 .text._sub_I_00099_0
                0x000000b4       0x12 zephyr/libzephyr.a(onoff.c.obj)
 .text._sub_I_00099_0
                0x000000c6       0x12 zephyr/libzephyr.a(notify.c.obj)
 .text._sub_I_00099_0
                0x000000d8       0x12 zephyr/libzephyr.a(ring_buffer.c.obj)
 .text._sub_I_00099_0
                0x000000ea       0x12 zephyr/libzephyr.a(configs.c.obj)
 .text._sub_I_00099_0
                0x000000fc       0x12 zephyr/libzephyr.a(asan_hacks.c.obj)
 .text._sub_I_00099_0
                0x0000010e       0x12 zephyr/libzephyr.a(log_cache.c.obj)
 .text._sub_I_00099_0
                0x00000120       0x12 zephyr/libzephyr.a(flash_map.c.obj)
 .text._sub_I_00099_0
                0x00000132       0x12 zephyr/libzephyr.a(flash_map_layout.c.obj)
 .text._sub_I_00099_0
                0x00000144       0x12 zephyr/libzephyr.a(tracing_none.c.obj)
 .text._sub_I_00099_0
                0x00000156       0x12 zephyr/libzephyr.a(shell_fprintf.c.obj)
 .text._sub_I_00099_0
                0x00000168       0x12 zephyr/libzephyr.a(shell_history.c.obj)
 .text._sub_I_00099_0
                0x0000017a       0x12 zephyr/arch/arch/posix/core/libarch__posix__core.a(cpuhalt.c.obj)
 .text._sub_I_00099_0
                0x0000018c       0x12 zephyr/arch/arch/posix/core/libarch__posix__core.a(irq.c.obj)
 .text._sub_I_00099_0
                0x0000019e       0x12 zephyr/arch/arch/posix/core/libarch__posix__core.a(swap.c.obj)
 .text._sub_I_00099_0
                0x000001b0       0x12 zephyr/soc/soc/native/libsoc__native__inf_clock.a(native_remap.c.obj)
 .text._sub_I_00099_0
                0x000001c2       0x12 zephyr/boards/native/nrf_bsim/libboards__native__nrf_bsim.a(cpu_wait.c.obj)
 .text._sub_I_00099_0
                0x000001d4       0x12 zephyr/boards/native/nrf_bsim/libboards__native__nrf_bsim.a(native_remap.c.obj)
 .text._sub_I_00099_0
                0x000001e6       0x12 zephyr/boards/native/nrf_bsim/libboards__native__nrf_bsim.a(nrfx_coredep.c.obj)
 .text._sub_I_00099_0
                0x000001f8       0x12 zephyr/drivers/flash/libdrivers__flash.a(flash_page_layout.c.obj)
 .text._sub_I_00099_0
                0x0000020a       0x12 zephyr/drivers/pinctrl/libdrivers__pinctrl.a(common.c.obj)
 .text._sub_I_00099_0
                0x0000021c       0x12 zephyr/drivers/timer/libdrivers__timer.a(sys_clock_init.c.obj)
 .text._sub_I_00099_0
                0x0000022e       0x12 modules/hal_nordic/modules/hal_nordic/nrfx/libmodules__hal_nordic__nrfx.a(nrfx_flag32_allocator.c.obj)
 .text._sub_I_00099_0
                0x00000240       0x12 modules/nrf_hw_models/lib..__modules__bsim_hw_models__nrf_hw_models.a(nrf_common.c.obj)
 .text._sub_I_00099_0
                0x00000252       0x12 modules/nrf_hw_models/lib..__modules__bsim_hw_models__nrf_hw_models.a(nrf_cracen_cm.c.obj)
 .text._sub_I_00099_0
                0x00000264       0x12 modules/nrf_hw_models/lib..__modules__bsim_hw_models__nrf_hw_models.a(nrf_cracen_rng.c.obj)
 .text._sub_I_00099_0
                0x00000276       0x12 modules/nrf_hw_models/lib..__modules__bsim_hw_models__nrf_hw_models.a(nrf_dppi.c.obj)
 .text._sub_I_00099_0
                0x00000288       0x12 modules/nrf_hw_models/lib..__modules__bsim_hw_models__nrf_hw_models.a(nrf_egu.c.obj)
 .text._sub_I_00099_0
                0x0000029a       0x12 modules/nrf_hw_models/lib..__modules__bsim_hw_models__nrf_hw_models.a(nrf_gpio.c.obj)
 .text._sub_I_00099_0
                0x000002ac       0x12 modules/nrf_hw_models/lib..__modules__bsim_hw_models__nrf_hw_models.a(nrf_ppib.c.obj)
 .text._sub_I_00099_0
                0x000002be       0x12 modules/nrf_hw_models/lib..__modules__bsim_hw_models__nrf_hw_models.a(nrf_rramc.c.obj)
 .text._sub_I_00099_0
                0x000002d0       0x12 zephyr/kernel/libkernel.a(busy_wait.c.obj)
 .text._sub_I_00099_0
                0x000002e2       0x12 zephyr/kernel/libkernel.a(device.c.obj)

.text._OffsetAbsSyms
                0x00000000        0x6
 .text._OffsetAbsSyms
                0x00000000        0x6 zephyr/CMakeFiles/offsets.dir/./arch/posix/core/offsets/offsets.c.obj
                0x00000000                _OffsetAbsSyms

.text.k_is_user_context
                0x00000000       0x6e
 .text.k_is_user_context
                0x00000000        0xa app/libapp.a(main.cpp.obj)
 .text.k_is_user_context
                0x0000000a        0xa zephyr/libzephyr.a(log_core.c.obj)
 .text.k_is_user_context
                0x00000014        0xa zephyr/libzephyr.a(log_msg.c.obj)
 .text.k_is_user_context
                0x0000001e        0xa zephyr/libzephyr.a(shell_uart.c.obj)
 .text.k_is_user_context
                0x00000028        0xa zephyr/drivers/clock_control/libdrivers__clock_control.a(clock_control_nrf.c.obj)
 .text.k_is_user_context
                0x00000032        0xa modules/hal_nordic/modules/hal_nordic/nrfx/libmodules__hal_nordic__nrfx.a(nrfx_clock.c.obj)
 .text.k_is_user_context
                0x0000003c        0xa modules/hal_nordic/modules/hal_nordic/nrfx/libmodules__hal_nordic__nrfx.a(nrfx_grtc.c.obj)
 .text.k_is_user_context
                0x00000046        0xa zephyr/kernel/libkernel.a(fatal.c.obj)
 .text.k_is_user_context
                0x00000050        0xa zephyr/kernel/libkernel.a(mutex.c.obj)
 .text.k_is_user_context
                0x0000005a        0xa zephyr/kernel/libkernel.a(thread.c.obj)
 .text.k_is_user_context
                0x00000064        0xa zephyr/kernel/libkernel.a(sched.c.obj)

.text.k_sleep   0x00000000      0x158
 .text.k_sleep  0x00000000       0xdb app/libapp.a(main.cpp.obj)
 .text.k_sleep  0x000000db       0x19 zephyr/libzephyr.a(log_core.c.obj)
 .text.k_sleep  0x000000f4       0x19 zephyr/libzephyr.a(sleep.c.obj)
 .text.k_sleep  0x0000010d       0x19 zephyr/libzephyr.a(shell.c.obj)
 .text.k_sleep  0x00000126       0x19 zephyr/drivers/serial/libdrivers__serial.a(uart_nrfx_uarte.c.obj)
 .text.k_sleep  0x0000013f       0x19 zephyr/drivers/serial/libdrivers__serial.a(uart_native_pty.c.obj)

.text.z_log_msg_runtime_create
                0x00000000      0xe7b
 .text.z_log_msg_runtime_create
                0x00000000      0x151 app/libapp.a(main.cpp.obj)
 .text.z_log_msg_runtime_create
                0x00000151      0x151 zephyr/libzephyr.a(log_core.c.obj)
 .text.z_log_msg_runtime_create
                0x000002a2      0x151 zephyr/libzephyr.a(log_msg.c.obj)
 .text.z_log_msg_runtime_create
                0x000003f3      0x151 zephyr/libzephyr.a(shell_uart.c.obj)
 .text.z_log_msg_runtime_create
                0x00000544      0x151 zephyr/drivers/clock_control/libdrivers__clock_control.a(clock_control_nrf.c.obj)
 .text.z_log_msg_runtime_create
                0x00000695      0x151 modules/hal_nordic/modules/hal_nordic/nrfx/libmodules__hal_nordic__nrfx.a(nrfx_clock.c.obj)
 .text.z_log_msg_runtime_create
                0x000007e6      0x151 modules/hal_nordic/modules/hal_nordic/nrfx/libmodules__hal_nordic__nrfx.a(nrfx_grtc.c.obj)
 .text.z_log_msg_runtime_create
                0x00000937      0x151 zephyr/kernel/libkernel.a(fatal.c.obj)
 .text.z_log_msg_runtime_create
                0x00000a88      0x151 zephyr/kernel/libkernel.a(mutex.c.obj)
 .text.z_log_msg_runtime_create
                0x00000bd9      0x151 zephyr/kernel/libkernel.a(thread.c.obj)
 .text.z_log_msg_runtime_create
                0x00000d2a      0x151 zephyr/kernel/libkernel.a(sched.c.obj)

.text._Z10flash_testv
                0x00000000      0x553
 .text._Z10flash_testv
                0x00000000      0x553 app/libapp.a(main.cpp.obj)
                0x00000000                flash_test()

.text.main      0x00000000      0x163
 .text.main     0x00000000      0x163 app/libapp.a(main.cpp.obj)
                0x00000000                main

.text._sub_D_00099_0
                0x00000000      0x927
 .text._sub_D_00099_0
                0x00000000       0x1a app/libapp.a(main.cpp.obj)
 .text._sub_D_00099_0
                0x0000001a       0x1a zephyr/libzephyr.a(cbprintf_packaged.c.obj)
 .text._sub_D_00099_0
                0x00000034       0x1a zephyr/libzephyr.a(printk.c.obj)
 .text._sub_D_00099_0
                0x0000004e       0x1a zephyr/libzephyr.a(thread_entry.c.obj)
 .text._sub_D_00099_0
                0x00000068       0x1a zephyr/libzephyr.a(cbprintf_complete.c.obj)
 .text._sub_D_00099_0
                0x00000082       0x1a zephyr/libzephyr.a(assert.c.obj)
 .text._sub_D_00099_0
                0x0000009c       0x1a zephyr/libzephyr.a(mpsc_pbuf.c.obj)
 .text._sub_D_00099_0
                0x000000b6       0x1a zephyr/libzephyr.a(log_core.c.obj)
 .text._sub_D_00099_0
                0x000000d0       0x1a zephyr/libzephyr.a(log_mgmt.c.obj)
 .text._sub_D_00099_0
                0x000000ea       0x1a zephyr/libzephyr.a(log_msg.c.obj)
 .text._sub_D_00099_0
                0x00000104       0x1a zephyr/libzephyr.a(log_output.c.obj)
 .text._sub_D_00099_0
                0x0000011e       0x1a zephyr/libzephyr.a(log_backend_uart.c.obj)
 .text._sub_D_00099_0
                0x00000138       0x1a zephyr/libzephyr.a(stats.c.obj)
 .text._sub_D_00099_0
                0x00000152       0x1a zephyr/libzephyr.a(flash_map_default.c.obj)
 .text._sub_D_00099_0
                0x0000016c       0x1a zephyr/libzephyr.a(kernel_shell.c.obj)
 .text._sub_D_00099_0
                0x00000186       0x1a zephyr/libzephyr.a(cycles.c.obj)
 .text._sub_D_00099_0
                0x000001a0       0x1a zephyr/libzephyr.a(sleep.c.obj)
 .text._sub_D_00099_0
                0x000001ba       0x1a zephyr/libzephyr.a(uptime.c.obj)
 .text._sub_D_00099_0
                0x000001d4       0x1a zephyr/libzephyr.a(version.c.obj)
 .text._sub_D_00099_0
                0x000001ee       0x1a zephyr/libzephyr.a(log-level.c.obj)
 .text._sub_D_00099_0
                0x00000208       0x1a zephyr/libzephyr.a(thread.c.obj)
 .text._sub_D_00099_0
                0x00000222       0x1a zephyr/libzephyr.a(list.c.obj)
 .text._sub_D_00099_0
                0x0000023c       0x1a zephyr/libzephyr.a(stacks.c.obj)
 .text._sub_D_00099_0
                0x00000256       0x1a zephyr/libzephyr.a(suspend.c.obj)
 .text._sub_D_00099_0
                0x00000270       0x1a zephyr/libzephyr.a(resume.c.obj)
 .text._sub_D_00099_0
                0x0000028a       0x1a zephyr/libzephyr.a(kill.c.obj)
 .text._sub_D_00099_0
                0x000002a4       0x1a zephyr/libzephyr.a(device_service.c.obj)
 .text._sub_D_00099_0
                0x000002be       0x1a zephyr/libzephyr.a(devmem_service.c.obj)
 .text._sub_D_00099_0
                0x000002d8       0x1a zephyr/libzephyr.a(shell_uart.c.obj)
 .text._sub_D_00099_0
                0x000002f2       0x1a zephyr/libzephyr.a(shell.c.obj)
 .text._sub_D_00099_0
                0x0000030c       0x1a zephyr/libzephyr.a(shell_utils.c.obj)
 .text._sub_D_00099_0
                0x00000326       0x1a zephyr/libzephyr.a(shell_ops.c.obj)
 .text._sub_D_00099_0
                0x00000340       0x1a zephyr/libzephyr.a(shell_log_backend.c.obj)
 .text._sub_D_00099_0
                0x0000035a       0x1a zephyr/libzephyr.a(shell_help.c.obj)
 .text._sub_D_00099_0
                0x00000374       0x1a zephyr/libzephyr.a(shell_cmds.c.obj)
 .text._sub_D_00099_0
                0x0000038e       0x1a zephyr/libzephyr.a(shell_wildcard.c.obj)
 .text._sub_D_00099_0
                0x000003a8       0x1a zephyr/libzephyr.a(flash_util.c.obj)
 .text._sub_D_00099_0
                0x000003c2       0x1a zephyr/libzephyr.a(banner.c.obj)
 .text._sub_D_00099_0
                0x000003dc       0x1a zephyr/arch/arch/posix/core/libarch__posix__core.a(fatal.c.obj)
 .text._sub_D_00099_0
                0x000003f6       0x1a zephyr/arch/arch/posix/core/libarch__posix__core.a(thread.c.obj)
 .text._sub_D_00099_0
                0x00000410       0x1a zephyr/arch/arch/posix/core/libarch__posix__core.a(posix_core_nsi.c.obj)
 .text._sub_D_00099_0
                0x0000042a       0x1a zephyr/soc/soc/native/libsoc__native__inf_clock.a(soc.c.obj)
 .text._sub_D_00099_0
                0x00000444       0x1a zephyr/soc/soc/native/libsoc__native__inf_clock.a(native_tasks.c.obj)
 .text._sub_D_00099_0
                0x0000045e       0x1a zephyr/boards/native/nrf_bsim/libboards__native__nrf_bsim.a(irq_handler.c.obj)
 .text._sub_D_00099_0
                0x00000478       0x1a zephyr/boards/native/nrf_bsim/libboards__native__nrf_bsim.a(argparse.c.obj)
 .text._sub_D_00099_0
                0x00000492       0x1a zephyr/boards/native/nrf_bsim/libboards__native__nrf_bsim.a(nsi_if.c.obj)
 .text._sub_D_00099_0
                0x000004ac       0x1a zephyr/boards/native/nrf_bsim/libboards__native__nrf_bsim.a(bstests_entry.c.obj)
 .text._sub_D_00099_0
                0x000004c6       0x1a zephyr/boards/native/nrf_bsim/libboards__native__nrf_bsim.a(cmsis.c.obj)
 .text._sub_D_00099_0
                0x000004e0       0x1a zephyr/boards/native/nrf_bsim/libboards__native__nrf_bsim.a(trace_hook.c.obj)
 .text._sub_D_00099_0
                0x000004fa       0x1a zephyr/drivers/clock_control/libdrivers__clock_control.a(clock_control_nrf.c.obj)
 .text._sub_D_00099_0
                0x00000514       0x1a zephyr/drivers/console/libdrivers__console.a(posix_arch_console.c.obj)
 .text._sub_D_00099_0
                0x0000052e       0x1a zephyr/drivers/console/libdrivers__console.a(uart_console.c.obj)
 .text._sub_D_00099_0
                0x00000548       0x1d zephyr/drivers/flash/libdrivers__flash.a(flash_simulator.c.obj)
 .text._sub_D_00099_0
                0x00000565       0x1a zephyr/drivers/pinctrl/libdrivers__pinctrl.a(pinctrl_nrf.c.obj)
 .text._sub_D_00099_0
                0x0000057f       0x1a zephyr/drivers/serial/libdrivers__serial.a(uart_nrfx_uarte.c.obj)
 .text._sub_D_00099_0
                0x00000599       0x1a zephyr/drivers/serial/libdrivers__serial.a(uart_native_pty.c.obj)
 .text._sub_D_00099_0
                0x000005b3       0x1a zephyr/drivers/timer/libdrivers__timer.a(nrf_grtc_timer.c.obj)
 .text._sub_D_00099_0
                0x000005cd       0x1a modules/hal_nordic/modules/hal_nordic/nrfx/libmodules__hal_nordic__nrfx.a(system_nrf54l.c.obj)
 .text._sub_D_00099_0
                0x000005e7       0x1a modules/hal_nordic/modules/hal_nordic/nrfx/libmodules__hal_nordic__nrfx.a(nrfx_glue.c.obj)
 .text._sub_D_00099_0
                0x00000601       0x1a modules/hal_nordic/modules/hal_nordic/nrfx/libmodules__hal_nordic__nrfx.a(nrfx_clock.c.obj)
 .text._sub_D_00099_0
                0x0000061b       0x1a modules/hal_nordic/modules/hal_nordic/nrfx/libmodules__hal_nordic__nrfx.a(nrfx_grtc.c.obj)
 .text._sub_D_00099_0
                0x00000635       0x1a modules/nrf_hw_models/lib..__modules__bsim_hw_models__nrf_hw_models.a(nrfx_common.c.obj)
 .text._sub_D_00099_0
                0x0000064f       0x1a modules/nrf_hw_models/lib..__modules__bsim_hw_models__nrf_hw_models.a(nrf_54_aar.c.obj)
 .text._sub_D_00099_0
                0x00000669       0x1a modules/nrf_hw_models/lib..__modules__bsim_hw_models__nrf_hw_models.a(nrf_54_ccm.c.obj)
 .text._sub_D_00099_0
                0x00000683       0x1a modules/nrf_hw_models/lib..__modules__bsim_hw_models__nrf_hw_models.a(nrf_54_ecb.c.obj)
 .text._sub_D_00099_0
                0x0000069d       0x1a modules/nrf_hw_models/lib..__modules__bsim_hw_models__nrf_hw_models.a(nrf_clock.c.obj)
 .text._sub_D_00099_0
                0x000006b7       0x1a modules/nrf_hw_models/lib..__modules__bsim_hw_models__nrf_hw_models.a(nrf_cracen.c.obj)
 .text._sub_D_00099_0
                0x000006d1       0x1a modules/nrf_hw_models/lib..__modules__bsim_hw_models__nrf_hw_models.a(nrf_gpiote.c.obj)
 .text._sub_D_00099_0
                0x000006eb       0x1a modules/nrf_hw_models/lib..__modules__bsim_hw_models__nrf_hw_models.a(nrf_grtc.c.obj)
 .text._sub_D_00099_0
                0x00000705       0x1a modules/nrf_hw_models/lib..__modules__bsim_hw_models__nrf_hw_models.a(nrf_hack.c.obj)
 .text._sub_D_00099_0
                0x0000071f       0x1a modules/nrf_hw_models/lib..__modules__bsim_hw_models__nrf_hw_models.a(nrf_radio.c.obj)
 .text._sub_D_00099_0
                0x00000739       0x1a modules/nrf_hw_models/lib..__modules__bsim_hw_models__nrf_hw_models.a(nrf_temp.c.obj)
 .text._sub_D_00099_0
                0x00000753       0x1a modules/nrf_hw_models/lib..__modules__bsim_hw_models__nrf_hw_models.a(nrf_timer.c.obj)
 .text._sub_D_00099_0
                0x0000076d       0x1a modules/nrf_hw_models/lib..__modules__bsim_hw_models__nrf_hw_models.a(nrf_uarte.c.obj)
 .text._sub_D_00099_0
                0x00000787       0x1a modules/nrf_hw_models/lib..__modules__bsim_hw_models__nrf_hw_models.a(nrf_hal_originals.c.obj)
 .text._sub_D_00099_0
                0x000007a1       0x1a modules/nrf_hw_models/lib..__modules__bsim_hw_models__nrf_hw_models.a(system.c.obj)
 .text._sub_D_00099_0
                0x000007bb       0x1a zephyr/kernel/libkernel.a(fatal.c.obj)
 .text._sub_D_00099_0
                0x000007d5       0x1a zephyr/kernel/libkernel.a(init.c.obj)
 .text._sub_D_00099_0
                0x000007ef       0x1a zephyr/kernel/libkernel.a(idle.c.obj)
 .text._sub_D_00099_0
                0x00000809       0x1a zephyr/kernel/libkernel.a(mutex.c.obj)
 .text._sub_D_00099_0
                0x00000823       0x1a zephyr/kernel/libkernel.a(sem.c.obj)
 .text._sub_D_00099_0
                0x0000083d       0x1a zephyr/kernel/libkernel.a(thread.c.obj)
 .text._sub_D_00099_0
                0x00000857       0x1a zephyr/kernel/libkernel.a(sched.c.obj)
 .text._sub_D_00099_0
                0x00000871       0x1a zephyr/kernel/libkernel.a(timeslicing.c.obj)
 .text._sub_D_00099_0
                0x0000088b       0x1a zephyr/kernel/libkernel.a(thread_monitor.c.obj)
 .text._sub_D_00099_0
                0x000008a5       0x1a zephyr/kernel/libkernel.a(timeout.c.obj)
 .text._sub_D_00099_0
                0x000008bf       0x1a zephyr/kernel/libkernel.a(timer.c.obj)
 .text._sub_D_00099_0
                0x000008d9       0x1a zephyr/kernel/libkernel.a(poll.c.obj)
 .text._sub_D_00099_0
                0x000008f3       0x1a zephyr/kernel/libkernel.a(system_work_q.c.obj)
 .text._sub_D_00099_0
                0x0000090d       0x1a zephyr/kernel/libkernel.a(work.c.obj)

.text._sub_I_00099_1
                0x00000000      0xcab
 .text._sub_I_00099_1
                0x00000000       0x24 app/libapp.a(main.cpp.obj)
 .text._sub_I_00099_1
                0x00000024       0x24 zephyr/libzephyr.a(cbprintf_packaged.c.obj)
 .text._sub_I_00099_1
                0x00000048       0x24 zephyr/libzephyr.a(printk.c.obj)
 .text._sub_I_00099_1
                0x0000006c       0x24 zephyr/libzephyr.a(thread_entry.c.obj)
 .text._sub_I_00099_1
                0x00000090       0x24 zephyr/libzephyr.a(cbprintf_complete.c.obj)
 .text._sub_I_00099_1
                0x000000b4       0x24 zephyr/libzephyr.a(assert.c.obj)
 .text._sub_I_00099_1
                0x000000d8       0x24 zephyr/libzephyr.a(mpsc_pbuf.c.obj)
 .text._sub_I_00099_1
                0x000000fc       0x24 zephyr/libzephyr.a(log_core.c.obj)
 .text._sub_I_00099_1
                0x00000120       0x24 zephyr/libzephyr.a(log_mgmt.c.obj)
 .text._sub_I_00099_1
                0x00000144       0x24 zephyr/libzephyr.a(log_msg.c.obj)
 .text._sub_I_00099_1
                0x00000168       0x24 zephyr/libzephyr.a(log_output.c.obj)
 .text._sub_I_00099_1
                0x0000018c       0x24 zephyr/libzephyr.a(log_backend_uart.c.obj)
 .text._sub_I_00099_1
                0x000001b0       0x24 zephyr/libzephyr.a(stats.c.obj)
 .text._sub_I_00099_1
                0x000001d4       0x24 zephyr/libzephyr.a(flash_map_default.c.obj)
 .text._sub_I_00099_1
                0x000001f8       0x24 zephyr/libzephyr.a(kernel_shell.c.obj)
 .text._sub_I_00099_1
                0x0000021c       0x24 zephyr/libzephyr.a(cycles.c.obj)
 .text._sub_I_00099_1
                0x00000240       0x24 zephyr/libzephyr.a(sleep.c.obj)
 .text._sub_I_00099_1
                0x00000264       0x24 zephyr/libzephyr.a(uptime.c.obj)
 .text._sub_I_00099_1
                0x00000288       0x24 zephyr/libzephyr.a(version.c.obj)
 .text._sub_I_00099_1
                0x000002ac       0x24 zephyr/libzephyr.a(log-level.c.obj)
 .text._sub_I_00099_1
                0x000002d0       0x24 zephyr/libzephyr.a(thread.c.obj)
 .text._sub_I_00099_1
                0x000002f4       0x24 zephyr/libzephyr.a(list.c.obj)
 .text._sub_I_00099_1
                0x00000318       0x24 zephyr/libzephyr.a(stacks.c.obj)
 .text._sub_I_00099_1
                0x0000033c       0x24 zephyr/libzephyr.a(suspend.c.obj)
 .text._sub_I_00099_1
                0x00000360       0x24 zephyr/libzephyr.a(resume.c.obj)
 .text._sub_I_00099_1
                0x00000384       0x24 zephyr/libzephyr.a(kill.c.obj)
 .text._sub_I_00099_1
                0x000003a8       0x24 zephyr/libzephyr.a(device_service.c.obj)
 .text._sub_I_00099_1
                0x000003cc       0x24 zephyr/libzephyr.a(devmem_service.c.obj)
 .text._sub_I_00099_1
                0x000003f0       0x24 zephyr/libzephyr.a(shell_uart.c.obj)
 .text._sub_I_00099_1
                0x00000414       0x24 zephyr/libzephyr.a(shell.c.obj)
 .text._sub_I_00099_1
                0x00000438       0x24 zephyr/libzephyr.a(shell_utils.c.obj)
 .text._sub_I_00099_1
                0x0000045c       0x24 zephyr/libzephyr.a(shell_ops.c.obj)
 .text._sub_I_00099_1
                0x00000480       0x24 zephyr/libzephyr.a(shell_log_backend.c.obj)
 .text._sub_I_00099_1
                0x000004a4       0x24 zephyr/libzephyr.a(shell_help.c.obj)
 .text._sub_I_00099_1
                0x000004c8       0x24 zephyr/libzephyr.a(shell_cmds.c.obj)
 .text._sub_I_00099_1
                0x000004ec       0x24 zephyr/libzephyr.a(shell_wildcard.c.obj)
 .text._sub_I_00099_1
                0x00000510       0x24 zephyr/libzephyr.a(flash_util.c.obj)
 .text._sub_I_00099_1
                0x00000534       0x24 zephyr/libzephyr.a(banner.c.obj)
 .text._sub_I_00099_1
                0x00000558       0x24 zephyr/arch/arch/posix/core/libarch__posix__core.a(fatal.c.obj)
 .text._sub_I_00099_1
                0x0000057c       0x24 zephyr/arch/arch/posix/core/libarch__posix__core.a(thread.c.obj)
 .text._sub_I_00099_1
                0x000005a0       0x24 zephyr/arch/arch/posix/core/libarch__posix__core.a(posix_core_nsi.c.obj)
 .text._sub_I_00099_1
                0x000005c4       0x24 zephyr/soc/soc/native/libsoc__native__inf_clock.a(soc.c.obj)
 .text._sub_I_00099_1
                0x000005e8       0x24 zephyr/soc/soc/native/libsoc__native__inf_clock.a(native_tasks.c.obj)
 .text._sub_I_00099_1
                0x0000060c       0x24 zephyr/boards/native/nrf_bsim/libboards__native__nrf_bsim.a(irq_handler.c.obj)
 .text._sub_I_00099_1
                0x00000630       0x24 zephyr/boards/native/nrf_bsim/libboards__native__nrf_bsim.a(argparse.c.obj)
 .text._sub_I_00099_1
                0x00000654       0x24 zephyr/boards/native/nrf_bsim/libboards__native__nrf_bsim.a(nsi_if.c.obj)
 .text._sub_I_00099_1
                0x00000678       0x24 zephyr/boards/native/nrf_bsim/libboards__native__nrf_bsim.a(bstests_entry.c.obj)
 .text._sub_I_00099_1
                0x0000069c       0x24 zephyr/boards/native/nrf_bsim/libboards__native__nrf_bsim.a(cmsis.c.obj)
 .text._sub_I_00099_1
                0x000006c0       0x24 zephyr/boards/native/nrf_bsim/libboards__native__nrf_bsim.a(trace_hook.c.obj)
 .text._sub_I_00099_1
                0x000006e4       0x24 zephyr/drivers/clock_control/libdrivers__clock_control.a(clock_control_nrf.c.obj)
 .text._sub_I_00099_1
                0x00000708       0x24 zephyr/drivers/console/libdrivers__console.a(posix_arch_console.c.obj)
 .text._sub_I_00099_1
                0x0000072c       0x24 zephyr/drivers/console/libdrivers__console.a(uart_console.c.obj)
 .text._sub_I_00099_1
                0x00000750       0x27 zephyr/drivers/flash/libdrivers__flash.a(flash_simulator.c.obj)
 .text._sub_I_00099_1
                0x00000777       0x24 zephyr/drivers/pinctrl/libdrivers__pinctrl.a(pinctrl_nrf.c.obj)
 .text._sub_I_00099_1
                0x0000079b       0x24 zephyr/drivers/serial/libdrivers__serial.a(uart_nrfx_uarte.c.obj)
 .text._sub_I_00099_1
                0x000007bf       0x24 zephyr/drivers/serial/libdrivers__serial.a(uart_native_pty.c.obj)
 .text._sub_I_00099_1
                0x000007e3       0x24 zephyr/drivers/timer/libdrivers__timer.a(nrf_grtc_timer.c.obj)
 .text._sub_I_00099_1
                0x00000807       0x24 modules/hal_nordic/modules/hal_nordic/nrfx/libmodules__hal_nordic__nrfx.a(system_nrf54l.c.obj)
 .text._sub_I_00099_1
                0x0000082b       0x24 modules/hal_nordic/modules/hal_nordic/nrfx/libmodules__hal_nordic__nrfx.a(nrfx_glue.c.obj)
 .text._sub_I_00099_1
                0x0000084f       0x24 modules/hal_nordic/modules/hal_nordic/nrfx/libmodules__hal_nordic__nrfx.a(nrfx_clock.c.obj)
 .text._sub_I_00099_1
                0x00000873       0x24 modules/hal_nordic/modules/hal_nordic/nrfx/libmodules__hal_nordic__nrfx.a(nrfx_grtc.c.obj)
 .text._sub_I_00099_1
                0x00000897       0x24 modules/nrf_hw_models/lib..__modules__bsim_hw_models__nrf_hw_models.a(nrfx_common.c.obj)
 .text._sub_I_00099_1
                0x000008bb       0x24 modules/nrf_hw_models/lib..__modules__bsim_hw_models__nrf_hw_models.a(nrf_54_aar.c.obj)
 .text._sub_I_00099_1
                0x000008df       0x24 modules/nrf_hw_models/lib..__modules__bsim_hw_models__nrf_hw_models.a(nrf_54_ccm.c.obj)
 .text._sub_I_00099_1
                0x00000903       0x24 modules/nrf_hw_models/lib..__modules__bsim_hw_models__nrf_hw_models.a(nrf_54_ecb.c.obj)
 .text._sub_I_00099_1
                0x00000927       0x24 modules/nrf_hw_models/lib..__modules__bsim_hw_models__nrf_hw_models.a(nrf_clock.c.obj)
 .text._sub_I_00099_1
                0x0000094b       0x24 modules/nrf_hw_models/lib..__modules__bsim_hw_models__nrf_hw_models.a(nrf_cracen.c.obj)
 .text._sub_I_00099_1
                0x0000096f       0x24 modules/nrf_hw_models/lib..__modules__bsim_hw_models__nrf_hw_models.a(nrf_gpiote.c.obj)
 .text._sub_I_00099_1
                0x00000993       0x24 modules/nrf_hw_models/lib..__modules__bsim_hw_models__nrf_hw_models.a(nrf_grtc.c.obj)
 .text._sub_I_00099_1
                0x000009b7       0x24 modules/nrf_hw_models/lib..__modules__bsim_hw_models__nrf_hw_models.a(nrf_hack.c.obj)
 .text._sub_I_00099_1
                0x000009db       0x24 modules/nrf_hw_models/lib..__modules__bsim_hw_models__nrf_hw_models.a(nrf_radio.c.obj)
 .text._sub_I_00099_1
                0x000009ff       0x24 modules/nrf_hw_models/lib..__modules__bsim_hw_models__nrf_hw_models.a(nrf_temp.c.obj)
 .text._sub_I_00099_1
                0x00000a23       0x24 modules/nrf_hw_models/lib..__modules__bsim_hw_models__nrf_hw_models.a(nrf_timer.c.obj)
 .text._sub_I_00099_1
                0x00000a47       0x24 modules/nrf_hw_models/lib..__modules__bsim_hw_models__nrf_hw_models.a(nrf_uarte.c.obj)
 .text._sub_I_00099_1
                0x00000a6b       0x24 modules/nrf_hw_models/lib..__modules__bsim_hw_models__nrf_hw_models.a(nrf_hal_originals.c.obj)
 .text._sub_I_00099_1
                0x00000a8f       0x24 modules/nrf_hw_models/lib..__modules__bsim_hw_models__nrf_hw_models.a(system.c.obj)
 .text._sub_I_00099_1
                0x00000ab3       0x24 zephyr/kernel/libkernel.a(fatal.c.obj)
 .text._sub_I_00099_1
                0x00000ad7       0x24 zephyr/kernel/libkernel.a(init.c.obj)
 .text._sub_I_00099_1
                0x00000afb       0x24 zephyr/kernel/libkernel.a(idle.c.obj)
 .text._sub_I_00099_1
                0x00000b1f       0x24 zephyr/kernel/libkernel.a(mutex.c.obj)
 .text._sub_I_00099_1
                0x00000b43       0x24 zephyr/kernel/libkernel.a(sem.c.obj)
 .text._sub_I_00099_1
                0x00000b67       0x24 zephyr/kernel/libkernel.a(thread.c.obj)
 .text._sub_I_00099_1
                0x00000b8b       0x24 zephyr/kernel/libkernel.a(sched.c.obj)
 .text._sub_I_00099_1
                0x00000baf       0x24 zephyr/kernel/libkernel.a(timeslicing.c.obj)
 .text._sub_I_00099_1
                0x00000bd3       0x24 zephyr/kernel/libkernel.a(thread_monitor.c.obj)
 .text._sub_I_00099_1
                0x00000bf7       0x24 zephyr/kernel/libkernel.a(timeout.c.obj)
 .text._sub_I_00099_1
                0x00000c1b       0x24 zephyr/kernel/libkernel.a(timer.c.obj)
 .text._sub_I_00099_1
                0x00000c3f       0x24 zephyr/kernel/libkernel.a(poll.c.obj)
 .text._sub_I_00099_1
                0x00000c63       0x24 zephyr/kernel/libkernel.a(system_work_q.c.obj)
 .text._sub_I_00099_1
                0x00000c87       0x24 zephyr/kernel/libkernel.a(work.c.obj)

.text.linker_is_in_rodata
                0x00000000        0xa
 .text.linker_is_in_rodata
                0x00000000        0xa zephyr/libzephyr.a(cbprintf_packaged.c.obj)

.text.ptr_in_rodata
                0x00000000       0x10
 .text.ptr_in_rodata
                0x00000000       0x10 zephyr/libzephyr.a(cbprintf_packaged.c.obj)

.text.cbprintf_via_va_list
                0x00000000       0xbb
 .text.cbprintf_via_va_list
                0x00000000       0xbb zephyr/libzephyr.a(cbprintf_packaged.c.obj)

.text.cbvprintf_package
                0x00000000     0x1836
 .text.cbvprintf_package
                0x00000000     0x1836 zephyr/libzephyr.a(cbprintf_packaged.c.obj)
                0x00000000                cbvprintf_package

.text.cbpprintf_external
                0x00000000      0x28e
 .text.cbpprintf_external
                0x00000000      0x28e zephyr/libzephyr.a(cbprintf_packaged.c.obj)
                0x00000000                cbpprintf_external

.text.cbvprintf
                0x00000000       0x63
 .text.cbvprintf
                0x00000000       0x21 zephyr/libzephyr.a(printk.c.obj)
 .text.cbvprintf
                0x00000021       0x21 zephyr/libzephyr.a(log_output.c.obj)
 .text.cbvprintf
                0x00000042       0x21 zephyr/libzephyr.a(shell_fprintf.c.obj)

.text.arch_printk_char_out
                0x00000000        0xa
 .text.arch_printk_char_out
                0x00000000        0xa zephyr/libzephyr.a(printk.c.obj)
                0x00000000                arch_printk_char_out

.text.__printk_hook_install
                0x00000000        0xe
 .text.__printk_hook_install
                0x00000000        0xe zephyr/libzephyr.a(printk.c.obj)
                0x00000000                __printk_hook_install

.text.vprintk   0x00000000       0xd3
 .text.vprintk  0x00000000       0xd3 zephyr/libzephyr.a(printk.c.obj)
                0x00000000                vprintk

.text.printk    0x00000000      0x109
 .text.printk   0x00000000      0x109 zephyr/libzephyr.a(printk.c.obj)
                0x00000000                printk

.text.str_out   0x00000000      0x338
 .text.str_out  0x00000000      0x338 zephyr/libzephyr.a(printk.c.obj)

.text.snprintk  0x00000000      0x130
 .text.snprintk
                0x00000000      0x130 zephyr/libzephyr.a(printk.c.obj)
                0x00000000                snprintk

.text.vsnprintk
                0x00000000      0x2b3
 .text.vsnprintk
                0x00000000      0x2b3 zephyr/libzephyr.a(printk.c.obj)
                0x00000000                vsnprintk

.text.k_current_get
                0x00000000       0x5b
 .text.k_current_get
                0x00000000        0xd zephyr/libzephyr.a(thread_entry.c.obj)
 .text.k_current_get
                0x0000000d        0xd zephyr/libzephyr.a(log_core.c.obj)
 .text.k_current_get
                0x0000001a        0xd zephyr/libzephyr.a(list.c.obj)
 .text.k_current_get
                0x00000027        0xd zephyr/libzephyr.a(suspend.c.obj)
 .text.k_current_get
                0x00000034        0xd zephyr/libzephyr.a(resume.c.obj)
 .text.k_current_get
                0x00000041        0xd zephyr/libzephyr.a(kill.c.obj)
 .text.k_current_get
                0x0000004e        0xd zephyr/libzephyr.a(shell.c.obj)

.text.k_sched_current_thread_query
                0x00000000       0x5b
 .text.k_sched_current_thread_query
                0x00000000        0xd zephyr/libzephyr.a(thread_entry.c.obj)
 .text.k_sched_current_thread_query
                0x0000000d        0xd zephyr/libzephyr.a(log_core.c.obj)
 .text.k_sched_current_thread_query
                0x0000001a        0xd zephyr/libzephyr.a(list.c.obj)
 .text.k_sched_current_thread_query
                0x00000027        0xd zephyr/libzephyr.a(suspend.c.obj)
 .text.k_sched_current_thread_query
                0x00000034        0xd zephyr/libzephyr.a(resume.c.obj)
 .text.k_sched_current_thread_query
                0x00000041        0xd zephyr/libzephyr.a(kill.c.obj)
 .text.k_sched_current_thread_query
                0x0000004e        0xd zephyr/libzephyr.a(shell.c.obj)

.text.k_thread_abort
                0x00000000       0x5c
 .text.k_thread_abort
                0x00000000       0x17 zephyr/libzephyr.a(thread_entry.c.obj)
 .text.k_thread_abort
                0x00000017       0x17 zephyr/libzephyr.a(kill.c.obj)
 .text.k_thread_abort
                0x0000002e       0x17 zephyr/libzephyr.a(shell.c.obj)
 .text.k_thread_abort
                0x00000045       0x17 zephyr/kernel/libkernel.a(fatal.c.obj)

.text.z_thread_entry
                0x00000000       0x42
 .text.z_thread_entry
                0x00000000       0x42 zephyr/libzephyr.a(thread_entry.c.obj)
                0x00000000                z_thread_entry

.text.extract_decimal
                0x00000000      0x1c0
 .text.extract_decimal
                0x00000000      0x1c0 zephyr/libzephyr.a(cbprintf_complete.c.obj)

.text.extract_flags
                0x00000000      0x368
 .text.extract_flags
                0x00000000      0x368 zephyr/libzephyr.a(cbprintf_complete.c.obj)

.text.extract_width
                0x00000000      0x3b1
 .text.extract_width
                0x00000000      0x3b1 zephyr/libzephyr.a(cbprintf_complete.c.obj)

.text.extract_prec
                0x00000000      0x48b
 .text.extract_prec
                0x00000000      0x48b zephyr/libzephyr.a(cbprintf_complete.c.obj)

.text.extract_length
                0x00000000      0x527
 .text.extract_length
                0x00000000      0x527 zephyr/libzephyr.a(cbprintf_complete.c.obj)

.text.extract_specifier
                0x00000000      0x637
 .text.extract_specifier
                0x00000000      0x637 zephyr/libzephyr.a(cbprintf_complete.c.obj)

.text.extract_conversion
                0x00000000      0x17f
 .text.extract_conversion
                0x00000000      0x17f zephyr/libzephyr.a(cbprintf_complete.c.obj)

.text.conversion_radix
                0x00000000       0x43
 .text.conversion_radix
                0x00000000       0x43 zephyr/libzephyr.a(cbprintf_complete.c.obj)

.text.encode_uint
                0x00000000      0x2f5
 .text.encode_uint
                0x00000000      0x2f5 zephyr/libzephyr.a(cbprintf_complete.c.obj)

.text.store_count
                0x00000000      0x325
 .text.store_count
                0x00000000      0x325 zephyr/libzephyr.a(cbprintf_complete.c.obj)

.text.outs      0x00000000       0xcc
 .text.outs     0x00000000       0xcc zephyr/libzephyr.a(cbprintf_complete.c.obj)

.text.z_cbvprintf_impl
                0x00000000     0x2bf4
 .text.z_cbvprintf_impl
                0x00000000     0x2bf4 zephyr/libzephyr.a(cbprintf_complete.c.obj)
                0x00000000                z_cbvprintf_impl

.text.assert_print
                0x00000000      0x109
 .text.assert_print
                0x00000000      0x109 zephyr/libzephyr.a(assert.c.obj)
                0x00000000                assert_print

.text.is_power_of_two
                0x00000000       0x27
 .text.is_power_of_two
                0x00000000       0x27 zephyr/libzephyr.a(mpsc_pbuf.c.obj)

.text.k_sem_init
                0x00000000       0x1c
 .text.k_sem_init
                0x00000000       0x1c zephyr/libzephyr.a(mpsc_pbuf.c.obj)

.text.k_sem_take
                0x00000000       0x54
 .text.k_sem_take
                0x00000000       0x1c zephyr/libzephyr.a(mpsc_pbuf.c.obj)
 .text.k_sem_take
                0x0000001c       0x1c zephyr/libzephyr.a(log_core.c.obj)
 .text.k_sem_take
                0x00000038       0x1c zephyr/drivers/clock_control/libdrivers__clock_control.a(clock_control_nrf.c.obj)

.text.k_sem_give
                0x00000000       0x5c
 .text.k_sem_give
                0x00000000       0x17 zephyr/libzephyr.a(mpsc_pbuf.c.obj)
 .text.k_sem_give
                0x00000017       0x17 zephyr/libzephyr.a(log_core.c.obj)
 .text.k_sem_give
                0x0000002e       0x17 zephyr/drivers/clock_control/libdrivers__clock_control.a(clock_control_nrf.c.obj)
 .text.k_sem_give
                0x00000045       0x17 zephyr/kernel/libkernel.a(work.c.obj)

.text.mpsc_pbuf_init
                0x00000000      0x34b
 .text.mpsc_pbuf_init
                0x00000000      0x34b zephyr/libzephyr.a(mpsc_pbuf.c.obj)
                0x00000000                mpsc_pbuf_init

.text.free_space
                0x00000000      0x229
 .text.free_space
                0x00000000      0x229 zephyr/libzephyr.a(mpsc_pbuf.c.obj)

.text.available
                0x00000000      0x262
 .text.available
                0x00000000      0x262 zephyr/libzephyr.a(mpsc_pbuf.c.obj)

.text.get_usage
                0x00000000      0x1e5
 .text.get_usage
                0x00000000      0x1e5 zephyr/libzephyr.a(mpsc_pbuf.c.obj)

.text.max_utilization_update
                0x00000000      0x138
 .text.max_utilization_update
                0x00000000      0x138 zephyr/libzephyr.a(mpsc_pbuf.c.obj)

.text.is_valid  0x00000000       0x4a
 .text.is_valid
                0x00000000       0x4a zephyr/libzephyr.a(mpsc_pbuf.c.obj)

.text.is_invalid
                0x00000000       0x67
 .text.is_invalid
                0x00000000       0x67 zephyr/libzephyr.a(mpsc_pbuf.c.obj)

.text.idx_inc   0x00000000       0xf5
 .text.idx_inc  0x00000000       0xf5 zephyr/libzephyr.a(mpsc_pbuf.c.obj)

.text.get_skip  0x00000000       0x9c
 .text.get_skip
                0x00000000       0x9c zephyr/libzephyr.a(mpsc_pbuf.c.obj)

.text.rd_idx_inc
                0x00000000       0xe8
 .text.rd_idx_inc
                0x00000000       0xe8 zephyr/libzephyr.a(mpsc_pbuf.c.obj)

.text.add_skip_item
                0x00000000      0x359
 .text.add_skip_item
                0x00000000      0x359 zephyr/libzephyr.a(mpsc_pbuf.c.obj)

.text.drop_item_locked
                0x00000000      0x917
 .text.drop_item_locked
                0x00000000      0x917 zephyr/libzephyr.a(mpsc_pbuf.c.obj)

.text.post_drop_action
                0x00000000      0x29e
 .text.post_drop_action
                0x00000000      0x29e zephyr/libzephyr.a(mpsc_pbuf.c.obj)

.text.mpsc_pbuf_alloc
                0x00000000      0xaf2
 .text.mpsc_pbuf_alloc
                0x00000000      0xaf2 zephyr/libzephyr.a(mpsc_pbuf.c.obj)
                0x00000000                mpsc_pbuf_alloc

.text.mpsc_pbuf_commit
                0x00000000      0x377
 .text.mpsc_pbuf_commit
                0x00000000      0x377 zephyr/libzephyr.a(mpsc_pbuf.c.obj)
                0x00000000                mpsc_pbuf_commit

.text.mpsc_pbuf_claim
                0x00000000      0x608
 .text.mpsc_pbuf_claim
                0x00000000      0x608 zephyr/libzephyr.a(mpsc_pbuf.c.obj)
                0x00000000                mpsc_pbuf_claim

.text.mpsc_pbuf_free
                0x00000000      0x5a2
 .text.mpsc_pbuf_free
                0x00000000      0x5a2 zephyr/libzephyr.a(mpsc_pbuf.c.obj)
                0x00000000                mpsc_pbuf_free

.text.mpsc_pbuf_is_pending
                0x00000000      0x222
 .text.mpsc_pbuf_is_pending
                0x00000000      0x222 zephyr/libzephyr.a(mpsc_pbuf.c.obj)
                0x00000000                mpsc_pbuf_is_pending

.text.sys_slist_init
                0x00000000      0x11a
 .text.sys_slist_init
                0x00000000       0x8d zephyr/libzephyr.a(onoff.c.obj)
 .text.sys_slist_init
                0x0000008d       0x8d zephyr/kernel/libkernel.a(work.c.obj)

.text.z_snode_next_peek
                0x00000000       0xd2
 .text.z_snode_next_peek
                0x00000000       0x46 zephyr/libzephyr.a(onoff.c.obj)
 .text.z_snode_next_peek
                0x00000046       0x46 zephyr/libzephyr.a(log_cache.c.obj)
 .text.z_snode_next_peek
                0x0000008c       0x46 zephyr/kernel/libkernel.a(work.c.obj)

.text.z_snode_next_set
                0x00000000       0xde
 .text.z_snode_next_set
                0x00000000       0x4a zephyr/libzephyr.a(onoff.c.obj)
 .text.z_snode_next_set
                0x0000004a       0x4a zephyr/libzephyr.a(log_cache.c.obj)
 .text.z_snode_next_set
                0x00000094       0x4a zephyr/kernel/libkernel.a(work.c.obj)

.text.z_slist_head_set
                0x00000000       0xde
 .text.z_slist_head_set
                0x00000000       0x4a zephyr/libzephyr.a(onoff.c.obj)
 .text.z_slist_head_set
                0x0000004a       0x4a zephyr/libzephyr.a(log_cache.c.obj)
 .text.z_slist_head_set
                0x00000094       0x4a zephyr/kernel/libkernel.a(work.c.obj)

.text.z_slist_tail_set
                0x00000000       0xea
 .text.z_slist_tail_set
                0x00000000       0x4e zephyr/libzephyr.a(onoff.c.obj)
 .text.z_slist_tail_set
                0x0000004e       0x4e zephyr/libzephyr.a(log_cache.c.obj)
 .text.z_slist_tail_set
                0x0000009c       0x4e zephyr/kernel/libkernel.a(work.c.obj)

.text.sys_slist_peek_head
                0x00000000       0xd2
 .text.sys_slist_peek_head
                0x00000000       0x46 zephyr/libzephyr.a(onoff.c.obj)
 .text.sys_slist_peek_head
                0x00000046       0x46 zephyr/libzephyr.a(log_cache.c.obj)
 .text.sys_slist_peek_head
                0x0000008c       0x46 zephyr/kernel/libkernel.a(work.c.obj)

.text.sys_slist_peek_tail
                0x00000000       0xde
 .text.sys_slist_peek_tail
                0x00000000       0x4a zephyr/libzephyr.a(onoff.c.obj)
 .text.sys_slist_peek_tail
                0x0000004a       0x4a zephyr/libzephyr.a(log_cache.c.obj)
 .text.sys_slist_peek_tail
                0x00000094       0x4a zephyr/kernel/libkernel.a(work.c.obj)

.text.sys_slist_is_empty
                0x00000000       0x51
 .text.sys_slist_is_empty
                0x00000000       0x1b zephyr/libzephyr.a(onoff.c.obj)
 .text.sys_slist_is_empty
                0x0000001b       0x1b zephyr/libzephyr.a(log_cache.c.obj)
 .text.sys_slist_is_empty
                0x00000036       0x1b zephyr/kernel/libkernel.a(work.c.obj)

.text.sys_slist_peek_next_no_check
                0x00000000       0x42
 .text.sys_slist_peek_next_no_check
                0x00000000       0x16 zephyr/libzephyr.a(onoff.c.obj)
 .text.sys_slist_peek_next_no_check
                0x00000016       0x16 zephyr/libzephyr.a(log_cache.c.obj)
 .text.sys_slist_peek_next_no_check
                0x0000002c       0x16 zephyr/kernel/libkernel.a(work.c.obj)

.text.sys_slist_peek_next
                0x00000000       0x69
 .text.sys_slist_peek_next
                0x00000000       0x23 zephyr/libzephyr.a(onoff.c.obj)
 .text.sys_slist_peek_next
                0x00000023       0x23 zephyr/libzephyr.a(log_cache.c.obj)
 .text.sys_slist_peek_next
                0x00000046       0x23 zephyr/kernel/libkernel.a(work.c.obj)

.text.sys_slist_append
                0x00000000       0xf8
 .text.sys_slist_append
                0x00000000       0x7c zephyr/libzephyr.a(onoff.c.obj)
 .text.sys_slist_append
                0x0000007c       0x7c zephyr/kernel/libkernel.a(work.c.obj)

.text.sys_slist_get_not_empty
                0x00000000      0x13b
 .text.sys_slist_get_not_empty
                0x00000000       0x69 zephyr/libzephyr.a(onoff.c.obj)
 .text.sys_slist_get_not_empty
                0x00000069       0x69 zephyr/libzephyr.a(log_cache.c.obj)
 .text.sys_slist_get_not_empty
                0x000000d2       0x69 zephyr/kernel/libkernel.a(work.c.obj)

.text.set_state
                0x00000000       0x64
 .text.set_state
                0x00000000       0x64 zephyr/libzephyr.a(onoff.c.obj)

.text.validate_args
                0x00000000       0x87
 .text.validate_args
                0x00000000       0x87 zephyr/libzephyr.a(onoff.c.obj)

.text.onoff_manager_init
                0x00000000      0x160
 .text.onoff_manager_init
                0x00000000      0x160 zephyr/libzephyr.a(onoff.c.obj)
                0x00000000                onoff_manager_init

.text.notify_monitors
                0x00000000      0x117
 .text.notify_monitors
                0x00000000      0x117 zephyr/libzephyr.a(onoff.c.obj)

.text.notify_one
                0x00000000       0x3b
 .text.notify_one
                0x00000000       0x3b zephyr/libzephyr.a(onoff.c.obj)

.text.notify_all
                0x00000000       0x4c
 .text.notify_all
                0x00000000       0x4c zephyr/libzephyr.a(onoff.c.obj)

.text.transition_complete
                0x00000000      0x1ce
 .text.transition_complete
                0x00000000      0x1ce zephyr/libzephyr.a(onoff.c.obj)

.text.process_recheck
                0x00000000       0xf9
 .text.process_recheck
                0x00000000       0xf9 zephyr/libzephyr.a(onoff.c.obj)

.text.process_complete
                0x00000000      0x409
 .text.process_complete
                0x00000000      0x409 zephyr/libzephyr.a(onoff.c.obj)

.text.process_event
                0x00000000      0x8f3
 .text.process_event
                0x00000000      0x8f3 zephyr/libzephyr.a(onoff.c.obj)

.text.onoff_request
                0x00000000      0x46d
 .text.onoff_request
                0x00000000      0x46d zephyr/libzephyr.a(onoff.c.obj)
                0x00000000                onoff_request

.text.k_poll_signal_raise
                0x00000000       0x4b
 .text.k_poll_signal_raise
                0x00000000       0x19 zephyr/libzephyr.a(notify.c.obj)
 .text.k_poll_signal_raise
                0x00000019       0x19 zephyr/libzephyr.a(shell.c.obj)
 .text.k_poll_signal_raise
                0x00000032       0x19 zephyr/libzephyr.a(shell_log_backend.c.obj)

.text.sys_notify_get_method
                0x00000000       0x53
 .text.sys_notify_get_method
                0x00000000       0x53 zephyr/libzephyr.a(notify.c.obj)

.text.sys_notify_validate
                0x00000000      0x13b
 .text.sys_notify_validate
                0x00000000      0x13b zephyr/libzephyr.a(notify.c.obj)
                0x00000000                sys_notify_validate

.text.sys_notify_finalize
                0x00000000      0x169
 .text.sys_notify_finalize
                0x00000000      0x169 zephyr/libzephyr.a(notify.c.obj)
                0x00000000                sys_notify_finalize

.text.ring_buf_space_get
                0x00000000      0x28e
 .text.ring_buf_space_get
                0x00000000       0xda zephyr/libzephyr.a(ring_buffer.c.obj)
 .text.ring_buf_space_get
                0x000000da       0xda zephyr/libzephyr.a(shell_uart.c.obj)
 .text.ring_buf_space_get
                0x000001b4       0xda zephyr/libzephyr.a(shell_history.c.obj)

.text.ring_buf_size_get
                0x00000000      0x130
 .text.ring_buf_size_get
                0x00000000       0x98 zephyr/libzephyr.a(ring_buffer.c.obj)
 .text.ring_buf_size_get
                0x00000098       0x98 zephyr/libzephyr.a(shell_uart.c.obj)

.text.ring_buf_put_claim
                0x00000000       0xae
 .text.ring_buf_put_claim
                0x00000000       0x3a zephyr/libzephyr.a(ring_buffer.c.obj)
 .text.ring_buf_put_claim
                0x0000003a       0x3a zephyr/libzephyr.a(shell_uart.c.obj)
 .text.ring_buf_put_claim
                0x00000074       0x3a zephyr/libzephyr.a(shell_history.c.obj)

.text.ring_buf_put_finish
                0x00000000       0x60
 .text.ring_buf_put_finish
                0x00000000       0x20 zephyr/libzephyr.a(ring_buffer.c.obj)
 .text.ring_buf_put_finish
                0x00000020       0x20 zephyr/libzephyr.a(shell_uart.c.obj)
 .text.ring_buf_put_finish
                0x00000040       0x20 zephyr/libzephyr.a(shell_history.c.obj)

.text.ring_buf_get_claim
                0x00000000       0x74
 .text.ring_buf_get_claim
                0x00000000       0x3a zephyr/libzephyr.a(ring_buffer.c.obj)
 .text.ring_buf_get_claim
                0x0000003a       0x3a zephyr/libzephyr.a(shell_uart.c.obj)

.text.ring_buf_get_finish
                0x00000000       0x40
 .text.ring_buf_get_finish
                0x00000000       0x20 zephyr/libzephyr.a(ring_buffer.c.obj)
 .text.ring_buf_get_finish
                0x00000020       0x20 zephyr/libzephyr.a(shell_uart.c.obj)

.text.ring_buf_area_claim
                0x00000000      0x205
 .text.ring_buf_area_claim
                0x00000000      0x205 zephyr/libzephyr.a(ring_buffer.c.obj)
                0x00000000                ring_buf_area_claim

.text.ring_buf_area_finish
                0x00000000      0x1f5
 .text.ring_buf_area_finish
                0x00000000      0x1f5 zephyr/libzephyr.a(ring_buffer.c.obj)
                0x00000000                ring_buf_area_finish

.text.ring_buf_put
                0x00000000      0x191
 .text.ring_buf_put
                0x00000000      0x191 zephyr/libzephyr.a(ring_buffer.c.obj)
                0x00000000                ring_buf_put

.text.ring_buf_get
                0x00000000      0x19a
 .text.ring_buf_get
                0x00000000      0x19a zephyr/libzephyr.a(ring_buffer.c.obj)
                0x00000000                ring_buf_get

.text._ConfigAbsSyms
                0x00000000        0x6
 .text._ConfigAbsSyms
                0x00000000        0x6 zephyr/libzephyr.a(configs.c.obj)
                0x00000000                _ConfigAbsSyms

.text.atomic_add
                0x00000000       0xf3
 .text.atomic_add
                0x00000000       0x51 zephyr/libzephyr.a(log_core.c.obj)
 .text.atomic_add
                0x00000051       0x51 zephyr/libzephyr.a(log_output.c.obj)
 .text.atomic_add
                0x000000a2       0x51 zephyr/libzephyr.a(shell_log_backend.c.obj)

.text.atomic_sub
                0x00000000       0x53
 .text.atomic_sub
                0x00000000       0x53 zephyr/libzephyr.a(log_core.c.obj)

.text.atomic_inc
                0x00000000       0x30
 .text.atomic_inc
                0x00000000       0x18 zephyr/libzephyr.a(log_core.c.obj)
 .text.atomic_inc
                0x00000018       0x18 zephyr/libzephyr.a(log_output.c.obj)

.text.atomic_dec
                0x00000000       0x18
 .text.atomic_dec
                0x00000000       0x18 zephyr/libzephyr.a(log_core.c.obj)

.text.atomic_set
                0x00000000      0x13c
 .text.atomic_set
                0x00000000       0x4f zephyr/libzephyr.a(log_core.c.obj)
 .text.atomic_set
                0x0000004f       0x4f zephyr/libzephyr.a(shell_uart.c.obj)
 .text.atomic_set
                0x0000009e       0x4f zephyr/libzephyr.a(shell_log_backend.c.obj)
 .text.atomic_set
                0x000000ed       0x4f zephyr/drivers/clock_control/libdrivers__clock_control.a(clock_control_nrf.c.obj)

.text.arch_k_cycle_get_32
                0x00000000       0x1a
 .text.arch_k_cycle_get_32
                0x00000000        0xd zephyr/libzephyr.a(log_core.c.obj)
 .text.arch_k_cycle_get_32
                0x0000000d        0xd zephyr/libzephyr.a(cycles.c.obj)

.text.z_log_item_is_msg
                0x00000000       0xe4
 .text.z_log_item_is_msg
                0x00000000       0x4c zephyr/libzephyr.a(log_core.c.obj)
 .text.z_log_item_is_msg
                0x0000004c       0x4c zephyr/libzephyr.a(shell_uart.c.obj)
 .text.z_log_item_is_msg
                0x00000098       0x4c zephyr/libzephyr.a(shell_log_backend.c.obj)

.text.log_msg_get_total_wlen
                0x00000000      0x36c
 .text.log_msg_get_total_wlen
                0x00000000      0x124 zephyr/libzephyr.a(log_core.c.obj)
 .text.log_msg_get_total_wlen
                0x00000124      0x124 zephyr/libzephyr.a(shell_uart.c.obj)
 .text.log_msg_get_total_wlen
                0x00000248      0x124 zephyr/libzephyr.a(shell_log_backend.c.obj)

.text.log_msg_generic_get_wlen
                0x00000000      0x162
 .text.log_msg_generic_get_wlen
                0x00000000       0x76 zephyr/libzephyr.a(log_core.c.obj)
 .text.log_msg_generic_get_wlen
                0x00000076       0x76 zephyr/libzephyr.a(shell_uart.c.obj)
 .text.log_msg_generic_get_wlen
                0x000000ec       0x76 zephyr/libzephyr.a(shell_log_backend.c.obj)

.text.log_msg_get_domain
                0x00000000       0xe7
 .text.log_msg_get_domain
                0x00000000       0x4d zephyr/libzephyr.a(log_core.c.obj)
 .text.log_msg_get_domain
                0x0000004d       0x4d zephyr/libzephyr.a(log_msg.c.obj)
 .text.log_msg_get_domain
                0x0000009a       0x4d zephyr/libzephyr.a(log_output.c.obj)

.text.log_msg_get_level
                0x00000000       0x9c
 .text.log_msg_get_level
                0x00000000       0x4e zephyr/libzephyr.a(log_core.c.obj)
 .text.log_msg_get_level
                0x0000004e       0x4e zephyr/libzephyr.a(log_output.c.obj)

.text.k_msleep  0x00000000       0xc0
 .text.k_msleep
                0x00000000       0x40 zephyr/libzephyr.a(log_core.c.obj)
 .text.k_msleep
                0x00000040       0x40 zephyr/libzephyr.a(sleep.c.obj)
 .text.k_msleep
                0x00000080       0x40 zephyr/drivers/serial/libdrivers__serial.a(uart_nrfx_uarte.c.obj)

.text.k_uptime_get
                0x00000000       0x51
 .text.k_uptime_get
                0x00000000       0x1b zephyr/libzephyr.a(log_core.c.obj)
 .text.k_uptime_get
                0x0000001b       0x1b zephyr/libzephyr.a(uptime.c.obj)
 .text.k_uptime_get
                0x00000036       0x1b zephyr/drivers/clock_control/libdrivers__clock_control.a(clock_control_nrf.c.obj)

.text.k_cycle_get_32
                0x00000000       0x1a
 .text.k_cycle_get_32
                0x00000000        0xd zephyr/libzephyr.a(log_core.c.obj)
 .text.k_cycle_get_32
                0x0000000d        0xd zephyr/libzephyr.a(cycles.c.obj)

.text.k_thread_create
                0x00000000       0x9c
 .text.k_thread_create
                0x00000000       0x34 zephyr/libzephyr.a(log_core.c.obj)
 .text.k_thread_create
                0x00000034       0x34 zephyr/libzephyr.a(shell.c.obj)
 .text.k_thread_create
                0x00000068       0x34 zephyr/kernel/libkernel.a(work.c.obj)

.text.k_thread_name_set
                0x00000000       0x4b
 .text.k_thread_name_set
                0x00000000       0x19 zephyr/libzephyr.a(log_core.c.obj)
 .text.k_thread_name_set
                0x00000019       0x19 zephyr/libzephyr.a(shell.c.obj)
 .text.k_thread_name_set
                0x00000032       0x19 zephyr/kernel/libkernel.a(work.c.obj)

.text.k_timer_start
                0x00000000       0x46
 .text.k_timer_start
                0x00000000       0x23 zephyr/libzephyr.a(log_core.c.obj)
 .text.k_timer_start
                0x00000023       0x23 zephyr/libzephyr.a(shell_uart.c.obj)

.text.k_timer_stop
                0x00000000       0x2e
 .text.k_timer_stop
                0x00000000       0x17 zephyr/libzephyr.a(log_core.c.obj)
 .text.k_timer_stop
                0x00000017       0x17 zephyr/libzephyr.a(shell_uart.c.obj)

.text.k_uptime_ticks
                0x00000000       0x34
 .text.k_uptime_ticks
                0x00000000        0xd zephyr/libzephyr.a(log_core.c.obj)
 .text.k_uptime_ticks
                0x0000000d        0xd zephyr/libzephyr.a(uptime.c.obj)
 .text.k_uptime_ticks
                0x0000001a        0xd zephyr/drivers/clock_control/libdrivers__clock_control.a(clock_control_nrf.c.obj)
 .text.k_uptime_ticks
                0x00000027        0xd zephyr/kernel/libkernel.a(timer.c.obj)

.text.log_backend_init
                0x00000000      0x14e
 .text.log_backend_init
                0x00000000      0x14e zephyr/libzephyr.a(log_core.c.obj)

.text.log_backend_is_ready
                0x00000000       0xd5
 .text.log_backend_is_ready
                0x00000000       0xd5 zephyr/libzephyr.a(log_core.c.obj)

.text.log_backend_msg_process
                0x00000000       0x8d
 .text.log_backend_msg_process
                0x00000000       0x8d zephyr/libzephyr.a(log_core.c.obj)

.text.log_backend_dropped
                0x00000000       0xd2
 .text.log_backend_dropped
                0x00000000       0xd2 zephyr/libzephyr.a(log_core.c.obj)

.text.log_backend_panic
                0x00000000       0x8c
 .text.log_backend_panic
                0x00000000       0x8c zephyr/libzephyr.a(log_core.c.obj)

.text.log_backend_id_set
                0x00000000       0x91
 .text.log_backend_id_set
                0x00000000       0x91 zephyr/libzephyr.a(log_core.c.obj)

.text.log_backend_get
                0x00000000      0x20a
 .text.log_backend_get
                0x00000000      0x105 zephyr/libzephyr.a(log_core.c.obj)
 .text.log_backend_get
                0x00000105      0x105 zephyr/libzephyr.a(log_mgmt.c.obj)

.text.log_backend_is_active
                0x00000000      0x10e
 .text.log_backend_is_active
                0x00000000       0x87 zephyr/libzephyr.a(log_core.c.obj)
 .text.log_backend_is_active
                0x00000087       0x87 zephyr/libzephyr.a(log_mgmt.c.obj)

.text.log_backend_notify
                0x00000000       0xdd
 .text.log_backend_notify
                0x00000000       0xdd zephyr/libzephyr.a(log_core.c.obj)

.text.z_log_notify_drop
                0x00000000       0x16
 .text.z_log_notify_drop
                0x00000000       0x16 zephyr/libzephyr.a(log_core.c.obj)

.text.log_process
                0x00000000        0xd
 .text.log_process
                0x00000000        0xd zephyr/libzephyr.a(log_core.c.obj)

.text.log_format_func_t_get
                0x00000000       0x53
 .text.log_format_func_t_get
                0x00000000       0x53 zephyr/libzephyr.a(log_core.c.obj)
                0x00000000                log_format_func_t_get

.text.dummy_timestamp
                0x00000000        0xa
 .text.dummy_timestamp
                0x00000000        0xa zephyr/libzephyr.a(log_core.c.obj)

.text.z_log_msg_post_finalize
                0x00000000      0x255
 .text.z_log_msg_post_finalize
                0x00000000      0x255 zephyr/libzephyr.a(log_core.c.obj)

.text.z_log_vprintk
                0x00000000       0x22
 .text.z_log_vprintk
                0x00000000       0x22 zephyr/libzephyr.a(log_core.c.obj)
                0x00000000                z_log_vprintk

.text.default_get_timestamp
                0x00000000        0xd
 .text.default_get_timestamp
                0x00000000        0xd zephyr/libzephyr.a(log_core.c.obj)

.text.log_core_init
                0x00000000       0x9b
 .text.log_core_init
                0x00000000       0x9b zephyr/libzephyr.a(log_core.c.obj)
                0x00000000                log_core_init

.text.activate_foreach_backend
                0x00000000      0x146
 .text.activate_foreach_backend
                0x00000000      0x146 zephyr/libzephyr.a(log_core.c.obj)

.text.z_log_init
                0x00000000      0x1a4
 .text.z_log_init
                0x00000000      0x1a4 zephyr/libzephyr.a(log_core.c.obj)

.text.thread_set
                0x00000000       0x30
 .text.thread_set
                0x00000000       0x30 zephyr/libzephyr.a(log_core.c.obj)

.text.log_set_timestamp_func
                0x00000000       0x38
 .text.log_set_timestamp_func
                0x00000000       0x38 zephyr/libzephyr.a(log_core.c.obj)
                0x00000000                log_set_timestamp_func

.text.z_impl_log_panic
                0x00000000       0x75
 .text.z_impl_log_panic
                0x00000000       0x75 zephyr/libzephyr.a(log_core.c.obj)
                0x00000000                z_impl_log_panic

.text.msg_filter_check
                0x00000000       0x9a
 .text.msg_filter_check
                0x00000000       0x9a zephyr/libzephyr.a(log_core.c.obj)

.text.msg_process
                0x00000000       0x60
 .text.msg_process
                0x00000000       0x60 zephyr/libzephyr.a(log_core.c.obj)

.text.dropped_notify
                0x00000000       0x53
 .text.dropped_notify
                0x00000000       0x53 zephyr/libzephyr.a(log_core.c.obj)
                0x00000000                dropped_notify

.text.unordered_notify
                0x00000000       0xb9
 .text.unordered_notify
                0x00000000       0xb9 zephyr/libzephyr.a(log_core.c.obj)
                0x00000000                unordered_notify

.text.z_log_notify_backend_enabled
                0x00000000       0x2e
 .text.z_log_notify_backend_enabled
                0x00000000       0x2e zephyr/libzephyr.a(log_core.c.obj)
                0x00000000                z_log_notify_backend_enabled

.text.z_log_unordered_pending
                0x00000000        0xa
 .text.z_log_unordered_pending
                0x00000000        0xa zephyr/libzephyr.a(log_core.c.obj)

.text.z_impl_log_process
                0x00000000      0x1ce
 .text.z_impl_log_process
                0x00000000      0x1ce zephyr/libzephyr.a(log_core.c.obj)
                0x00000000                z_impl_log_process

.text.z_log_dropped
                0x00000000       0x55
 .text.z_log_dropped
                0x00000000       0x55 zephyr/libzephyr.a(log_core.c.obj)
                0x00000000                z_log_dropped

.text.z_log_dropped_read_and_clear
                0x00000000       0x1a
 .text.z_log_dropped_read_and_clear
                0x00000000       0x1a zephyr/libzephyr.a(log_core.c.obj)
                0x00000000                z_log_dropped_read_and_clear

.text.z_log_dropped_pending
                0x00000000        0xf
 .text.z_log_dropped_pending
                0x00000000        0xf zephyr/libzephyr.a(log_core.c.obj)
                0x00000000                z_log_dropped_pending

.text.z_log_msg_init
                0x00000000       0x28
 .text.z_log_msg_init
                0x00000000       0x28 zephyr/libzephyr.a(log_core.c.obj)
                0x00000000                z_log_msg_init

.text.msg_alloc
                0x00000000       0x23
 .text.msg_alloc
                0x00000000       0x23 zephyr/libzephyr.a(log_core.c.obj)

.text.z_log_msg_alloc
                0x00000000       0x1b
 .text.z_log_msg_alloc
                0x00000000       0x1b zephyr/libzephyr.a(log_core.c.obj)
                0x00000000                z_log_msg_alloc

.text.msg_commit
                0x00000000       0xed
 .text.msg_commit
                0x00000000       0xed zephyr/libzephyr.a(log_core.c.obj)

.text.z_log_msg_commit
                0x00000000       0x69
 .text.z_log_msg_commit
                0x00000000       0x69 zephyr/libzephyr.a(log_core.c.obj)
                0x00000000                z_log_msg_commit

.text.z_log_msg_local_claim
                0x00000000       0x18
 .text.z_log_msg_local_claim
                0x00000000       0x18 zephyr/libzephyr.a(log_core.c.obj)
                0x00000000                z_log_msg_local_claim

.text.z_log_msg_claim
                0x00000000      0x117
 .text.z_log_msg_claim
                0x00000000      0x117 zephyr/libzephyr.a(log_core.c.obj)
                0x00000000                z_log_msg_claim

.text.msg_free  0x00000000       0x1b
 .text.msg_free
                0x00000000       0x1b zephyr/libzephyr.a(log_core.c.obj)

.text.z_log_msg_free
                0x00000000       0x1d
 .text.z_log_msg_free
                0x00000000       0x1d zephyr/libzephyr.a(log_core.c.obj)
                0x00000000                z_log_msg_free

.text.msg_pending
                0x00000000       0x16
 .text.msg_pending
                0x00000000       0x16 zephyr/libzephyr.a(log_core.c.obj)

.text.z_log_msg_pending
                0x00000000      0x12c
 .text.z_log_msg_pending
                0x00000000      0x12c zephyr/libzephyr.a(log_core.c.obj)
                0x00000000                z_log_msg_pending

.text.z_log_get_tag
                0x00000000        0xa
 .text.z_log_get_tag
                0x00000000        0xa zephyr/libzephyr.a(log_core.c.obj)
                0x00000000                z_log_get_tag

.text.log_backend_notify_all
                0x00000000       0x44
 .text.log_backend_notify_all
                0x00000000       0x44 zephyr/libzephyr.a(log_core.c.obj)

.text.log_process_thread_timer_expiry_fn
                0x00000000       0x19
 .text.log_process_thread_timer_expiry_fn
                0x00000000       0x19 zephyr/libzephyr.a(log_core.c.obj)

.text.log_process_thread_func
                0x00000000      0x1a8
 .text.log_process_thread_func
                0x00000000      0x1a8 zephyr/libzephyr.a(log_core.c.obj)

.text.enable_logger
                0x00000000       0x6e
 .text.enable_logger
                0x00000000       0x6e zephyr/libzephyr.a(log_core.c.obj)

.text.log_const_source_id
                0x00000000       0x10
 .text.log_const_source_id
                0x00000000       0x10 zephyr/libzephyr.a(log_mgmt.c.obj)

.text.z_log_dynamic_filters_get
                0x00000000       0x10
 .text.z_log_dynamic_filters_get
                0x00000000       0x10 zephyr/libzephyr.a(log_mgmt.c.obj)

.text.z_log_sources_count
                0x00000000       0x12
 .text.z_log_sources_count
                0x00000000       0x12 zephyr/libzephyr.a(log_mgmt.c.obj)

.text.z_log_is_local_domain
                0x00000000       0x26
 .text.z_log_is_local_domain
                0x00000000       0x13 zephyr/libzephyr.a(log_mgmt.c.obj)
 .text.z_log_is_local_domain
                0x00000013       0x13 zephyr/libzephyr.a(log_msg.c.obj)

.text.log_backend_id_get
                0x00000000       0x87
 .text.log_backend_id_get
                0x00000000       0x87 zephyr/libzephyr.a(log_mgmt.c.obj)

.text.log_backend_activate
                0x00000000       0xcb
 .text.log_backend_activate
                0x00000000       0xcb zephyr/libzephyr.a(log_mgmt.c.obj)

.text.log_backend_deactivate
                0x00000000       0x88
 .text.log_backend_deactivate
                0x00000000       0x88 zephyr/libzephyr.a(log_mgmt.c.obj)

.text.log_filter_set
                0x00000000       0x4a
 .text.log_filter_set
                0x00000000       0x25 zephyr/libzephyr.a(log_mgmt.c.obj)
 .text.log_filter_set
                0x00000025       0x25 zephyr/libzephyr.a(log-level.c.obj)

.text.log_link_sources_count
                0x00000000       0x90
 .text.log_link_sources_count
                0x00000000       0x90 zephyr/libzephyr.a(log_mgmt.c.obj)

.text.log_link_get_source_name
                0x00000000       0xa0
 .text.log_link_get_source_name
                0x00000000       0xa0 zephyr/libzephyr.a(log_mgmt.c.obj)

.text.log_link_get_levels
                0x00000000       0xa0
 .text.log_link_get_levels
                0x00000000       0xa0 zephyr/libzephyr.a(log_mgmt.c.obj)

.text.log_link_set_runtime_level
                0x00000000       0xa2
 .text.log_link_set_runtime_level
                0x00000000       0xa2 zephyr/libzephyr.a(log_mgmt.c.obj)

.text.domain_id_cmp
                0x00000000        0xe
 .text.domain_id_cmp
                0x00000000        0xe zephyr/libzephyr.a(log_mgmt.c.obj)

.text.source_id_cmp
                0x00000000       0xf2
 .text.source_id_cmp
                0x00000000       0xf2 zephyr/libzephyr.a(log_mgmt.c.obj)

.text.get_link_domain
                0x00000000      0x1cf
 .text.get_link_domain
                0x00000000      0x1cf zephyr/libzephyr.a(log_mgmt.c.obj)

.text.get_source_offset
                0x00000000       0x4a
 .text.get_source_offset
                0x00000000       0x4a zephyr/libzephyr.a(log_mgmt.c.obj)

.text.z_log_link_get_dynamic_filter
                0x00000000      0x1c7
 .text.z_log_link_get_dynamic_filter
                0x00000000      0x1c7 zephyr/libzephyr.a(log_mgmt.c.obj)
                0x00000000                z_log_link_get_dynamic_filter

.text.link_source_count
                0x00000000      0x130
 .text.link_source_count
                0x00000000      0x130 zephyr/libzephyr.a(log_mgmt.c.obj)

.text.log_src_cnt_get
                0x00000000       0x37
 .text.log_src_cnt_get
                0x00000000       0x37 zephyr/libzephyr.a(log_mgmt.c.obj)
                0x00000000                log_src_cnt_get

.text.link_source_name_get
                0x00000000      0x2c9
 .text.link_source_name_get
                0x00000000      0x2c9 zephyr/libzephyr.a(log_mgmt.c.obj)

.text.log_source_name_get
                0x00000000       0x97
 .text.log_source_name_get
                0x00000000       0x97 zephyr/libzephyr.a(log_mgmt.c.obj)
                0x00000000                log_source_name_get

.text.link_compiled_level_get
                0x00000000      0x1af
 .text.link_compiled_level_get
                0x00000000      0x1af zephyr/libzephyr.a(log_mgmt.c.obj)

.text.log_compiled_level_get
                0x00000000       0x9c
 .text.log_compiled_level_get
                0x00000000       0x9c zephyr/libzephyr.a(log_mgmt.c.obj)
                0x00000000                log_compiled_level_get

.text.z_log_link_set_runtime_level
                0x00000000      0x166
 .text.z_log_link_set_runtime_level
                0x00000000      0x166 zephyr/libzephyr.a(log_mgmt.c.obj)
                0x00000000                z_log_link_set_runtime_level

.text.get_dynamic_filter
                0x00000000       0x3f
 .text.get_dynamic_filter
                0x00000000       0x3f zephyr/libzephyr.a(log_mgmt.c.obj)

.text.z_log_runtime_filters_init
                0x00000000       0x9f
 .text.z_log_runtime_filters_init
                0x00000000       0x9f zephyr/libzephyr.a(log_mgmt.c.obj)
                0x00000000                z_log_runtime_filters_init

.text.log_source_id_get
                0x00000000       0x62
 .text.log_source_id_get
                0x00000000       0x62 zephyr/libzephyr.a(log_mgmt.c.obj)
                0x00000000                log_source_id_get

.text.max_filter_get
                0x00000000      0x132
 .text.max_filter_get
                0x00000000      0x132 zephyr/libzephyr.a(log_mgmt.c.obj)

.text.set_runtime_filter
                0x00000000      0x153
 .text.set_runtime_filter
                0x00000000      0x153 zephyr/libzephyr.a(log_mgmt.c.obj)

.text.filter_get
                0x00000000       0xb6
 .text.filter_get
                0x00000000       0xb6 zephyr/libzephyr.a(log_mgmt.c.obj)

.text.filter_set
                0x00000000      0x295
 .text.filter_set
                0x00000000      0x295 zephyr/libzephyr.a(log_mgmt.c.obj)
                0x00000000                filter_set

.text.z_impl_log_filter_set
                0x00000000       0x46
 .text.z_impl_log_filter_set
                0x00000000       0x46 zephyr/libzephyr.a(log_mgmt.c.obj)
                0x00000000                z_impl_log_filter_set

.text.backend_filter_set
                0x00000000       0x4c
 .text.backend_filter_set
                0x00000000       0x4c zephyr/libzephyr.a(log_mgmt.c.obj)

.text.log_backend_enable
                0x00000000       0xb8
 .text.log_backend_enable
                0x00000000       0xb8 zephyr/libzephyr.a(log_mgmt.c.obj)
                0x00000000                log_backend_enable

.text.log_backend_disable
                0x00000000       0x39
 .text.log_backend_disable
                0x00000000       0x39 zephyr/libzephyr.a(log_mgmt.c.obj)
                0x00000000                log_backend_disable

.text.log_filter_get
                0x00000000       0x52
 .text.log_filter_get
                0x00000000       0x52 zephyr/libzephyr.a(log_mgmt.c.obj)
                0x00000000                log_filter_get

.text.sys_slist_prepend
                0x00000000       0x65
 .text.sys_slist_prepend
                0x00000000       0x65 zephyr/libzephyr.a(log_cache.c.obj)

.text.sys_slist_get
                0x00000000       0x5e
 .text.sys_slist_get
                0x00000000       0x2f zephyr/libzephyr.a(log_cache.c.obj)
 .text.sys_slist_get
                0x0000002f       0x2f zephyr/kernel/libkernel.a(work.c.obj)

.text.sys_slist_remove
                0x00000000      0x15c
 .text.sys_slist_remove
                0x00000000       0xae zephyr/libzephyr.a(log_cache.c.obj)
 .text.sys_slist_remove
                0x000000ae       0xae zephyr/kernel/libkernel.a(work.c.obj)

.text.log_cache_get
                0x00000000      0x2c0
 .text.log_cache_get
                0x00000000      0x2c0 zephyr/libzephyr.a(log_cache.c.obj)
                0x00000000                log_cache_get

.text.log_cache_put
                0x00000000       0x25
 .text.log_cache_put
                0x00000000       0x25 zephyr/libzephyr.a(log_cache.c.obj)
                0x00000000                log_cache_put

.text.log_msg_get_source
                0x00000000       0x4a
 .text.log_msg_get_source
                0x00000000       0x4a zephyr/libzephyr.a(log_msg.c.obj)

.text.log_dynamic_source_id
                0x00000000       0x10
 .text.log_dynamic_source_id
                0x00000000       0x10 zephyr/libzephyr.a(log_msg.c.obj)

.text.log_source_id
                0x00000000       0x10
 .text.log_source_id
                0x00000000       0x10 zephyr/libzephyr.a(log_msg.c.obj)

.text.z_log_msg_finalize
                0x00000000      0x245
 .text.z_log_msg_finalize
                0x00000000      0x245 zephyr/libzephyr.a(log_msg.c.obj)
                0x00000000                z_log_msg_finalize

.text.z_log_msg_runtime_vcreate
                0x00000000      0x3c5
 .text.z_log_msg_runtime_vcreate
                0x00000000      0x3c5 zephyr/libzephyr.a(log_msg.c.obj)
                0x00000000                z_log_msg_runtime_vcreate

.text.log_msg_get_source_id
                0x00000000       0x68
 .text.log_msg_get_source_id
                0x00000000       0x68 zephyr/libzephyr.a(log_msg.c.obj)
                0x00000000                log_msg_get_source_id

.text.cbpprintf
                0x00000000       0x1e
 .text.cbpprintf
                0x00000000       0x1e zephyr/libzephyr.a(log_output.c.obj)

.text.log_msg_get_timestamp
                0x00000000       0x4a
 .text.log_msg_get_timestamp
                0x00000000       0x4a zephyr/libzephyr.a(log_output.c.obj)

.text.log_msg_get_tid
                0x00000000        0xa
 .text.log_msg_get_tid
                0x00000000        0xa zephyr/libzephyr.a(log_output.c.obj)

.text.log_msg_get_data
                0x00000000       0xa2
 .text.log_msg_get_data
                0x00000000       0xa2 zephyr/libzephyr.a(log_output.c.obj)

.text.log_msg_get_package
                0x00000000       0x92
 .text.log_msg_get_package
                0x00000000       0x92 zephyr/libzephyr.a(log_output.c.obj)

.text.log_output_write
                0x00000000       0x6a
 .text.log_output_write
                0x00000000       0x35 zephyr/libzephyr.a(log_output.c.obj)
 .text.log_output_write
                0x00000035       0x35 zephyr/libzephyr.a(log_backend_uart.c.obj)

.text.log_output_flush
                0x00000000      0x3a2
 .text.log_output_flush
                0x00000000      0x1d1 zephyr/libzephyr.a(log_output.c.obj)
 .text.log_output_flush
                0x000001d1      0x1d1 zephyr/libzephyr.a(log_backend_uart.c.obj)

.text.out_func  0x00000000      0x525
 .text.out_func
                0x00000000      0x2a7 zephyr/libzephyr.a(log_output.c.obj)
 .text.out_func
                0x000002a7      0x27e zephyr/libzephyr.a(shell_fprintf.c.obj)

.text.cr_out_func
                0x00000000       0x34
 .text.cr_out_func
                0x00000000       0x34 zephyr/libzephyr.a(log_output.c.obj)

.text.print_formatted
                0x00000000      0x139
 .text.print_formatted
                0x00000000      0x139 zephyr/libzephyr.a(log_output.c.obj)

.text.timestamp_print
                0x00000000      0x138
 .text.timestamp_print
                0x00000000      0x138 zephyr/libzephyr.a(log_output.c.obj)

.text.color_print
                0x00000000       0x9a
 .text.color_print
                0x00000000       0x9a zephyr/libzephyr.a(log_output.c.obj)

.text.color_prefix
                0x00000000       0x24
 .text.color_prefix
                0x00000000       0x24 zephyr/libzephyr.a(log_output.c.obj)

.text.color_postfix
                0x00000000       0x24
 .text.color_postfix
                0x00000000       0x24 zephyr/libzephyr.a(log_output.c.obj)

.text.ids_print
                0x00000000       0xde
 .text.ids_print
                0x00000000       0xde zephyr/libzephyr.a(log_output.c.obj)

.text.newline_print
                0x00000000       0x47
 .text.newline_print
                0x00000000       0x47 zephyr/libzephyr.a(log_output.c.obj)

.text.hexdump_line_print
                0x00000000      0x261
 .text.hexdump_line_print
                0x00000000      0x261 zephyr/libzephyr.a(log_output.c.obj)

.text.log_msg_hexdump
                0x00000000       0x46
 .text.log_msg_hexdump
                0x00000000       0x46 zephyr/libzephyr.a(log_output.c.obj)

.text.prefix_print
                0x00000000      0x28f
 .text.prefix_print
                0x00000000      0x28f zephyr/libzephyr.a(log_output.c.obj)

.text.postfix_print
                0x00000000       0x3d
 .text.postfix_print
                0x00000000       0x3d zephyr/libzephyr.a(log_output.c.obj)

.text.log_output_process
                0x00000000       0xda
 .text.log_output_process
                0x00000000       0xda zephyr/libzephyr.a(log_output.c.obj)
                0x00000000                log_output_process

.text.log_output_msg_process
                0x00000000      0x28e
 .text.log_output_msg_process
                0x00000000      0x28e zephyr/libzephyr.a(log_output.c.obj)
                0x00000000                log_output_msg_process

.text.log_output_dropped_process
                0x00000000      0x318
 .text.log_output_dropped_process
                0x00000000      0x318 zephyr/libzephyr.a(log_output.c.obj)
                0x00000000                log_output_dropped_process

.text.log_output_timestamp_freq_set
                0x00000000       0x37
 .text.log_output_timestamp_freq_set
                0x00000000       0x37 zephyr/libzephyr.a(log_output.c.obj)
                0x00000000                log_output_timestamp_freq_set

.text.log_output_ctx_set
                0x00000000      0x110
 .text.log_output_ctx_set
                0x00000000       0x88 zephyr/libzephyr.a(log_backend_uart.c.obj)
 .text.log_output_ctx_set
                0x00000088       0x88 zephyr/libzephyr.a(shell_log_backend.c.obj)

.text.log_backend_std_get_flags
                0x00000000       0x1a
 .text.log_backend_std_get_flags
                0x00000000       0x1a zephyr/libzephyr.a(log_backend_uart.c.obj)

.text.log_backend_std_panic
                0x00000000       0x17
 .text.log_backend_std_panic
                0x00000000       0x17 zephyr/libzephyr.a(log_backend_uart.c.obj)

.text.log_backend_std_dropped
                0x00000000       0x1a
 .text.log_backend_std_dropped
                0x00000000       0x1a zephyr/libzephyr.a(log_backend_uart.c.obj)

.text.z_impl_uart_poll_out
                0x00000000      0x1e6
 .text.z_impl_uart_poll_out
                0x00000000       0xa2 zephyr/libzephyr.a(log_backend_uart.c.obj)
 .text.z_impl_uart_poll_out
                0x000000a2       0xa2 zephyr/libzephyr.a(shell_uart.c.obj)
 .text.z_impl_uart_poll_out
                0x00000144       0xa2 zephyr/drivers/console/libdrivers__console.a(uart_console.c.obj)

.text.uart_poll_out
                0x00000000       0x66
 .text.uart_poll_out
                0x00000000       0x22 zephyr/libzephyr.a(log_backend_uart.c.obj)
 .text.uart_poll_out
                0x00000022       0x22 zephyr/libzephyr.a(shell_uart.c.obj)
 .text.uart_poll_out
                0x00000044       0x22 zephyr/drivers/console/libdrivers__console.a(uart_console.c.obj)

.text.pm_device_runtime_get
                0x00000000       0x14
 .text.pm_device_runtime_get
                0x00000000        0xa zephyr/libzephyr.a(log_backend_uart.c.obj)
 .text.pm_device_runtime_get
                0x0000000a        0xa zephyr/drivers/console/libdrivers__console.a(uart_console.c.obj)

.text.pm_device_runtime_put_async
                0x00000000       0x14
 .text.pm_device_runtime_put_async
                0x00000000        0xa zephyr/libzephyr.a(log_backend_uart.c.obj)
 .text.pm_device_runtime_put_async
                0x0000000a        0xa zephyr/drivers/console/libdrivers__console.a(uart_console.c.obj)

.text.char_out  0x00000000       0xfd
 .text.char_out
                0x00000000       0xfd zephyr/libzephyr.a(log_backend_uart.c.obj)

.text.process   0x00000000      0x47c
 .text.process  0x00000000      0x16b zephyr/libzephyr.a(log_backend_uart.c.obj)
 .text.process  0x0000016b      0x311 zephyr/libzephyr.a(shell_log_backend.c.obj)

.text.format_set
                0x00000000      0x10c
 .text.format_set
                0x00000000      0x10c zephyr/libzephyr.a(log_backend_uart.c.obj)

.text.log_backend_uart_init
                0x00000000      0x116
 .text.log_backend_uart_init
                0x00000000      0x116 zephyr/libzephyr.a(log_backend_uart.c.obj)

.text.panic     0x00000000      0x547
 .text.panic    0x00000000      0x150 zephyr/libzephyr.a(log_backend_uart.c.obj)
 .text.panic    0x00000150      0x3f7 zephyr/libzephyr.a(shell_log_backend.c.obj)

.text.dropped   0x00000000      0x236
 .text.dropped  0x00000000       0xcf zephyr/libzephyr.a(log_backend_uart.c.obj)
 .text.dropped  0x000000cf      0x167 zephyr/libzephyr.a(shell_log_backend.c.obj)

.text.stats_init
                0x00000000      0x136
 .text.stats_init
                0x00000000      0x136 zephyr/libzephyr.a(stats.c.obj)
                0x00000000                stats_init

.text.stats_register
                0x00000000      0x15b
 .text.stats_register
                0x00000000      0x15b zephyr/libzephyr.a(stats.c.obj)
                0x00000000                stats_register

.text.stats_init_and_reg
                0x00000000       0x60
 .text.stats_init_and_reg
                0x00000000       0x60 zephyr/libzephyr.a(stats.c.obj)
                0x00000000                stats_init_and_reg

.text.stats_reset
                0x00000000       0xaa
 .text.stats_reset
                0x00000000       0xaa zephyr/libzephyr.a(stats.c.obj)
                0x00000000                stats_reset

.text.device_is_ready
                0x00000000       0x58
 .text.device_is_ready
                0x00000000       0x16 zephyr/libzephyr.a(flash_map.c.obj)
 .text.device_is_ready
                0x00000016       0x16 zephyr/libzephyr.a(device_service.c.obj)
 .text.device_is_ready
                0x0000002c       0x16 zephyr/libzephyr.a(shell_uart.c.obj)
 .text.device_is_ready
                0x00000042       0x16 zephyr/drivers/console/libdrivers__console.a(uart_console.c.obj)

.text.get_flash_area_from_id
                0x00000000       0xfd
 .text.get_flash_area_from_id
                0x00000000       0xfd zephyr/libzephyr.a(flash_map.c.obj)

.text.is_in_flash_area_bounds
                0x00000000       0x76
 .text.is_in_flash_area_bounds
                0x00000000       0x76 zephyr/libzephyr.a(flash_map.c.obj)

.text.z_impl_flash_read
                0x00000000       0x98
 .text.z_impl_flash_read
                0x00000000       0x98 zephyr/libzephyr.a(flash_map.c.obj)

.text.z_impl_flash_write
                0x00000000       0xa2
 .text.z_impl_flash_write
                0x00000000       0xa2 zephyr/libzephyr.a(flash_map.c.obj)

.text.flash_read
                0x00000000       0x1c
 .text.flash_read
                0x00000000       0x1c zephyr/libzephyr.a(flash_map.c.obj)

.text.flash_write
                0x00000000       0x1c
 .text.flash_write
                0x00000000       0x1c zephyr/libzephyr.a(flash_map.c.obj)

.text.flash_area_open
                0x00000000      0x119
 .text.flash_area_open
                0x00000000      0x119 zephyr/libzephyr.a(flash_map.c.obj)
                0x00000000                flash_area_open

.text.flash_area_read
                0x00000000       0xc5
 .text.flash_area_read
                0x00000000       0xc5 zephyr/libzephyr.a(flash_map.c.obj)
                0x00000000                flash_area_read

.text.flash_area_write
                0x00000000       0xc5
 .text.flash_area_write
                0x00000000       0xc5 zephyr/libzephyr.a(flash_map.c.obj)
                0x00000000                flash_area_write

.text.sys_trace_isr_enter
                0x00000000        0x6
 .text.sys_trace_isr_enter
                0x00000000        0x6 zephyr/libzephyr.a(tracing_none.c.obj)
                0x00000000                sys_trace_isr_enter

.text.sys_trace_isr_exit
                0x00000000        0x6
 .text.sys_trace_isr_exit
                0x00000000        0x6 zephyr/libzephyr.a(tracing_none.c.obj)
                0x00000000                sys_trace_isr_exit

.text.sys_trace_idle
                0x00000000        0x6
 .text.sys_trace_idle
                0x00000000        0x6 zephyr/libzephyr.a(tracing_none.c.obj)
                0x00000000                sys_trace_idle

.text.cmd_kernel_cycles
                0x00000000       0x26
 .text.cmd_kernel_cycles
                0x00000000       0x26 zephyr/libzephyr.a(cycles.c.obj)

.text.cmd_kernel_sleep
                0x00000000      0x23b
 .text.cmd_kernel_sleep
                0x00000000      0x23b zephyr/libzephyr.a(sleep.c.obj)

.text.cmd_kernel_uptime
                0x00000000      0x25e
 .text.cmd_kernel_uptime
                0x00000000      0x25e zephyr/libzephyr.a(uptime.c.obj)

.text.cmd_kernel_version
                0x00000000       0x25
 .text.cmd_kernel_version
                0x00000000       0x25 zephyr/libzephyr.a(version.c.obj)

.text.cmd_kernel_log_level_set
                0x00000000      0x328
 .text.cmd_kernel_log_level_set
                0x00000000      0x328 zephyr/libzephyr.a(log-level.c.obj)

.text.thread_valid_cb
                0x00000000       0x8e
 .text.thread_valid_cb
                0x00000000       0x8e zephyr/libzephyr.a(thread.c.obj)

.text.z_thread_is_valid
                0x00000000      0x18c
 .text.z_thread_is_valid
                0x00000000      0x18c zephyr/libzephyr.a(thread.c.obj)
                0x00000000                z_thread_is_valid

.text.k_thread_stack_space_get
                0x00000000       0x32
 .text.k_thread_stack_space_get
                0x00000000       0x19 zephyr/libzephyr.a(list.c.obj)
 .text.k_thread_stack_space_get
                0x00000019       0x19 zephyr/libzephyr.a(stacks.c.obj)

.text.shell_tdata_dump
                0x00000000      0x464
 .text.shell_tdata_dump
                0x00000000      0x464 zephyr/libzephyr.a(list.c.obj)

.text.cmd_kernel_thread_list
                0x00000000       0x4c
 .text.cmd_kernel_thread_list
                0x00000000       0x4c zephyr/libzephyr.a(list.c.obj)

.text.K_KERNEL_STACK_BUFFER
                0x00000000       0x18
 .text.K_KERNEL_STACK_BUFFER
                0x00000000        0x8 zephyr/libzephyr.a(stacks.c.obj)
 .text.K_KERNEL_STACK_BUFFER
                0x00000008        0x8 zephyr/kernel/libkernel.a(init.c.obj)
 .text.K_KERNEL_STACK_BUFFER
                0x00000010        0x8 zephyr/kernel/libkernel.a(thread.c.obj)

.text.shell_stack_dump
                0x00000000      0x22a
 .text.shell_stack_dump
                0x00000000      0x22a zephyr/libzephyr.a(stacks.c.obj)

.text.cmd_kernel_thread_stacks
                0x00000000      0x2fc
 .text.cmd_kernel_thread_stacks
                0x00000000      0x2fc zephyr/libzephyr.a(stacks.c.obj)

.text.k_thread_suspend
                0x00000000       0x17
 .text.k_thread_suspend
                0x00000000       0x17 zephyr/libzephyr.a(suspend.c.obj)

.text.cmd_kernel_thread_suspend
                0x00000000       0xdc
 .text.cmd_kernel_thread_suspend
                0x00000000       0xdc zephyr/libzephyr.a(suspend.c.obj)

.text.k_thread_resume
                0x00000000       0x17
 .text.k_thread_resume
                0x00000000       0x17 zephyr/libzephyr.a(resume.c.obj)

.text.cmd_kernel_thread_resume
                0x00000000       0xdc
 .text.cmd_kernel_thread_resume
                0x00000000       0xdc zephyr/libzephyr.a(resume.c.obj)

.text.cmd_kernel_thread_kill
                0x00000000       0xdc
 .text.cmd_kernel_thread_kill
                0x00000000       0xdc zephyr/libzephyr.a(kill.c.obj)

.text.device_get_dt_nodelabels
                0x00000000       0xcb
 .text.device_get_dt_nodelabels
                0x00000000       0xcb zephyr/libzephyr.a(device_service.c.obj)

.text.pm_device_runtime_usage
                0x00000000        0xa
 .text.pm_device_runtime_usage
                0x00000000        0xa zephyr/libzephyr.a(device_service.c.obj)

.text.get_device_name
                0x00000000       0xaa
 .text.get_device_name
                0x00000000       0xaa zephyr/libzephyr.a(device_service.c.obj)

.text.cmd_device_list
                0x00000000      0x441
 .text.cmd_device_list
                0x00000000      0x441 zephyr/libzephyr.a(device_service.c.obj)

.text.is_ascii  0x00000000       0x41
 .text.is_ascii
                0x00000000       0x41 zephyr/libzephyr.a(devmem_service.c.obj)

.text.memory_dump
                0x00000000      0x5b9
 .text.memory_dump
                0x00000000      0x5b9 zephyr/libzephyr.a(devmem_service.c.obj)

.text.cmd_dump  0x00000000      0x51a
 .text.cmd_dump
                0x00000000      0x51a zephyr/libzephyr.a(devmem_service.c.obj)

.text.set_bypass
                0x00000000       0x8b
 .text.set_bypass
                0x00000000       0x8b zephyr/libzephyr.a(devmem_service.c.obj)

.text.bypass_cb
                0x00000000      0x821
 .text.bypass_cb
                0x00000000      0x821 zephyr/libzephyr.a(devmem_service.c.obj)

.text.cmd_load  0x00000000      0x30d
 .text.cmd_load
                0x00000000      0x30d zephyr/libzephyr.a(devmem_service.c.obj)

.text.memory_read
                0x00000000      0x15c
 .text.memory_read
                0x00000000      0x15c zephyr/libzephyr.a(devmem_service.c.obj)

.text.memory_write
                0x00000000      0x164
 .text.memory_write
                0x00000000      0x164 zephyr/libzephyr.a(devmem_service.c.obj)

.text.cmd_devmem
                0x00000000      0x185
 .text.cmd_devmem
                0x00000000      0x185 zephyr/libzephyr.a(devmem_service.c.obj)

.text.ring_buf_internal_reset
                0x00000000      0x374
 .text.ring_buf_internal_reset
                0x00000000      0x1ba zephyr/libzephyr.a(shell_uart.c.obj)
 .text.ring_buf_internal_reset
                0x000001ba      0x1ba zephyr/libzephyr.a(shell_history.c.obj)

.text.ring_buf_init
                0x00000000       0x9b
 .text.ring_buf_init
                0x00000000       0x9b zephyr/libzephyr.a(shell_uart.c.obj)

.text.uart_fifo_fill
                0x00000000       0xe5
 .text.uart_fifo_fill
                0x00000000       0xe5 zephyr/libzephyr.a(shell_uart.c.obj)

.text.uart_fifo_read
                0x00000000       0xe5
 .text.uart_fifo_read
                0x00000000       0xe5 zephyr/libzephyr.a(shell_uart.c.obj)

.text.z_impl_uart_irq_tx_enable
                0x00000000       0xa1
 .text.z_impl_uart_irq_tx_enable
                0x00000000       0xa1 zephyr/libzephyr.a(shell_uart.c.obj)

.text.z_impl_uart_irq_tx_disable
                0x00000000       0xa1
 .text.z_impl_uart_irq_tx_disable
                0x00000000       0xa1 zephyr/libzephyr.a(shell_uart.c.obj)

.text.uart_irq_tx_ready
                0x00000000       0xdf
 .text.uart_irq_tx_ready
                0x00000000       0xdf zephyr/libzephyr.a(shell_uart.c.obj)

.text.z_impl_uart_irq_rx_enable
                0x00000000       0xa1
 .text.z_impl_uart_irq_rx_enable
                0x00000000       0xa1 zephyr/libzephyr.a(shell_uart.c.obj)

.text.z_impl_uart_irq_rx_disable
                0x00000000       0xa1
 .text.z_impl_uart_irq_rx_disable
                0x00000000       0xa1 zephyr/libzephyr.a(shell_uart.c.obj)

.text.uart_irq_rx_ready
                0x00000000       0xdf
 .text.uart_irq_rx_ready