Archive member included to satisfy reference by file (symbol)

app/libapp.a(main.cpp.obj)    (--whole-archive)
zephyr/libzephyr.a(heap.c.obj)
                              (--whole-archive)
zephyr/libzephyr.a(cbprintf_packaged.c.obj)
                              (--whole-archive)
zephyr/libzephyr.a(printk.c.obj)
                              (--whole-archive)
zephyr/libzephyr.a(sem.c.obj)
                              (--whole-archive)
zephyr/libzephyr.a(thread_entry.c.obj)
                              (--whole-archive)
zephyr/libzephyr.a(cbprintf_complete.c.obj)
                              (--whole-archive)
zephyr/libzephyr.a(cbprintf.c.obj)
                              (--whole-archive)
zephyr/libzephyr.a(assert.c.obj)
                              (--whole-archive)
zephyr/libzephyr.a(mpsc_pbuf.c.obj)
                              (--whole-archive)
zephyr/libzephyr.a(dec.c.obj)
                              (--whole-archive)
zephyr/libzephyr.a(hex.c.obj)
                              (--whole-archive)
zephyr/libzephyr.a(rb.c.obj)  (--whole-archive)
zephyr/libzephyr.a(timeutil.c.obj)
                              (--whole-archive)
zephyr/libzephyr.a(bitarray.c.obj)
                              (--whole-archive)
zephyr/libzephyr.a(onoff.c.obj)
                              (--whole-archive)
zephyr/libzephyr.a(notify.c.obj)
                              (--whole-archive)
zephyr/libzephyr.a(ring_buffer.c.obj)
                              (--whole-archive)
zephyr/libzephyr.a(configs.c.obj)
                              (--whole-archive)
zephyr/libzephyr.a(log_core.c.obj)
                              (--whole-archive)
zephyr/libzephyr.a(log_mgmt.c.obj)
                              (--whole-archive)
zephyr/libzephyr.a(log_cache.c.obj)
                              (--whole-archive)
zephyr/libzephyr.a(log_msg.c.obj)
                              (--whole-archive)
zephyr/libzephyr.a(log_output.c.obj)
                              (--whole-archive)
zephyr/libzephyr.a(log_backend_native_posix.c.obj)
                              (--whole-archive)
zephyr/libzephyr.a(log_backend_uart.c.obj)
                              (--whole-archive)
zephyr/libzephyr.a(flash_map.c.obj)
                              (--whole-archive)
zephyr/libzephyr.a(flash_map_default.c.obj)
                              (--whole-archive)
zephyr/libzephyr.a(flash_map_layout.c.obj)
                              (--whole-archive)
zephyr/libzephyr.a(tracing_none.c.obj)
                              (--whole-archive)
zephyr/libzephyr.a(kernel_shell.c.obj)
                              (--whole-archive)
zephyr/libzephyr.a(cycles.c.obj)
                              (--whole-archive)
zephyr/libzephyr.a(sleep.c.obj)
                              (--whole-archive)
zephyr/libzephyr.a(uptime.c.obj)
                              (--whole-archive)
zephyr/libzephyr.a(version.c.obj)
                              (--whole-archive)
zephyr/libzephyr.a(log-level.c.obj)
                              (--whole-archive)
zephyr/libzephyr.a(thread.c.obj)
                              (--whole-archive)
zephyr/libzephyr.a(list.c.obj)
                              (--whole-archive)
zephyr/libzephyr.a(stacks.c.obj)
                              (--whole-archive)
zephyr/libzephyr.a(suspend.c.obj)
                              (--whole-archive)
zephyr/libzephyr.a(resume.c.obj)
                              (--whole-archive)
zephyr/libzephyr.a(kill.c.obj)
                              (--whole-archive)
zephyr/libzephyr.a(device_service.c.obj)
                              (--whole-archive)
zephyr/libzephyr.a(devmem_service.c.obj)
                              (--whole-archive)
zephyr/libzephyr.a(shell_uart.c.obj)
                              (--whole-archive)
zephyr/libzephyr.a(shell.c.obj)
                              (--whole-archive)
zephyr/libzephyr.a(shell_fprintf.c.obj)
                              (--whole-archive)
zephyr/libzephyr.a(shell_utils.c.obj)
                              (--whole-archive)
zephyr/libzephyr.a(shell_ops.c.obj)
                              (--whole-archive)
zephyr/libzephyr.a(shell_log_backend.c.obj)
                              (--whole-archive)
zephyr/libzephyr.a(shell_help.c.obj)
                              (--whole-archive)
zephyr/libzephyr.a(shell_cmds.c.obj)
                              (--whole-archive)
zephyr/libzephyr.a(shell_history.c.obj)
                              (--whole-archive)
zephyr/libzephyr.a(shell_wildcard.c.obj)
                              (--whole-archive)
zephyr/libzephyr.a(flash_util.c.obj)
                              (--whole-archive)
zephyr/libzephyr.a(banner.c.obj)
                              (--whole-archive)
zephyr/arch/arch/posix/core/libarch__posix__core.a(cpuhalt.c.obj)
                              (--whole-archive)
zephyr/arch/arch/posix/core/libarch__posix__core.a(fatal.c.obj)
                              (--whole-archive)
zephyr/arch/arch/posix/core/libarch__posix__core.a(irq.c.obj)
[...]
Memory Configuration

Name             Origin             Length             Attributes
*default*        0x00000000         0xffffffff

Linker script and memory map


.note.gnu.build-id
 *(SORT_BY_ALIGNMENT(.note.gnu.build-id))

.interp
 *(SORT_BY_ALIGNMENT(.interp))

.hash
 *(SORT_BY_ALIGNMENT(.hash))

.gnu.hash
 *(SORT_BY_ALIGNMENT(.gnu.hash))

.dynsym
 *(SORT_BY_ALIGNMENT(.dynsym))

.dynstr
 *(SORT_BY_ALIGNMENT(.dynstr))

.gnu.version
 *(SORT_BY_ALIGNMENT(.gnu.version))

.gnu.version_d
 *(SORT_BY_ALIGNMENT(.gnu.version_d))

.gnu.version_r
 *(SORT_BY_ALIGNMENT(.gnu.version_r))

.rel.init
 *(SORT_BY_ALIGNMENT(.rel.init))

.rel.text
 *(SORT_BY_ALIGNMENT(.rel.text))

.rel.fini
 *(SORT_BY_ALIGNMENT(.rel.fini))

.rel.rodata
 *(SORT_BY_ALIGNMENT(.rel.rodata))

.rel.data.rel.ro
 *(SORT_BY_ALIGNMENT(.rel.data.rel.ro))

.rel.data
 *(SORT_BY_ALIGNMENT(.rel.data))

.rel.tdata
 *(SORT_BY_ALIGNMENT(.rel.tdata))

.rel.tbss
 *(SORT_BY_ALIGNMENT(.rel.tbss))

.rel.ctors
 *(SORT_BY_ALIGNMENT(.rel.ctors))

.rel.dtors
 *(SORT_BY_ALIGNMENT(.rel.dtors))

.rel.got
 *(SORT_BY_ALIGNMENT(.rel.got))

.rel.bss
 *(SORT_BY_ALIGNMENT(.rel.bss))

.rel.ifunc
 *(SORT_BY_ALIGNMENT(.rel.ifunc))

.rel.plt
 *(SORT_BY_ALIGNMENT(.rel.plt))

.relr.dyn
 *(SORT_BY_ALIGNMENT(.relr.dyn))

.init
 *(SORT_NONE(.init))

.plt
 *(SORT_BY_ALIGNMENT(.plt))

.plt.got
 *(SORT_BY_ALIGNMENT(.plt.got))

.plt.sec
 *(SORT_BY_ALIGNMENT(.plt.sec))

.text
 *(SORT_BY_ALIGNMENT(.text) SORT_BY_ALIGNMENT(.stub))
 *(SORT_BY_ALIGNMENT(.gnu.warning))

.text._OffsetAbsSyms
                0x00000000        0x6
 .text._OffsetAbsSyms
                0x00000000        0x6 zephyr/CMakeFiles/offsets.dir/./arch/posix/core/offsets/offsets.c.obj
                0x00000000                _OffsetAbsSyms

.text.k_is_user_context
                0x00000000       0x78
 .text.k_is_user_context
                0x00000000        0xa app/libapp.a(main.cpp.obj)
 .text.k_is_user_context
                0x0000000a        0xa zephyr/libzephyr.a(log_core.c.obj)
 .text.k_is_user_context
                0x00000014        0xa zephyr/libzephyr.a(log_msg.c.obj)
 .text.k_is_user_context
                0x0000001e        0xa zephyr/libzephyr.a(shell_uart.c.obj)
 .text.k_is_user_context
                0x00000028        0xa zephyr/drivers/clock_control/libdrivers__clock_control.a(clock_control_nrf.c.obj)
 .text.k_is_user_context
                0x00000032        0xa zephyr/drivers/flash/libdrivers__flash.a(soc_flash_nrf_rram.c.obj)
 .text.k_is_user_context
                0x0000003c        0xa modules/hal_nordic/modules/hal_nordic/nrfx/libmodules__hal_nordic__nrfx.a(nrfx_clock.c.obj)
 .text.k_is_user_context
                0x00000046        0xa modules/hal_nordic/modules/hal_nordic/nrfx/libmodules__hal_nordic__nrfx.a(nrfx_grtc.c.obj)
 .text.k_is_user_context
                0x00000050        0xa zephyr/kernel/libkernel.a(fatal.c.obj)
 .text.k_is_user_context
                0x0000005a        0xa zephyr/kernel/libkernel.a(mutex.c.obj)
 .text.k_is_user_context
                0x00000064        0xa zephyr/kernel/libkernel.a(thread.c.obj)
 .text.k_is_user_context
                0x0000006e        0xa zephyr/kernel/libkernel.a(sched.c.obj)

.text.k_sleep   0x00000000       0x7d
 .text.k_sleep  0x00000000       0x19 app/libapp.a(main.cpp.obj)
 .text.k_sleep  0x00000019       0x19 zephyr/libzephyr.a(log_core.c.obj)
 .text.k_sleep  0x00000032       0x19 zephyr/libzephyr.a(sleep.c.obj)
 .text.k_sleep  0x0000004b       0x19 zephyr/libzephyr.a(shell.c.obj)
 .text.k_sleep  0x00000064       0x19 zephyr/drivers/serial/libdrivers__serial.a(uart_nrfx_uarte.c.obj)

.text.z_log_msg_runtime_create
                0x00000000      0x540
 .text.z_log_msg_runtime_create
                0x00000000       0x70 app/libapp.a(main.cpp.obj)
 .text.z_log_msg_runtime_create
                0x00000070       0x70 zephyr/libzephyr.a(log_core.c.obj)
 .text.z_log_msg_runtime_create
                0x000000e0       0x70 zephyr/libzephyr.a(log_msg.c.obj)
 .text.z_log_msg_runtime_create
                0x00000150       0x70 zephyr/libzephyr.a(shell_uart.c.obj)
 .text.z_log_msg_runtime_create
                0x000001c0       0x70 zephyr/drivers/clock_control/libdrivers__clock_control.a(clock_control_nrf.c.obj)
 .text.z_log_msg_runtime_create
                0x00000230       0x70 zephyr/drivers/flash/libdrivers__flash.a(soc_flash_nrf_rram.c.obj)
 .text.z_log_msg_runtime_create
                0x000002a0       0x70 modules/hal_nordic/modules/hal_nordic/nrfx/libmodules__hal_nordic__nrfx.a(nrfx_clock.c.obj)
 .text.z_log_msg_runtime_create
                0x00000310       0x70 modules/hal_nordic/modules/hal_nordic/nrfx/libmodules__hal_nordic__nrfx.a(nrfx_grtc.c.obj)
 .text.z_log_msg_runtime_create
                0x00000380       0x70 zephyr/kernel/libkernel.a(fatal.c.obj)
 .text.z_log_msg_runtime_create
                0x000003f0       0x70 zephyr/kernel/libkernel.a(mutex.c.obj)
 .text.z_log_msg_runtime_create
                0x00000460       0x70 zephyr/kernel/libkernel.a(thread.c.obj)
 .text.z_log_msg_runtime_create
                0x000004d0       0x70 zephyr/kernel/libkernel.a(sched.c.obj)

.text._Z10flash_testv
                0x00000000      0x2aa
 .text._Z10flash_testv
                0x00000000      0x2aa app/libapp.a(main.cpp.obj)
                0x00000000                flash_test()

.text.main      0x00000000       0xf1
 .text.main     0x00000000       0xf1 app/libapp.a(main.cpp.obj)
                0x00000000                main

.text.linker_is_in_rodata
                0x00000000        0xa
 .text.linker_is_in_rodata
                0x00000000        0xa zephyr/libzephyr.a(cbprintf_packaged.c.obj)

.text.ptr_in_rodata
                0x00000000       0x10
 .text.ptr_in_rodata
                0x00000000       0x10 zephyr/libzephyr.a(cbprintf_packaged.c.obj)

.text.cbprintf_via_va_list
                0x00000000       0x23
 .text.cbprintf_via_va_list
                0x00000000       0x23 zephyr/libzephyr.a(cbprintf_packaged.c.obj)

.text.cbvprintf_package
                0x00000000      0x7b8
 .text.cbvprintf_package
                0x00000000      0x7b8 zephyr/libzephyr.a(cbprintf_packaged.c.obj)
                0x00000000                cbvprintf_package

.text.cbpprintf_external
                0x00000000       0xe6
 .text.cbpprintf_external
                0x00000000       0xe6 zephyr/libzephyr.a(cbprintf_packaged.c.obj)
                0x00000000                cbpprintf_external

.text.cbvprintf
                0x00000000       0x63
 .text.cbvprintf
                0x00000000       0x21 zephyr/libzephyr.a(printk.c.obj)
 .text.cbvprintf
                0x00000021       0x21 zephyr/libzephyr.a(log_output.c.obj)
 .text.cbvprintf
                0x00000042       0x21 zephyr/libzephyr.a(shell_fprintf.c.obj)

.text.arch_printk_char_out
                0x00000000        0xa
 .text.arch_printk_char_out
                0x00000000        0xa zephyr/libzephyr.a(printk.c.obj)
                0x00000000                arch_printk_char_out

.text.__printk_hook_install
                0x00000000        0xe
 .text.__printk_hook_install
                0x00000000        0xe zephyr/libzephyr.a(printk.c.obj)
                0x00000000                __printk_hook_install

.text.vprintk   0x00000000       0x42
 .text.vprintk  0x00000000       0x42 zephyr/libzephyr.a(printk.c.obj)
                0x00000000                vprintk

.text.printk    0x00000000       0x43
 .text.printk   0x00000000       0x43 zephyr/libzephyr.a(printk.c.obj)
                0x00000000                printk

.text.str_out   0x00000000       0x7b
 .text.str_out  0x00000000       0x7b zephyr/libzephyr.a(printk.c.obj)

.text.snprintk  0x00000000       0x51
 .text.snprintk
                0x00000000       0x51 zephyr/libzephyr.a(printk.c.obj)
                0x00000000                snprintk

.text.vsnprintk
                0x00000000       0x7a
 .text.vsnprintk
                0x00000000       0x7a zephyr/libzephyr.a(printk.c.obj)
                0x00000000                vsnprintk

.text.k_current_get
                0x00000000       0x5b
 .text.k_current_get
                0x00000000        0xd zephyr/libzephyr.a(thread_entry.c.obj)
 .text.k_current_get
                0x0000000d        0xd zephyr/libzephyr.a(log_core.c.obj)
 .text.k_current_get
                0x0000001a        0xd zephyr/libzephyr.a(list.c.obj)
 .text.k_current_get
                0x00000027        0xd zephyr/libzephyr.a(suspend.c.obj)
 .text.k_current_get
                0x00000034        0xd zephyr/libzephyr.a(resume.c.obj)
 .text.k_current_get
                0x00000041        0xd zephyr/libzephyr.a(kill.c.obj)
 .text.k_current_get
                0x0000004e        0xd zephyr/libzephyr.a(shell.c.obj)

.text.k_sched_current_thread_query
                0x00000000       0x5b
 .text.k_sched_current_thread_query
                0x00000000        0xd zephyr/libzephyr.a(thread_entry.c.obj)
 .text.k_sched_current_thread_query
                0x0000000d        0xd zephyr/libzephyr.a(log_core.c.obj)
 .text.k_sched_current_thread_query
                0x0000001a        0xd zephyr/libzephyr.a(list.c.obj)
 .text.k_sched_current_thread_query
                0x00000027        0xd zephyr/libzephyr.a(suspend.c.obj)
 .text.k_sched_current_thread_query
                0x00000034        0xd zephyr/libzephyr.a(resume.c.obj)
 .text.k_sched_current_thread_query
                0x00000041        0xd zephyr/libzephyr.a(kill.c.obj)
 .text.k_sched_current_thread_query
                0x0000004e        0xd zephyr/libzephyr.a(shell.c.obj)

.text.k_thread_abort
                0x00000000       0x5c
 .text.k_thread_abort
                0x00000000       0x17 zephyr/libzephyr.a(thread_entry.c.obj)
 .text.k_thread_abort
                0x00000017       0x17 zephyr/libzephyr.a(kill.c.obj)
 .text.k_thread_abort
                0x0000002e       0x17 zephyr/libzephyr.a(shell.c.obj)
 .text.k_thread_abort
                0x00000045       0x17 zephyr/kernel/libkernel.a(fatal.c.obj)

.text.z_thread_entry
                0x00000000       0x42
 .text.z_thread_entry
                0x00000000       0x42 zephyr/libzephyr.a(thread_entry.c.obj)
                0x00000000                z_thread_entry

.text.extract_decimal
                0x00000000       0x6c
 .text.extract_decimal
                0x00000000       0x6c zephyr/libzephyr.a(cbprintf_complete.c.obj)

.text.extract_flags
                0x00000000       0xa3
 .text.extract_flags
                0x00000000       0xa3 zephyr/libzephyr.a(cbprintf_complete.c.obj)

.text.extract_width
                0x00000000       0xbb
 .text.extract_width
                0x00000000       0xbb zephyr/libzephyr.a(cbprintf_complete.c.obj)

.text.extract_prec
                0x00000000       0xd8
 .text.extract_prec
                0x00000000       0xd8 zephyr/libzephyr.a(cbprintf_complete.c.obj)

.text.extract_length
                0x00000000      0x10c
 .text.extract_length
                0x00000000      0x10c zephyr/libzephyr.a(cbprintf_complete.c.obj)

.text.extract_specifier
                0x00000000      0x197
 .text.extract_specifier
                0x00000000      0x197 zephyr/libzephyr.a(cbprintf_complete.c.obj)

.text.extract_conversion
                0x00000000       0xa8
 .text.extract_conversion
                0x00000000       0xa8 zephyr/libzephyr.a(cbprintf_complete.c.obj)

.text.conversion_radix
                0x00000000       0x43
 .text.conversion_radix
                0x00000000       0x43 zephyr/libzephyr.a(cbprintf_complete.c.obj)

.text.encode_uint
                0x00000000      0x10d
 .text.encode_uint
                0x00000000      0x10d zephyr/libzephyr.a(cbprintf_complete.c.obj)

.text.store_count
                0x00000000       0x82
 .text.store_count
                0x00000000       0x82 zephyr/libzephyr.a(cbprintf_complete.c.obj)

.text.outs      0x00000000       0x60
 .text.outs     0x00000000       0x60 zephyr/libzephyr.a(cbprintf_complete.c.obj)

.text.z_cbvprintf_impl
                0x00000000      0xb7d
 .text.z_cbvprintf_impl
                0x00000000      0xb7d zephyr/libzephyr.a(cbprintf_complete.c.obj)
                0x00000000                z_cbvprintf_impl

.text.assert_print
                0x00000000       0x43
 .text.assert_print
                0x00000000       0x43 zephyr/libzephyr.a(assert.c.obj)
                0x00000000                assert_print

.text.is_power_of_two
                0x00000000       0x27
 .text.is_power_of_two
                0x00000000       0x27 zephyr/libzephyr.a(mpsc_pbuf.c.obj)

.text.k_sem_init
                0x00000000       0x38
 .text.k_sem_init
                0x00000000       0x1c zephyr/libzephyr.a(mpsc_pbuf.c.obj)
 .text.k_sem_init
                0x0000001c       0x1c zephyr/drivers/flash/libdrivers__flash.a(soc_flash_nrf_rram.c.obj)

.text.k_sem_take
                0x00000000       0x70
 .text.k_sem_take
                0x00000000       0x1c zephyr/libzephyr.a(mpsc_pbuf.c.obj)
 .text.k_sem_take
                0x0000001c       0x1c zephyr/libzephyr.a(log_core.c.obj)
 .text.k_sem_take
                0x00000038       0x1c zephyr/drivers/clock_control/libdrivers__clock_control.a(clock_control_nrf.c.obj)
 .text.k_sem_take
                0x00000054       0x1c zephyr/drivers/flash/libdrivers__flash.a(soc_flash_nrf_rram.c.obj)

.text.k_sem_give
                0x00000000       0x73
 .text.k_sem_give
                0x00000000       0x17 zephyr/libzephyr.a(mpsc_pbuf.c.obj)
 .text.k_sem_give
                0x00000017       0x17 zephyr/libzephyr.a(log_core.c.obj)
 .text.k_sem_give
                0x0000002e       0x17 zephyr/drivers/clock_control/libdrivers__clock_control.a(clock_control_nrf.c.obj)
 .text.k_sem_give
                0x00000045       0x17 zephyr/drivers/flash/libdrivers__flash.a(soc_flash_nrf_rram.c.obj)
 .text.k_sem_give
                0x0000005c       0x17 zephyr/kernel/libkernel.a(work.c.obj)

.text.mpsc_pbuf_init
                0x00000000       0xa0
 .text.mpsc_pbuf_init
                0x00000000       0xa0 zephyr/libzephyr.a(mpsc_pbuf.c.obj)
                0x00000000                mpsc_pbuf_init

.text.free_space
                0x00000000       0x61
 .text.free_space
                0x00000000       0x61 zephyr/libzephyr.a(mpsc_pbuf.c.obj)

.text.available
                0x00000000       0x54
 .text.available
                0x00000000       0x54 zephyr/libzephyr.a(mpsc_pbuf.c.obj)

.text.get_usage
                0x00000000       0x5c
 .text.get_usage
                0x00000000       0x5c zephyr/libzephyr.a(mpsc_pbuf.c.obj)

.text.max_utilization_update
                0x00000000       0x50
 .text.max_utilization_update
                0x00000000       0x50 zephyr/libzephyr.a(mpsc_pbuf.c.obj)

.text.is_valid  0x00000000        0xe
 .text.is_valid
                0x00000000        0xe zephyr/libzephyr.a(mpsc_pbuf.c.obj)

.text.is_invalid
                0x00000000       0x2e
 .text.is_invalid
                0x00000000       0x2e zephyr/libzephyr.a(mpsc_pbuf.c.obj)

.text.idx_inc   0x00000000       0x49
 .text.idx_inc  0x00000000       0x49 zephyr/libzephyr.a(mpsc_pbuf.c.obj)

.text.get_skip  0x00000000       0x2e
 .text.get_skip
                0x00000000       0x2e zephyr/libzephyr.a(mpsc_pbuf.c.obj)

.text.rd_idx_inc
                0x00000000       0x32
 .text.rd_idx_inc
                0x00000000       0x32 zephyr/libzephyr.a(mpsc_pbuf.c.obj)

.text.add_skip_item
                0x00000000       0xae
 .text.add_skip_item
                0x00000000       0xae zephyr/libzephyr.a(mpsc_pbuf.c.obj)

.text.drop_item_locked
                0x00000000      0x1f7
 .text.drop_item_locked
                0x00000000      0x1f7 zephyr/libzephyr.a(mpsc_pbuf.c.obj)

.text.post_drop_action
                0x00000000       0x9f
 .text.post_drop_action
                0x00000000       0x9f zephyr/libzephyr.a(mpsc_pbuf.c.obj)

.text.mpsc_pbuf_alloc
                0x00000000      0x2a6
 .text.mpsc_pbuf_alloc
                0x00000000      0x2a6 zephyr/libzephyr.a(mpsc_pbuf.c.obj)
                0x00000000                mpsc_pbuf_alloc

.text.mpsc_pbuf_commit
                0x00000000       0xc7
 .text.mpsc_pbuf_commit
                0x00000000       0xc7 zephyr/libzephyr.a(mpsc_pbuf.c.obj)
                0x00000000                mpsc_pbuf_commit

.text.mpsc_pbuf_claim
                0x00000000      0x18c
 .text.mpsc_pbuf_claim
                0x00000000      0x18c zephyr/libzephyr.a(mpsc_pbuf.c.obj)
                0x00000000                mpsc_pbuf_claim

.text.mpsc_pbuf_free
                0x00000000      0x140
 .text.mpsc_pbuf_free
                0x00000000      0x140 zephyr/libzephyr.a(mpsc_pbuf.c.obj)
                0x00000000                mpsc_pbuf_free

.text.mpsc_pbuf_is_pending
                0x00000000       0x8e
 .text.mpsc_pbuf_is_pending
                0x00000000       0x8e zephyr/libzephyr.a(mpsc_pbuf.c.obj)
                0x00000000                mpsc_pbuf_is_pending

.text.sys_slist_init
                0x00000000       0x32
 .text.sys_slist_init
                0x00000000       0x19 zephyr/libzephyr.a(onoff.c.obj)
 .text.sys_slist_init
                0x00000019       0x19 zephyr/kernel/libkernel.a(work.c.obj)

.text.z_snode_next_peek
                0x00000000       0x1e
 .text.z_snode_next_peek
                0x00000000        0xa zephyr/libzephyr.a(onoff.c.obj)
 .text.z_snode_next_peek
                0x0000000a        0xa zephyr/libzephyr.a(log_cache.c.obj)
 .text.z_snode_next_peek
                0x00000014        0xa zephyr/kernel/libkernel.a(work.c.obj)

.text.z_snode_next_set
                0x00000000       0x2a
 .text.z_snode_next_set
                0x00000000        0xe zephyr/libzephyr.a(onoff.c.obj)
 .text.z_snode_next_set
                0x0000000e        0xe zephyr/libzephyr.a(log_cache.c.obj)
 .text.z_snode_next_set
                0x0000001c        0xe zephyr/kernel/libkernel.a(work.c.obj)

.text.z_slist_head_set
                0x00000000       0x2a
 .text.z_slist_head_set
                0x00000000        0xe zephyr/libzephyr.a(onoff.c.obj)
 .text.z_slist_head_set
                0x0000000e        0xe zephyr/libzephyr.a(log_cache.c.obj)
 .text.z_slist_head_set
                0x0000001c        0xe zephyr/kernel/libkernel.a(work.c.obj)

.text.z_slist_tail_set
                0x00000000       0x2d
 .text.z_slist_tail_set
                0x00000000        0xf zephyr/libzephyr.a(onoff.c.obj)
 .text.z_slist_tail_set
                0x0000000f        0xf zephyr/libzephyr.a(log_cache.c.obj)
 .text.z_slist_tail_set
                0x0000001e        0xf zephyr/kernel/libkernel.a(work.c.obj)

.text.sys_slist_peek_head
                0x00000000       0x1e
 .text.sys_slist_peek_head
                0x00000000        0xa zephyr/libzephyr.a(onoff.c.obj)
 .text.sys_slist_peek_head
                0x0000000a        0xa zephyr/libzephyr.a(log_cache.c.obj)
 .text.sys_slist_peek_head
                0x00000014        0xa zephyr/kernel/libkernel.a(work.c.obj)

.text.sys_slist_peek_tail
                0x00000000       0x21
 .text.sys_slist_peek_tail
                0x00000000        0xb zephyr/libzephyr.a(onoff.c.obj)
 .text.sys_slist_peek_tail
                0x0000000b        0xb zephyr/libzephyr.a(log_cache.c.obj)
 .text.sys_slist_peek_tail
                0x00000016        0xb zephyr/kernel/libkernel.a(work.c.obj)

.text.sys_slist_is_empty
                0x00000000       0x3f
 .text.sys_slist_is_empty
                0x00000000       0x15 zephyr/libzephyr.a(onoff.c.obj)
 .text.sys_slist_is_empty
                0x00000015       0x15 zephyr/libzephyr.a(log_cache.c.obj)
 .text.sys_slist_is_empty
                0x0000002a       0x15 zephyr/kernel/libkernel.a(work.c.obj)

.text.sys_slist_peek_next_no_check
                0x00000000       0x30
 .text.sys_slist_peek_next_no_check
                0x00000000       0x10 zephyr/libzephyr.a(onoff.c.obj)
 .text.sys_slist_peek_next_no_check
                0x00000010       0x10 zephyr/libzephyr.a(log_cache.c.obj)
 .text.sys_slist_peek_next_no_check
                0x00000020       0x10 zephyr/kernel/libkernel.a(work.c.obj)

.text.sys_slist_peek_next
                0x00000000       0x57
 .text.sys_slist_peek_next
                0x00000000       0x1d zephyr/libzephyr.a(onoff.c.obj)
 .text.sys_slist_peek_next
                0x0000001d       0x1d zephyr/libzephyr.a(log_cache.c.obj)
 .text.sys_slist_peek_next
                0x0000003a       0x1d zephyr/kernel/libkernel.a(work.c.obj)

.text.sys_slist_append
                0x00000000       0xc8
 .text.sys_slist_append
                0x00000000       0x64 zephyr/libzephyr.a(onoff.c.obj)
 .text.sys_slist_append
                0x00000064       0x64 zephyr/kernel/libkernel.a(work.c.obj)

.text.sys_slist_get_not_empty
                0x00000000      0x105
 .text.sys_slist_get_not_empty
                0x00000000       0x57 zephyr/libzephyr.a(onoff.c.obj)
 .text.sys_slist_get_not_empty
                0x00000057       0x57 zephyr/libzephyr.a(log_cache.c.obj)
 .text.sys_slist_get_not_empty
                0x000000ae       0x57 zephyr/kernel/libkernel.a(work.c.obj)

.text.set_state
                0x00000000       0x21
 .text.set_state
                0x00000000       0x21 zephyr/libzephyr.a(onoff.c.obj)

.text.validate_args
                0x00000000       0x4b
 .text.validate_args
                0x00000000       0x4b zephyr/libzephyr.a(onoff.c.obj)

.text.onoff_manager_init
                0x00000000       0x4a
 .text.onoff_manager_init
                0x00000000       0x4a zephyr/libzephyr.a(onoff.c.obj)
                0x00000000                onoff_manager_init

.text.notify_monitors
                0x00000000       0xc8
 .text.notify_monitors
                0x00000000       0xc8 zephyr/libzephyr.a(onoff.c.obj)

.text.notify_one
                0x00000000       0x3b
 .text.notify_one
                0x00000000       0x3b zephyr/libzephyr.a(onoff.c.obj)

.text.notify_all
                0x00000000       0x49
 .text.notify_all
                0x00000000       0x49 zephyr/libzephyr.a(onoff.c.obj)

.text.transition_complete
                0x00000000       0x6c
 .text.transition_complete
                0x00000000       0x6c zephyr/libzephyr.a(onoff.c.obj)

.text.process_recheck
                0x00000000       0x7f
 .text.process_recheck
                0x00000000       0x7f zephyr/libzephyr.a(onoff.c.obj)

.text.process_complete
                0x00000000      0x166
 .text.process_complete
                0x00000000      0x166 zephyr/libzephyr.a(onoff.c.obj)

.text.process_event
                0x00000000      0x32d
 .text.process_event
                0x00000000      0x32d zephyr/libzephyr.a(onoff.c.obj)

.text.onoff_request
                0x00000000      0x179
 .text.onoff_request
                0x00000000      0x179 zephyr/libzephyr.a(onoff.c.obj)
                0x00000000                onoff_request

.text.k_poll_signal_raise
                0x00000000       0x4b
 .text.k_poll_signal_raise
                0x00000000       0x19 zephyr/libzephyr.a(notify.c.obj)
 .text.k_poll_signal_raise
                0x00000019       0x19 zephyr/libzephyr.a(shell.c.obj)
 .text.k_poll_signal_raise
                0x00000032       0x19 zephyr/libzephyr.a(shell_log_backend.c.obj)

.text.sys_notify_get_method
                0x00000000       0x17
 .text.sys_notify_get_method
                0x00000000       0x17 zephyr/libzephyr.a(notify.c.obj)

.text.sys_notify_validate
                0x00000000       0x84
 .text.sys_notify_validate
                0x00000000       0x84 zephyr/libzephyr.a(notify.c.obj)
                0x00000000                sys_notify_validate

.text.sys_notify_finalize
                0x00000000       0x80
 .text.sys_notify_finalize
                0x00000000       0x80 zephyr/libzephyr.a(notify.c.obj)
                0x00000000                sys_notify_finalize

.text.ring_buf_space_get
                0x00000000       0x84
 .text.ring_buf_space_get
                0x00000000       0x2c zephyr/libzephyr.a(ring_buffer.c.obj)
 .text.ring_buf_space_get
                0x0000002c       0x2c zephyr/libzephyr.a(shell_uart.c.obj)
 .text.ring_buf_space_get
                0x00000058       0x2c zephyr/libzephyr.a(shell_history.c.obj)

.text.ring_buf_size_get
                0x00000000       0x44
 .text.ring_buf_size_get
                0x00000000       0x22 zephyr/libzephyr.a(ring_buffer.c.obj)
 .text.ring_buf_size_get
                0x00000022       0x22 zephyr/libzephyr.a(shell_uart.c.obj)

.text.ring_buf_put_claim
                0x00000000       0xba
 .text.ring_buf_put_claim
                0x00000000       0x3e zephyr/libzephyr.a(ring_buffer.c.obj)
 .text.ring_buf_put_claim
                0x0000003e       0x3e zephyr/libzephyr.a(shell_uart.c.obj)
 .text.ring_buf_put_claim
                0x0000007c       0x3e zephyr/libzephyr.a(shell_history.c.obj)

.text.ring_buf_put_finish
                0x00000000       0x60
 .text.ring_buf_put_finish
                0x00000000       0x20 zephyr/libzephyr.a(ring_buffer.c.obj)
 .text.ring_buf_put_finish
                0x00000020       0x20 zephyr/libzephyr.a(shell_uart.c.obj)
 .text.ring_buf_put_finish
                0x00000040       0x20 zephyr/libzephyr.a(shell_history.c.obj)

.text.ring_buf_get_claim
                0x00000000       0x7c
 .text.ring_buf_get_claim
                0x00000000       0x3e zephyr/libzephyr.a(ring_buffer.c.obj)
 .text.ring_buf_get_claim
                0x0000003e       0x3e zephyr/libzephyr.a(shell_uart.c.obj)

.text.ring_buf_get_finish
                0x00000000       0x40
 .text.ring_buf_get_finish
                0x00000000       0x20 zephyr/libzephyr.a(ring_buffer.c.obj)
 .text.ring_buf_get_finish
                0x00000020       0x20 zephyr/libzephyr.a(shell_uart.c.obj)

.text.ring_buf_area_claim
                0x00000000       0x7e
 .text.ring_buf_area_claim
                0x00000000       0x7e zephyr/libzephyr.a(ring_buffer.c.obj)
                0x00000000                ring_buf_area_claim

.text.ring_buf_area_finish
                0x00000000       0x9c
 .text.ring_buf_area_finish
                0x00000000       0x9c zephyr/libzephyr.a(ring_buffer.c.obj)
                0x00000000                ring_buf_area_finish

.text.ring_buf_put
                0x00000000       0x9c
 .text.ring_buf_put
                0x00000000       0x9c zephyr/libzephyr.a(ring_buffer.c.obj)
                0x00000000                ring_buf_put

.text.ring_buf_get
                0x00000000       0xa2
 .text.ring_buf_get
                0x00000000       0xa2 zephyr/libzephyr.a(ring_buffer.c.obj)
                0x00000000                ring_buf_get

.text._ConfigAbsSyms
                0x00000000        0x6
 .text._ConfigAbsSyms
                0x00000000        0x6 zephyr/libzephyr.a(configs.c.obj)
                0x00000000                _ConfigAbsSyms

.text.atomic_add
                0x00000000       0x33
 .text.atomic_add
                0x00000000       0x11 zephyr/libzephyr.a(log_core.c.obj)
 .text.atomic_add
                0x00000011       0x11 zephyr/libzephyr.a(log_output.c.obj)
 .text.atomic_add
                0x00000022       0x11 zephyr/libzephyr.a(shell_log_backend.c.obj)

.text.atomic_sub
                0x00000000       0x13
 .text.atomic_sub
                0x00000000       0x13 zephyr/libzephyr.a(log_core.c.obj)

.text.atomic_inc
                0x00000000       0x24
 .text.atomic_inc
                0x00000000       0x12 zephyr/libzephyr.a(log_core.c.obj)
 .text.atomic_inc
                0x00000012       0x12 zephyr/libzephyr.a(log_output.c.obj)

.text.atomic_dec
                0x00000000       0x12
 .text.atomic_dec
                0x00000000       0x12 zephyr/libzephyr.a(log_core.c.obj)

.text.atomic_set
                0x00000000       0x3c
 .text.atomic_set
                0x00000000        0xf zephyr/libzephyr.a(log_core.c.obj)
 .text.atomic_set
                0x0000000f        0xf zephyr/libzephyr.a(shell_uart.c.obj)
 .text.atomic_set
                0x0000001e        0xf zephyr/libzephyr.a(shell_log_backend.c.obj)
 .text.atomic_set
                0x0000002d        0xf zephyr/drivers/clock_control/libdrivers__clock_control.a(clock_control_nrf.c.obj)

.text.arch_k_cycle_get_32
                0x00000000       0x1a
 .text.arch_k_cycle_get_32
                0x00000000        0xd zephyr/libzephyr.a(log_core.c.obj)
 .text.arch_k_cycle_get_32
                0x0000000d        0xd zephyr/libzephyr.a(cycles.c.obj)

.text.z_log_item_is_msg
                0x00000000       0x39
 .text.z_log_item_is_msg
                0x00000000       0x13 zephyr/libzephyr.a(log_core.c.obj)
 .text.z_log_item_is_msg
                0x00000013       0x13 zephyr/libzephyr.a(shell_uart.c.obj)
 .text.z_log_item_is_msg
                0x00000026       0x13 zephyr/libzephyr.a(shell_log_backend.c.obj)

.text.log_msg_get_total_wlen
                0x00000000       0x81
 .text.log_msg_get_total_wlen
                0x00000000       0x2b zephyr/libzephyr.a(log_core.c.obj)
 .text.log_msg_get_total_wlen
                0x0000002b       0x2b zephyr/libzephyr.a(shell_uart.c.obj)
 .text.log_msg_get_total_wlen
                0x00000056       0x2b zephyr/libzephyr.a(shell_log_backend.c.obj)

.text.log_msg_generic_get_wlen
                0x00000000       0xa5
 .text.log_msg_generic_get_wlen
                0x00000000       0x37 zephyr/libzephyr.a(log_core.c.obj)
 .text.log_msg_generic_get_wlen
                0x00000037       0x37 zephyr/libzephyr.a(shell_uart.c.obj)
 .text.log_msg_generic_get_wlen
                0x0000006e       0x37 zephyr/libzephyr.a(shell_log_backend.c.obj)

.text.log_msg_get_domain
                0x00000000       0x33
 .text.log_msg_get_domain
                0x00000000       0x11 zephyr/libzephyr.a(log_core.c.obj)
 .text.log_msg_get_domain
                0x00000011       0x11 zephyr/libzephyr.a(log_msg.c.obj)
 .text.log_msg_get_domain
                0x00000022       0x11 zephyr/libzephyr.a(log_output.c.obj)

.text.log_msg_get_level
                0x00000000       0x24
 .text.log_msg_get_level
                0x00000000       0x12 zephyr/libzephyr.a(log_core.c.obj)
 .text.log_msg_get_level
                0x00000012       0x12 zephyr/libzephyr.a(log_output.c.obj)

.text.k_msleep  0x00000000       0xcc
 .text.k_msleep
                0x00000000       0x44 zephyr/libzephyr.a(log_core.c.obj)
 .text.k_msleep
                0x00000044       0x44 zephyr/libzephyr.a(sleep.c.obj)
 .text.k_msleep
                0x00000088       0x44 zephyr/drivers/serial/libdrivers__serial.a(uart_nrfx_uarte.c.obj)

.text.k_uptime_get
                0x00000000       0x36
 .text.k_uptime_get
                0x00000000       0x1b zephyr/libzephyr.a(log_core.c.obj)
 .text.k_uptime_get
                0x0000001b       0x1b zephyr/libzephyr.a(uptime.c.obj)

.text.k_cycle_get_32
                0x00000000       0x1a
 .text.k_cycle_get_32
                0x00000000        0xd zephyr/libzephyr.a(log_core.c.obj)
 .text.k_cycle_get_32
                0x0000000d        0xd zephyr/libzephyr.a(cycles.c.obj)

.text.k_thread_create
                0x00000000       0x9c
 .text.k_thread_create
                0x00000000       0x34 zephyr/libzephyr.a(log_core.c.obj)
 .text.k_thread_create
                0x00000034       0x34 zephyr/libzephyr.a(shell.c.obj)
 .text.k_thread_create
                0x00000068       0x34 zephyr/kernel/libkernel.a(work.c.obj)

.text.k_thread_name_set
                0x00000000       0x4b
 .text.k_thread_name_set
                0x00000000       0x19 zephyr/libzephyr.a(log_core.c.obj)
 .text.k_thread_name_set
                0x00000019       0x19 zephyr/libzephyr.a(shell.c.obj)
 .text.k_thread_name_set
                0x00000032       0x19 zephyr/kernel/libkernel.a(work.c.obj)

.text.k_timer_start
                0x00000000       0x46
 .text.k_timer_start
                0x00000000       0x23 zephyr/libzephyr.a(log_core.c.obj)
 .text.k_timer_start
                0x00000023       0x23 zephyr/libzephyr.a(shell_uart.c.obj)

.text.k_timer_stop
                0x00000000       0x2e
 .text.k_timer_stop
                0x00000000       0x17 zephyr/libzephyr.a(log_core.c.obj)
 .text.k_timer_stop
                0x00000017       0x17 zephyr/libzephyr.a(shell_uart.c.obj)

.text.k_uptime_ticks
                0x00000000       0x27
 .text.k_uptime_ticks
                0x00000000        0xd zephyr/libzephyr.a(log_core.c.obj)
 .text.k_uptime_ticks
                0x0000000d        0xd zephyr/libzephyr.a(uptime.c.obj)
 .text.k_uptime_ticks
                0x0000001a        0xd zephyr/kernel/libkernel.a(timer.c.obj)

.text.log_backend_init
                0x00000000       0x32
 .text.log_backend_init
                0x00000000       0x32 zephyr/libzephyr.a(log_core.c.obj)

.text.log_backend_is_ready
                0x00000000       0x2e
 .text.log_backend_is_ready
                0x00000000       0x2e zephyr/libzephyr.a(log_core.c.obj)

.text.log_backend_msg_process
                0x00000000       0x1e
 .text.log_backend_msg_process
                0x00000000       0x1e zephyr/libzephyr.a(log_core.c.obj)

.text.log_backend_dropped
                0x00000000       0x2b
 .text.log_backend_dropped
                0x00000000       0x2b zephyr/libzephyr.a(log_core.c.obj)

.text.log_backend_panic
                0x00000000       0x1c
 .text.log_backend_panic
                0x00000000       0x1c zephyr/libzephyr.a(log_core.c.obj)

.text.log_backend_id_set
                0x00000000       0x1c
 .text.log_backend_id_set
                0x00000000       0x1c zephyr/libzephyr.a(log_core.c.obj)

.text.log_backend_get
                0x00000000       0x6a
 .text.log_backend_get
                0x00000000       0x35 zephyr/libzephyr.a(log_core.c.obj)
 .text.log_backend_get
                0x00000035       0x35 zephyr/libzephyr.a(log_mgmt.c.obj)

.text.log_backend_is_active
                0x00000000       0x1e
 .text.log_backend_is_active
                0x00000000        0xf zephyr/libzephyr.a(log_core.c.obj)
 .text.log_backend_is_active
                0x0000000f        0xf zephyr/libzephyr.a(log_mgmt.c.obj)

.text.log_backend_notify
                0x00000000       0x36
 .text.log_backend_notify
                0x00000000       0x36 zephyr/libzephyr.a(log_core.c.obj)

.text.z_log_notify_drop
                0x00000000       0x16
 .text.z_log_notify_drop
                0x00000000       0x16 zephyr/libzephyr.a(log_core.c.obj)

.text.log_process
                0x00000000        0xd
 .text.log_process
                0x00000000        0xd zephyr/libzephyr.a(log_core.c.obj)

.text.log_format_func_t_get
                0x00000000        0xf
 .text.log_format_func_t_get
                0x00000000        0xf zephyr/libzephyr.a(log_core.c.obj)
                0x00000000                log_format_func_t_get

.text.dummy_timestamp
                0x00000000        0xa
 .text.dummy_timestamp
                0x00000000        0xa zephyr/libzephyr.a(log_core.c.obj)

.text.z_log_msg_post_finalize
                0x00000000       0xf0
 .text.z_log_msg_post_finalize
                0x00000000       0xf0 zephyr/libzephyr.a(log_core.c.obj)

.text.z_log_vprintk
                0x00000000       0x22
 .text.z_log_vprintk
                0x00000000       0x22 zephyr/libzephyr.a(log_core.c.obj)
                0x00000000                z_log_vprintk

.text.default_get_timestamp
                0x00000000        0xd
 .text.default_get_timestamp
                0x00000000        0xd zephyr/libzephyr.a(log_core.c.obj)

.text.log_core_init
                0x00000000       0x9b
 .text.log_core_init
                0x00000000       0x9b zephyr/libzephyr.a(log_core.c.obj)
                0x00000000                log_core_init

.text.activate_foreach_backend
                0x00000000       0x90
 .text.activate_foreach_backend
                0x00000000       0x90 zephyr/libzephyr.a(log_core.c.obj)

.text.z_log_init
                0x00000000       0xeb
 .text.z_log_init
                0x00000000       0xeb zephyr/libzephyr.a(log_core.c.obj)

.text.thread_set
                0x00000000       0x30
 .text.thread_set
                0x00000000       0x30 zephyr/libzephyr.a(log_core.c.obj)

.text.log_set_timestamp_func
                0x00000000       0x38
 .text.log_set_timestamp_func
                0x00000000       0x38 zephyr/libzephyr.a(log_core.c.obj)
                0x00000000                log_set_timestamp_func

.text.z_impl_log_panic
                0x00000000       0x75
 .text.z_impl_log_panic
                0x00000000       0x75 zephyr/libzephyr.a(log_core.c.obj)
                0x00000000                z_impl_log_panic

.text.msg_filter_check
                0x00000000       0x91
 .text.msg_filter_check
                0x00000000       0x91 zephyr/libzephyr.a(log_core.c.obj)

.text.msg_process
                0x00000000       0x5d
 .text.msg_process
                0x00000000       0x5d zephyr/libzephyr.a(log_core.c.obj)

.text.dropped_notify
                0x00000000       0x53
 .text.dropped_notify
                0x00000000       0x53 zephyr/libzephyr.a(log_core.c.obj)
                0x00000000                dropped_notify

.text.unordered_notify
                0x00000000       0x77
 .text.unordered_notify
                0x00000000       0x77 zephyr/libzephyr.a(log_core.c.obj)
                0x00000000                unordered_notify

.text.z_log_notify_backend_enabled
                0x00000000       0x2e
 .text.z_log_notify_backend_enabled
                0x00000000       0x2e zephyr/libzephyr.a(log_core.c.obj)
                0x00000000                z_log_notify_backend_enabled

.text.z_log_unordered_pending
                0x00000000        0xa
 .text.z_log_unordered_pending
                0x00000000        0xa zephyr/libzephyr.a(log_core.c.obj)

.text.z_impl_log_process
                0x00000000      0x10c
 .text.z_impl_log_process
                0x00000000      0x10c zephyr/libzephyr.a(log_core.c.obj)
                0x00000000                z_impl_log_process

.text.z_log_dropped
                0x00000000       0x4f
 .text.z_log_dropped
                0x00000000       0x4f zephyr/libzephyr.a(log_core.c.obj)
                0x00000000                z_log_dropped

.text.z_log_dropped_read_and_clear
                0x00000000       0x14
 .text.z_log_dropped_read_and_clear
                0x00000000       0x14 zephyr/libzephyr.a(log_core.c.obj)
                0x00000000                z_log_dropped_read_and_clear

.text.z_log_dropped_pending
                0x00000000        0xf
 .text.z_log_dropped_pending
                0x00000000        0xf zephyr/libzephyr.a(log_core.c.obj)
                0x00000000                z_log_dropped_pending

.text.z_log_msg_init
                0x00000000       0x28
 .text.z_log_msg_init
                0x00000000       0x28 zephyr/libzephyr.a(log_core.c.obj)
                0x00000000                z_log_msg_init

.text.msg_alloc
                0x00000000       0x27
 .text.msg_alloc
                0x00000000       0x27 zephyr/libzephyr.a(log_core.c.obj)

.text.z_log_msg_alloc
                0x00000000       0x1b
 .text.z_log_msg_alloc
                0x00000000       0x1b zephyr/libzephyr.a(log_core.c.obj)
                0x00000000                z_log_msg_alloc

.text.msg_commit
                0x00000000       0x4d
 .text.msg_commit
                0x00000000       0x4d zephyr/libzephyr.a(log_core.c.obj)

.text.z_log_msg_commit
                0x00000000       0x29
 .text.z_log_msg_commit
                0x00000000       0x29 zephyr/libzephyr.a(log_core.c.obj)
                0x00000000                z_log_msg_commit

.text.z_log_msg_local_claim
                0x00000000       0x18
 .text.z_log_msg_local_claim
                0x00000000       0x18 zephyr/libzephyr.a(log_core.c.obj)
                0x00000000                z_log_msg_local_claim

.text.z_log_msg_claim
                0x00000000       0x41
 .text.z_log_msg_claim
                0x00000000       0x41 zephyr/libzephyr.a(log_core.c.obj)
                0x00000000                z_log_msg_claim

.text.msg_free  0x00000000       0x1b
 .text.msg_free
                0x00000000       0x1b zephyr/libzephyr.a(log_core.c.obj)

.text.z_log_msg_free
                0x00000000       0x1d
 .text.z_log_msg_free
                0x00000000       0x1d zephyr/libzephyr.a(log_core.c.obj)
                0x00000000                z_log_msg_free

.text.msg_pending
                0x00000000       0x16
 .text.msg_pending
                0x00000000       0x16 zephyr/libzephyr.a(log_core.c.obj)

.text.z_log_msg_pending
                0x00000000       0x4d
 .text.z_log_msg_pending
                0x00000000       0x4d zephyr/libzephyr.a(log_core.c.obj)
                0x00000000                z_log_msg_pending

.text.z_log_get_tag
                0x00000000        0xa
 .text.z_log_get_tag
                0x00000000        0xa zephyr/libzephyr.a(log_core.c.obj)
                0x00000000                z_log_get_tag

.text.log_backend_notify_all
                0x00000000       0x44
 .text.log_backend_notify_all
                0x00000000       0x44 zephyr/libzephyr.a(log_core.c.obj)

.text.log_process_thread_timer_expiry_fn
                0x00000000       0x19
 .text.log_process_thread_timer_expiry_fn
                0x00000000       0x19 zephyr/libzephyr.a(log_core.c.obj)

.text.log_process_thread_func
                0x00000000       0xe7
 .text.log_process_thread_func
                0x00000000       0xe7 zephyr/libzephyr.a(log_core.c.obj)

.text.enable_logger
                0x00000000       0x6e
 .text.enable_logger
                0x00000000       0x6e zephyr/libzephyr.a(log_core.c.obj)

.text.log_const_source_id
                0x00000000       0x10
 .text.log_const_source_id
                0x00000000       0x10 zephyr/libzephyr.a(log_mgmt.c.obj)

.text.z_log_dynamic_filters_get
                0x00000000       0x10
 .text.z_log_dynamic_filters_get
                0x00000000       0x10 zephyr/libzephyr.a(log_mgmt.c.obj)

.text.z_log_sources_count
                0x00000000       0x12
 .text.z_log_sources_count
                0x00000000       0x12 zephyr/libzephyr.a(log_mgmt.c.obj)

.text.z_log_is_local_domain
                0x00000000       0x26
 .text.z_log_is_local_domain
                0x00000000       0x13 zephyr/libzephyr.a(log_mgmt.c.obj)
 .text.z_log_is_local_domain
                0x00000013       0x13 zephyr/libzephyr.a(log_msg.c.obj)

.text.log_backend_id_get
                0x00000000        0xf
 .text.log_backend_id_get
                0x00000000        0xf zephyr/libzephyr.a(log_mgmt.c.obj)

.text.log_backend_activate
                0x00000000       0x1b
 .text.log_backend_activate
                0x00000000       0x1b zephyr/libzephyr.a(log_mgmt.c.obj)

.text.log_backend_deactivate
                0x00000000       0x10
 .text.log_backend_deactivate
                0x00000000       0x10 zephyr/libzephyr.a(log_mgmt.c.obj)

.text.log_filter_set
                0x00000000       0x4a
 .text.log_filter_set
                0x00000000       0x25 zephyr/libzephyr.a(log_mgmt.c.obj)
 .text.log_filter_set
                0x00000025       0x25 zephyr/libzephyr.a(log-level.c.obj)

.text.log_link_sources_count
                0x00000000       0x13
 .text.log_link_sources_count
                0x00000000       0x13 zephyr/libzephyr.a(log_mgmt.c.obj)

.text.log_link_get_source_name
                0x00000000       0x30
 .text.log_link_get_source_name
                0x00000000       0x30 zephyr/libzephyr.a(log_mgmt.c.obj)

.text.log_link_get_levels
                0x00000000       0x30
 .text.log_link_get_levels
                0x00000000       0x30 zephyr/libzephyr.a(log_mgmt.c.obj)

.text.log_link_set_runtime_level
                0x00000000       0x32
 .text.log_link_set_runtime_level
                0x00000000       0x32 zephyr/libzephyr.a(log_mgmt.c.obj)

.text.get_link_domain
                0x00000000       0x75
 .text.get_link_domain
                0x00000000       0x75 zephyr/libzephyr.a(log_mgmt.c.obj)

.text.get_source_offset
                0x00000000       0x47
 .text.get_source_offset
                0x00000000       0x47 zephyr/libzephyr.a(log_mgmt.c.obj)

.text.z_log_link_get_dynamic_filter
                0x00000000       0x71
 .text.z_log_link_get_dynamic_filter
                0x00000000       0x71 zephyr/libzephyr.a(log_mgmt.c.obj)
                0x00000000                z_log_link_get_dynamic_filter

.text.link_source_count
                0x00000000       0x51
 .text.link_source_count
                0x00000000       0x51 zephyr/libzephyr.a(log_mgmt.c.obj)

.text.log_src_cnt_get
                0x00000000       0x37
 .text.log_src_cnt_get
                0x00000000       0x37 zephyr/libzephyr.a(log_mgmt.c.obj)
                0x00000000                log_src_cnt_get

.text.link_source_name_get
                0x00000000       0xc6
 .text.link_source_name_get
                0x00000000       0xc6 zephyr/libzephyr.a(log_mgmt.c.obj)

.text.log_source_name_get
                0x00000000       0x56
 .text.log_source_name_get
                0x00000000       0x56 zephyr/libzephyr.a(log_mgmt.c.obj)
                0x00000000                log_source_name_get

.text.link_compiled_level_get
                0x00000000       0x70
 .text.link_compiled_level_get
                0x00000000       0x70 zephyr/libzephyr.a(log_mgmt.c.obj)

.text.log_compiled_level_get
                0x00000000       0x5b
 .text.log_compiled_level_get
                0x00000000       0x5b zephyr/libzephyr.a(log_mgmt.c.obj)
                0x00000000                log_compiled_level_get

.text.z_log_link_set_runtime_level
                0x00000000       0x68
 .text.z_log_link_set_runtime_level
                0x00000000       0x68 zephyr/libzephyr.a(log_mgmt.c.obj)
                0x00000000                z_log_link_set_runtime_level

.text.get_dynamic_filter
                0x00000000       0x3f
 .text.get_dynamic_filter
                0x00000000       0x3f zephyr/libzephyr.a(log_mgmt.c.obj)

.text.z_log_runtime_filters_init
                0x00000000       0x62
 .text.z_log_runtime_filters_init
                0x00000000       0x62 zephyr/libzephyr.a(log_mgmt.c.obj)
                0x00000000                z_log_runtime_filters_init

.text.log_source_id_get
                0x00000000       0x62
 .text.log_source_id_get
                0x00000000       0x62 zephyr/libzephyr.a(log_mgmt.c.obj)
                0x00000000                log_source_id_get

.text.max_filter_get
                0x00000000       0x57
 .text.max_filter_get
                0x00000000       0x57 zephyr/libzephyr.a(log_mgmt.c.obj)

.text.set_runtime_filter
                0x00000000       0xe9
 .text.set_runtime_filter
                0x00000000       0xe9 zephyr/libzephyr.a(log_mgmt.c.obj)

.text.filter_get
                0x00000000       0x7b
 .text.filter_get
                0x00000000       0x7b zephyr/libzephyr.a(log_mgmt.c.obj)

.text.filter_set
                0x00000000      0x155
 .text.filter_set
                0x00000000      0x155 zephyr/libzephyr.a(log_mgmt.c.obj)
                0x00000000                filter_set

.text.z_impl_log_filter_set
                0x00000000       0x43
 .text.z_impl_log_filter_set
                0x00000000       0x43 zephyr/libzephyr.a(log_mgmt.c.obj)
                0x00000000                z_impl_log_filter_set

.text.backend_filter_set
                0x00000000       0x4c
 .text.backend_filter_set
                0x00000000       0x4c zephyr/libzephyr.a(log_mgmt.c.obj)

.text.log_backend_enable
                0x00000000       0x3c
 .text.log_backend_enable
                0x00000000       0x3c zephyr/libzephyr.a(log_mgmt.c.obj)
                0x00000000                log_backend_enable

.text.log_backend_disable
                0x00000000       0x36
 .text.log_backend_disable
                0x00000000       0x36 zephyr/libzephyr.a(log_mgmt.c.obj)
                0x00000000                log_backend_disable

.text.log_filter_get
                0x00000000       0x4f
 .text.log_filter_get
                0x00000000       0x4f zephyr/libzephyr.a(log_mgmt.c.obj)
                0x00000000                log_filter_get

.text.sys_slist_prepend
                0x00000000       0x50
 .text.sys_slist_prepend
                0x00000000       0x50 zephyr/libzephyr.a(log_cache.c.obj)

.text.sys_slist_get
                0x00000000       0x4c
 .text.sys_slist_get
                0x00000000       0x26 zephyr/libzephyr.a(log_cache.c.obj)
 .text.sys_slist_get
                0x00000026       0x26 zephyr/kernel/libkernel.a(work.c.obj)

.text.sys_slist_remove
                0x00000000      0x11a
 .text.sys_slist_remove
                0x00000000       0x8d zephyr/libzephyr.a(log_cache.c.obj)
 .text.sys_slist_remove
                0x0000008d       0x8d zephyr/kernel/libkernel.a(work.c.obj)

.text.log_cache_get
                0x00000000      0x166
 .text.log_cache_get
                0x00000000      0x166 zephyr/libzephyr.a(log_cache.c.obj)
                0x00000000                log_cache_get

.text.log_cache_put
                0x00000000       0x22
 .text.log_cache_put
                0x00000000       0x22 zephyr/libzephyr.a(log_cache.c.obj)
                0x00000000                log_cache_put

.text.log_msg_get_source
                0x00000000        0xb
 .text.log_msg_get_source
                0x00000000        0xb zephyr/libzephyr.a(log_msg.c.obj)

.text.log_dynamic_source_id
                0x00000000       0x10
 .text.log_dynamic_source_id
                0x00000000       0x10 zephyr/libzephyr.a(log_msg.c.obj)

.text.log_source_id
                0x00000000       0x10
 .text.log_source_id
                0x00000000       0x10 zephyr/libzephyr.a(log_msg.c.obj)

.text.z_log_msg_finalize
                0x00000000       0x77
 .text.z_log_msg_finalize
                0x00000000       0x77 zephyr/libzephyr.a(log_msg.c.obj)
                0x00000000                z_log_msg_finalize

.text.z_log_msg_runtime_vcreate
                0x00000000      0x206
 .text.z_log_msg_runtime_vcreate
                0x00000000      0x206 zephyr/libzephyr.a(log_msg.c.obj)
                0x00000000                z_log_msg_runtime_vcreate

.text.log_msg_get_source_id
                0x00000000       0x59
 .text.log_msg_get_source_id
                0x00000000       0x59 zephyr/libzephyr.a(log_msg.c.obj)
                0x00000000                log_msg_get_source_id

.text.cbpprintf
                0x00000000       0x1e
 .text.cbpprintf
                0x00000000       0x1e zephyr/libzephyr.a(log_output.c.obj)

.text.log_msg_get_timestamp
                0x00000000        0xb
 .text.log_msg_get_timestamp
                0x00000000        0xb zephyr/libzephyr.a(log_output.c.obj)

.text.log_msg_get_tid
                0x00000000        0xa
 .text.log_msg_get_tid
                0x00000000        0xa zephyr/libzephyr.a(log_output.c.obj)

.text.log_msg_get_data
                0x00000000       0x2f
 .text.log_msg_get_data
                0x00000000       0x2f zephyr/libzephyr.a(log_output.c.obj)

.text.log_msg_get_package
                0x00000000       0x1f
 .text.log_msg_get_package
                0x00000000       0x1f zephyr/libzephyr.a(log_output.c.obj)

.text.log_output_write
                0x00000000       0x9f
 .text.log_output_write
                0x00000000       0x35 zephyr/libzephyr.a(log_output.c.obj)
 .text.log_output_write
                0x00000035       0x35 zephyr/libzephyr.a(log_backend_native_posix.c.obj)
 .text.log_output_write
                0x0000006a       0x35 zephyr/libzephyr.a(log_backend_uart.c.obj)

.text.log_output_flush
                0x00000000       0xc9
 .text.log_output_flush
                0x00000000       0x43 zephyr/libzephyr.a(log_output.c.obj)
 .text.log_output_flush
                0x00000043       0x43 zephyr/libzephyr.a(log_backend_native_posix.c.obj)
 .text.log_output_flush
                0x00000086       0x43 zephyr/libzephyr.a(log_backend_uart.c.obj)

.text.out_func  0x00000000       0xf8
 .text.out_func
                0x00000000       0x7a zephyr/libzephyr.a(log_output.c.obj)
 .text.out_func
                0x0000007a       0x7e zephyr/libzephyr.a(shell_fprintf.c.obj)

.text.cr_out_func
                0x00000000       0x34
 .text.cr_out_func
                0x00000000       0x34 zephyr/libzephyr.a(log_output.c.obj)

.text.print_formatted
                0x00000000       0x5a
 .text.print_formatted
                0x00000000       0x5a zephyr/libzephyr.a(log_output.c.obj)

.text.timestamp_print
                0x00000000      0x138
 .text.timestamp_print
                0x00000000      0x138 zephyr/libzephyr.a(log_output.c.obj)

.text.color_print
                0x00000000       0x59
 .text.color_print
                0x00000000       0x59 zephyr/libzephyr.a(log_output.c.obj)

.text.color_prefix
                0x00000000       0x24
 .text.color_prefix
                0x00000000       0x24 zephyr/libzephyr.a(log_output.c.obj)

.text.color_postfix
                0x00000000       0x24
 .text.color_postfix
                0x00000000       0x24 zephyr/libzephyr.a(log_output.c.obj)

.text.ids_print
                0x00000000       0x9d
 .text.ids_print
                0x00000000       0x9d zephyr/libzephyr.a(log_output.c.obj)

.text.newline_print
                0x00000000       0x47
 .text.newline_print
                0x00000000       0x47 zephyr/libzephyr.a(log_output.c.obj)

.text.hexdump_line_print
                0x00000000      0x170
 .text.hexdump_line_print
                0x00000000      0x170 zephyr/libzephyr.a(log_output.c.obj)

.text.log_msg_hexdump
                0x00000000       0x46
 .text.log_msg_hexdump
                0x00000000       0x46 zephyr/libzephyr.a(log_output.c.obj)

.text.prefix_print
                0x00000000      0x12f
 .text.prefix_print
                0x00000000      0x12f zephyr/libzephyr.a(log_output.c.obj)

.text.postfix_print
                0x00000000       0x3d
 .text.postfix_print
                0x00000000       0x3d zephyr/libzephyr.a(log_output.c.obj)

.text.log_output_process
                0x00000000       0xda
 .text.log_output_process
                0x00000000       0xda zephyr/libzephyr.a(log_output.c.obj)
                0x00000000                log_output_process

.text.log_output_msg_process
                0x00000000      0x10c
 .text.log_output_msg_process
                0x00000000      0x10c zephyr/libzephyr.a(log_output.c.obj)
                0x00000000                log_output_msg_process

.text.log_output_dropped_process
                0x00000000       0xb1
 .text.log_output_dropped_process
                0x00000000       0xb1 zephyr/libzephyr.a(log_output.c.obj)
                0x00000000                log_output_dropped_process

.text.log_output_timestamp_freq_set
                0x00000000       0x37
 .text.log_output_timestamp_freq_set
                0x00000000       0x37 zephyr/libzephyr.a(log_output.c.obj)
                0x00000000                log_output_timestamp_freq_set

.text.log_backend_std_get_flags
                0x00000000       0x34
 .text.log_backend_std_get_flags
                0x00000000       0x1a zephyr/libzephyr.a(log_backend_native_posix.c.obj)
 .text.log_backend_std_get_flags
                0x0000001a       0x1a zephyr/libzephyr.a(log_backend_uart.c.obj)

.text.preprint_char
                0x00000000       0x89
 .text.preprint_char
                0x00000000       0x89 zephyr/libzephyr.a(log_backend_native_posix.c.obj)

.text.char_out  0x00000000       0xbe
 .text.char_out
                0x00000000       0x3a zephyr/libzephyr.a(log_backend_native_posix.c.obj)
 .text.char_out
                0x0000003a       0x84 zephyr/libzephyr.a(log_backend_uart.c.obj)

.text.panic     0x00000000      0x134
 .text.panic    0x00000000       0x19 zephyr/libzephyr.a(log_backend_native_posix.c.obj)
 .text.panic    0x00000019       0x3c zephyr/libzephyr.a(log_backend_uart.c.obj)
 .text.panic    0x00000055       0xdf zephyr/libzephyr.a(shell_log_backend.c.obj)

.text.dropped   0x00000000       0x87
 .text.dropped  0x00000000       0x1c zephyr/libzephyr.a(log_backend_native_posix.c.obj)
 .text.dropped  0x0000001c       0x28 zephyr/libzephyr.a(log_backend_uart.c.obj)
 .text.dropped  0x00000044       0x43 zephyr/libzephyr.a(shell_log_backend.c.obj)

.text.process   0x00000000      0x15f
 .text.process  0x00000000       0x3c zephyr/libzephyr.a(log_backend_native_posix.c.obj)
 .text.process  0x0000003c       0x52 zephyr/libzephyr.a(log_backend_uart.c.obj)
 .text.process  0x0000008e       0xd1 zephyr/libzephyr.a(shell_log_backend.c.obj)

.text.format_set
                0x00000000       0x3c
 .text.format_set
                0x00000000       0x12 zephyr/libzephyr.a(log_backend_native_posix.c.obj)
 .text.format_set
                0x00000012       0x2a zephyr/libzephyr.a(log_backend_uart.c.obj)

.text.log_output_ctx_set
                0x00000000       0x24
 .text.log_output_ctx_set
                0x00000000       0x12 zephyr/libzephyr.a(log_backend_uart.c.obj)
 .text.log_output_ctx_set
                0x00000012       0x12 zephyr/libzephyr.a(shell_log_backend.c.obj)

.text.log_backend_std_panic
                0x00000000       0x17
 .text.log_backend_std_panic
                0x00000000       0x17 zephyr/libzephyr.a(log_backend_uart.c.obj)

.text.log_backend_std_dropped
                0x00000000       0x1a
 .text.log_backend_std_dropped
                0x00000000       0x1a zephyr/libzephyr.a(log_backend_uart.c.obj)

.text.z_impl_uart_poll_out
                0x00000000       0x8a
 .text.z_impl_uart_poll_out
                0x00000000       0x2e zephyr/libzephyr.a(log_backend_uart.c.obj)
 .text.z_impl_uart_poll_out
                0x0000002e       0x2e zephyr/libzephyr.a(shell_uart.c.obj)
 .text.z_impl_uart_poll_out
                0x0000005c       0x2e zephyr/drivers/console/libdrivers__console.a(uart_console.c.obj)

.text.uart_poll_out
                0x00000000       0x66
 .text.uart_poll_out
                0x00000000       0x22 zephyr/libzephyr.a(log_backend_uart.c.obj)
 .text.uart_poll_out
                0x00000022       0x22 zephyr/libzephyr.a(shell_uart.c.obj)
 .text.uart_poll_out
                0x00000044       0x22 zephyr/drivers/console/libdrivers__console.a(uart_console.c.obj)

.text.pm_device_runtime_get
                0x00000000       0x14
 .text.pm_device_runtime_get
                0x00000000        0xa zephyr/libzephyr.a(log_backend_uart.c.obj)
 .text.pm_device_runtime_get
                0x0000000a        0xa zephyr/drivers/console/libdrivers__console.a(uart_console.c.obj)

.text.pm_device_runtime_put_async
                0x00000000       0x14
 .text.pm_device_runtime_put_async
                0x00000000        0xa zephyr/libzephyr.a(log_backend_uart.c.obj)
 .text.pm_device_runtime_put_async
                0x0000000a        0xa zephyr/drivers/console/libdrivers__console.a(uart_console.c.obj)

.text.log_backend_uart_init
                0x00000000       0x34
 .text.log_backend_uart_init
                0x00000000       0x34 zephyr/libzephyr.a(log_backend_uart.c.obj)

.text.device_is_ready
                0x00000000       0x58
 .text.device_is_ready
                0x00000000       0x16 zephyr/libzephyr.a(flash_map.c.obj)
 .text.device_is_ready
                0x00000016       0x16 zephyr/libzephyr.a(device_service.c.obj)
 .text.device_is_ready
                0x0000002c       0x16 zephyr/libzephyr.a(shell_uart.c.obj)
 .text.device_is_ready
                0x00000042       0x16 zephyr/drivers/console/libdrivers__console.a(uart_console.c.obj)

.text.get_flash_area_from_id
                0x00000000       0x4b
 .text.get_flash_area_from_id
                0x00000000       0x4b zephyr/libzephyr.a(flash_map.c.obj)

.text.is_in_flash_area_bounds
                0x00000000       0x2c
 .text.is_in_flash_area_bounds
                0x00000000       0x2c zephyr/libzephyr.a(flash_map.c.obj)

.text.z_impl_flash_read
                0x00000000       0x27
 .text.z_impl_flash_read
                0x00000000       0x27 zephyr/libzephyr.a(flash_map.c.obj)

.text.z_impl_flash_write
                0x00000000       0x2e
 .text.z_impl_flash_write
                0x00000000       0x2e zephyr/libzephyr.a(flash_map.c.obj)

.text.flash_read
                0x00000000       0x1c
 .text.flash_read
                0x00000000       0x1c zephyr/libzephyr.a(flash_map.c.obj)

.text.flash_write
                0x00000000       0x1c
 .text.flash_write
                0x00000000       0x1c zephyr/libzephyr.a(flash_map.c.obj)

.text.flash_area_open
                0x00000000       0x68
 .text.flash_area_open
                0x00000000       0x68 zephyr/libzephyr.a(flash_map.c.obj)
                0x00000000                flash_area_open

.text.flash_area_read
                0x00000000       0x48
 .text.flash_area_read
                0x00000000       0x48 zephyr/libzephyr.a(flash_map.c.obj)
                0x00000000                flash_area_read

.text.flash_area_write
                0x00000000       0x48
 .text.flash_area_write
                0x00000000       0x48 zephyr/libzephyr.a(flash_map.c.obj)
                0x00000000                flash_area_write

.text.sys_trace_isr_enter
                0x00000000        0x6
 .text.sys_trace_isr_enter
                0x00000000        0x6 zephyr/libzephyr.a(tracing_none.c.obj)
                0x00000000                sys_trace_isr_enter

.text.sys_trace_isr_exit
                0x00000000        0x6
 .text.sys_trace_isr_exit
                0x00000000        0x6 zephyr/libzephyr.a(tracing_none.c.obj)
                0x00000000                sys_trace_isr_exit

.text.sys_trace_idle
                0x00000000        0x6
 .text.sys_trace_idle
                0x00000000        0x6 zephyr/libzephyr.a(tracing_none.c.obj)
                0x00000000                sys_trace_idle

.text.cmd_kernel_cycles
                0x00000000       0x26
 .text.cmd_kernel_cycles
                0x00000000       0x26 zephyr/libzephyr.a(cycles.c.obj)

.text.cmd_kernel_sleep
                0x00000000       0x8b
 .text.cmd_kernel_sleep
                0x00000000       0x8b zephyr/libzephyr.a(sleep.c.obj)

.text.cmd_kernel_uptime
                0x00000000      0x1b4
 .text.cmd_kernel_uptime
                0x00000000      0x1b4 zephyr/libzephyr.a(uptime.c.obj)

.text.cmd_kernel_version
                0x00000000       0x25
 .text.cmd_kernel_version
                0x00000000       0x25 zephyr/libzephyr.a(version.c.obj)

.text.cmd_kernel_log_level_set
                0x00000000      0x11b
 .text.cmd_kernel_log_level_set
                0x00000000      0x11b zephyr/libzephyr.a(log-level.c.obj)

.text.thread_valid_cb
                0x00000000       0x20
 .text.thread_valid_cb
                0x00000000       0x20 zephyr/libzephyr.a(thread.c.obj)

.text.z_thread_is_valid
                0x00000000       0x4c
 .text.z_thread_is_valid
                0x00000000       0x4c zephyr/libzephyr.a(thread.c.obj)
                0x00000000                z_thread_is_valid

.text.k_thread_stack_space_get
                0x00000000       0x32
 .text.k_thread_stack_space_get
                0x00000000       0x19 zephyr/libzephyr.a(list.c.obj)
 .text.k_thread_stack_space_get
                0x00000019       0x19 zephyr/libzephyr.a(stacks.c.obj)

.text.shell_tdata_dump
                0x00000000      0x16e
 .text.shell_tdata_dump
                0x00000000      0x16e zephyr/libzephyr.a(list.c.obj)

.text.cmd_kernel_thread_list
                0x00000000       0x4c
 .text.cmd_kernel_thread_list
                0x00000000       0x4c zephyr/libzephyr.a(list.c.obj)

.text.K_KERNEL_STACK_BUFFER
                0x00000000       0x18
 .text.K_KERNEL_STACK_BUFFER
                0x00000000        0x8 zephyr/libzephyr.a(stacks.c.obj)
 .text.K_KERNEL_STACK_BUFFER
                0x00000008        0x8 zephyr/kernel/libkernel.a(init.c.obj)
 .text.K_KERNEL_STACK_BUFFER
                0x00000010        0x8 zephyr/kernel/libkernel.a(thread.c.obj)

.text.shell_stack_dump
                0x00000000       0xdb
 .text.shell_stack_dump
                0x00000000       0xdb zephyr/libzephyr.a(stacks.c.obj)

.text.cmd_kernel_thread_stacks
                0x00000000      0x126
 .text.cmd_kernel_thread_stacks
                0x00000000      0x126 zephyr/libzephyr.a(stacks.c.obj)

.text.k_thread_suspend
                0x00000000       0x17
 .text.k_thread_suspend
                0x00000000       0x17 zephyr/libzephyr.a(suspend.c.obj)

.text.cmd_kernel_thread_suspend
                0x00000000       0xa2
 .text.cmd_kernel_thread_suspend
                0x00000000       0xa2 zephyr/libzephyr.a(suspend.c.obj)

.text.k_thread_resume
                0x00000000       0x17
 .text.k_thread_resume
                0x00000000       0x17 zephyr/libzephyr.a(resume.c.obj)

.text.cmd_kernel_thread_resume
                0x00000000       0xa2
 .text.cmd_kernel_thread_resume
                0x00000000       0xa2 zephyr/libzephyr.a(resume.c.obj)

.text.cmd_kernel_thread_kill
                0x00000000       0xa2
 .text.cmd_kernel_thread_kill
                0x00000000       0xa2 zephyr/libzephyr.a(kill.c.obj)

.text.device_get_dt_nodelabels
                0x00000000       0x1e
 .text.device_get_dt_nodelabels
                0x00000000       0x1e zephyr/libzephyr.a(device_service.c.obj)

.text.pm_device_runtime_usage
                0x00000000        0xa
 .text.pm_device_runtime_usage
                0x00000000        0xa zephyr/libzephyr.a(device_service.c.obj)

.text.get_device_name
                0x00000000       0x3f
 .text.get_device_name
                0x00000000       0x3f zephyr/libzephyr.a(device_service.c.obj)

.text.cmd_device_list
                0x00000000      0x1a7
 .text.cmd_device_list
                0x00000000      0x1a7 zephyr/libzephyr.a(device_service.c.obj)

.text.is_ascii  0x00000000       0x41
 .text.is_ascii
                0x00000000       0x41 zephyr/libzephyr.a(devmem_service.c.obj)

.text.memory_dump
                0x00000000      0x1b0
 .text.memory_dump
                0x00000000      0x1b0 zephyr/libzephyr.a(devmem_service.c.obj)

.text.cmd_dump  0x00000000      0x1dd
 .text.cmd_dump
                0x00000000      0x1dd zephyr/libzephyr.a(devmem_service.c.obj)

.text.set_bypass
                0x00000000       0x8b
 .text.set_bypass
                0x00000000       0x8b zephyr/libzephyr.a(devmem_service.c.obj)

.text.bypass_cb
                0x00000000      0x2ab
 .text.bypass_cb
                0x00000000      0x2ab zephyr/libzephyr.a(devmem_service.c.obj)

.text.cmd_load  0x00000000      0x14a
 .text.cmd_load
                0x00000000      0x14a zephyr/libzephyr.a(devmem_service.c.obj)

.text.memory_read
                0x00000000       0xa2
 .text.memory_read
                0x00000000       0xa2 zephyr/libzephyr.a(devmem_service.c.obj)

.text.memory_write
                0x00000000       0xaa
 .text.memory_write
                0x00000000       0xaa zephyr/libzephyr.a(devmem_service.c.obj)

.text.cmd_devmem
                0x00000000       0xdc
 .text.cmd_devmem
                0x00000000       0xdc zephyr/libzephyr.a(devmem_service.c.obj)

.text.ring_buf_internal_reset
                0x00000000       0xbc
 .text.ring_buf_internal_reset
                0x00000000       0x5e zephyr/libzephyr.a(shell_uart.c.obj)
 .text.ring_buf_internal_reset
                0x0000005e       0x5e zephyr/libzephyr.a(shell_history.c.obj)

.text.ring_buf_init
                0x00000000       0x24
 .text.ring_buf_init
                0x00000000       0x24 zephyr/libzephyr.a(shell_uart.c.obj)

.text.uart_fifo_fill
                0x00000000       0x39
 .text.uart_fifo_fill
                0x00000000       0x39 zephyr/libzephyr.a(shell_uart.c.obj)

.text.uart_fifo_read
                0x00000000       0x39
 .text.uart_fifo_read
                0x00000000       0x39 zephyr/libzephyr.a(shell_uart.c.obj)

.text.z_impl_uart_irq_tx_enable
                0x00000000       0x2d
 .text.z_impl_uart_irq_tx_enable
                0x00000000       0x2d zephyr/libzephyr.a(shell_uart.c.obj)

.text.z_impl_uart_irq_tx_disable
                0x00000000       0x2d
 .text.z_impl_uart_irq_tx_disable
                0x00000000       0x2d zephyr/libzephyr.a(shell_uart.c.obj)

.text.uart_irq_tx_ready
                0x00000000       0x33
 .text.uart_irq_tx_ready
                0x00000000       0x33 zephyr/libzephyr.a(shell_uart.c.obj)

.text.z_impl_uart_irq_rx_enable
                0x00000000       0x2d
 .text.z_impl_uart_irq_rx_enable
                0x00000000       0x2d zephyr/libzephyr.a(shell_uart.c.obj)

.text.z_impl_uart_irq_rx_disable
                0x00000000       0x2d
 .text.z_impl_uart_irq_rx_disable
                0x00000000       0x2d zephyr/libzephyr.a(shell_uart.c.obj)

.text.uart_irq_rx_ready
                0x00000000       0x33
 .text.uart_irq_rx_ready
                0x00000000       0x33 zephyr/libzephyr.a(shell_uart.c.obj)

.text.z_impl_uart_irq_update
                0x00000000       0x33
 .text.z_impl_uart_irq_update
                0x00000000       0x33 zephyr/libzephyr.a(shell_uart.c.obj)

.text.uart_irq_callback_user_data_set
                0x00000000       0x44
 .text.uart_irq_callback_user_data_set
                0x00000000       0x44 zephyr/libzephyr.a(shell_uart.c.obj)

.text.uart_irq_tx_enable
                0x00000000       0x17
 .text.uart_irq_tx_enable
                0x00000000       0x17 zephyr/libzephyr.a(shell_uart.c.obj)

.text.uart_irq_tx_disable
                0x00000000       0x17
 .text.uart_irq_tx_disable
                0x00000000       0x17 zephyr/libzephyr.a(shell_uart.c.obj)

.text.uart_irq_rx_enable
                0x00000000       0x17
 .text.uart_irq_rx_enable
                0x00000000       0x17 zephyr/libzephyr.a(shell_uart.c.obj)

.text.uart_irq_rx_disable
                0x00000000       0x17
 .text.uart_irq_rx_disable
                0x00000000       0x17 zephyr/libzephyr.a(shell_uart.c.obj)

.text.uart_irq_update
                0x00000000       0x16
 .text.uart_irq_update
                0x00000000       0x16 zephyr/libzephyr.a(shell_uart.c.obj)

.text.uart_rx_handle
                0x00000000      0x138
 .text.uart_rx_handle
                0x00000000      0x138 zephyr/libzephyr.a(shell_uart.c.obj)

.text.uart_dtr_check
                0x00000000       0x2f
 .text.uart_dtr_check
                0x00000000       0x2f zephyr/libzephyr.a(shell_uart.c.obj)

.text.uart_tx_handle
                0x00000000      0x114
 .text.uart_tx_handle
                0x00000000      0x114 zephyr/libzephyr.a(shell_uart.c.obj)

.text.uart_callback
                0x00000000       0x63
 .text.uart_callback
                0x00000000       0x63 zephyr/libzephyr.a(shell_uart.c.obj)

.text.irq_init  0x00000000       0x72
 .text.irq_init
                0x00000000       0x72 zephyr/libzephyr.a(shell_uart.c.obj)

.text.init      0x00000000       0x42
 .text.init     0x00000000       0x42 zephyr/libzephyr.a(shell_uart.c.obj)

.text.irq_uninit
                0x00000000       0x3f
 .text.irq_uninit
                0x00000000       0x3f zephyr/libzephyr.a(shell_uart.c.obj)

.text.uninit    0x00000000       0x1f
 .text.uninit   0x00000000       0x1f zephyr/libzephyr.a(shell_uart.c.obj)

.text.enable    0x00000000       0x3d
 .text.enable   0x00000000       0x3d zephyr/libzephyr.a(shell_uart.c.obj)

.text.polling_write
                0x00000000       0x67
 .text.polling_write
                0x00000000       0x67 zephyr/libzephyr.a(shell_uart.c.obj)

.text.irq_write
                0x00000000       0x55
 .text.irq_write
                0x00000000       0x55 zephyr/libzephyr.a(shell_uart.c.obj)

.text.write_uart
                0x00000000       0x4a
 .text.write_uart
                0x00000000       0x4a zephyr/libzephyr.a(shell_uart.c.obj)

.text.irq_read  0x00000000       0x2a
 .text.irq_read
                0x00000000       0x2a zephyr/libzephyr.a(shell_uart.c.obj)

.text.read_uart
                0x00000000       0x20
 .text.read_uart
                0x00000000       0x20 zephyr/libzephyr.a(shell_uart.c.obj)

.text.enable_shell_uart
                0x00000000       0x68
 .text.enable_shell_uart
                0x00000000       0x68 zephyr/libzephyr.a(shell_uart.c.obj)

.text.atomic_or
                0x00000000       0xb4
 .text.atomic_or
                0x00000000       0x24 zephyr/libzephyr.a(shell.c.obj)
 .text.atomic_or
                0x00000024       0x24 zephyr/libzephyr.a(shell_ops.c.obj)
 .text.atomic_or
                0x00000048       0x24 zephyr/libzephyr.a(shell_log_backend.c.obj)
 .text.atomic_or
                0x0000006c       0x24 zephyr/libzephyr.a(shell_cmds.c.obj)
 .text.atomic_or
                0x00000090       0x24 modules/hal_nordic/modules/hal_nordic/nrfx/libmodules__hal_nordic__nrfx.a(nrfx_grtc.c.obj)

.text.atomic_and
                0x00000000       0xb4
 .text.atomic_and
                0x00000000       0x24 zephyr/libzephyr.a(shell.c.obj)
 .text.atomic_and
                0x00000024       0x24 zephyr/libzephyr.a(shell_ops.c.obj)
 .text.atomic_and
                0x00000048       0x24 zephyr/libzephyr.a(shell_log_backend.c.obj)
 .text.atomic_and
                0x0000006c       0x24 zephyr/libzephyr.a(shell_cmds.c.obj)
 .text.atomic_and
                0x00000090       0x24 modules/hal_nordic/modules/hal_nordic/nrfx/libmodules__hal_nordic__nrfx.a(nrfx_grtc.c.obj)

.text.k_mutex_init
                0x00000000       0x16
 .text.k_mutex_init
                0x00000000       0x16 zephyr/libzephyr.a(shell.c.obj)

.text.k_mutex_lock
                0x00000000       0x38
 .text.k_mutex_lock
                0x00000000       0x1c zephyr/libzephyr.a(shell.c.obj)
 .text.k_mutex_lock
                0x0000001c       0x1c zephyr/libzephyr.a(shell_log_backend.c.obj)

.text.k_mutex_unlock
                0x00000000       0x2c
 .text.k_mutex_unlock
                0x00000000       0x16 zephyr/libzephyr.a(shell.c.obj)
 .text.k_mutex_unlock
                0x00000016       0x16 zephyr/libzephyr.a(shell_log_backend.c.obj)

.text.k_poll    0x00000000       0x38
 .text.k_poll   0x00000000       0x1c zephyr/libzephyr.a(shell.c.obj)
 .text.k_poll   0x0000001c       0x1c zephyr/libzephyr.a(shell_ops.c.obj)

.text.k_poll_signal_init
                0x00000000       0x17
 .text.k_poll_signal_init
                0x00000000       0x17 zephyr/libzephyr.a(shell.c.obj)

.text.k_poll_signal_reset
                0x00000000       0x2e
 .text.k_poll_signal_reset
                0x00000000       0x17 zephyr/libzephyr.a(shell.c.obj)
 .text.k_poll_signal_reset
                0x00000017       0x17 zephyr/libzephyr.a(shell_ops.c.obj)

.text.k_poll_signal_check
                0x00000000       0x1d
 .text.k_poll_signal_check
                0x00000000       0x1d zephyr/libzephyr.a(shell.c.obj)

.text.z_shell_history_active
                0x00000000       0x10
 .text.z_shell_history_active
                0x00000000       0x10 zephyr/libzephyr.a(shell.c.obj)

.text.z_shell_strlen
                0x00000000       0xaf
 .text.z_shell_strlen
                0x00000000       0x23 zephyr/libzephyr.a(shell.c.obj)
 .text.z_shell_strlen
                0x00000023       0x23 zephyr/libzephyr.a(shell_utils.c.obj)
 .text.z_shell_strlen
                0x00000046       0x23 zephyr/libzephyr.a(shell_ops.c.obj)
 .text.z_shell_strlen
                0x00000069       0x23 zephyr/libzephyr.a(shell_help.c.obj)
 .text.z_shell_strlen
                0x0000008c       0x23 zephyr/libzephyr.a(shell_wildcard.c.obj)

.text.z_transport_buffer_flush
                0x00000000       0x51
 .text.z_transport_buffer_flush
                0x00000000       0x1b zephyr/libzephyr.a(shell.c.obj)
 .text.z_transport_buffer_flush
                0x0000001b       0x1b zephyr/libzephyr.a(shell_help.c.obj)
 .text.z_transport_buffer_flush
                0x00000036       0x1b zephyr/libzephyr.a(shell_cmds.c.obj)

.text.z_shell_in_select_mode
                0x00000000       0x13
 .text.z_shell_in_select_mode
                0x00000000       0x13 zephyr/libzephyr.a(shell.c.obj)

.text.z_shell_raw_fprintf
                0x00000000      0x130
 .text.z_shell_raw_fprintf
                0x00000000       0x4c zephyr/libzephyr.a(shell.c.obj)
 .text.z_shell_raw_fprintf
                0x0000004c       0x4c zephyr/libzephyr.a(shell_ops.c.obj)
 .text.z_shell_raw_fprintf
                0x00000098       0x4c zephyr/libzephyr.a(shell_help.c.obj)
 .text.z_shell_raw_fprintf
                0x000000e4       0x4c zephyr/libzephyr.a(shell_cmds.c.obj)

.text.z_flag_insert_mode_get
                0x00000000       0x28
 .text.z_flag_insert_mode_get
                0x00000000       0x14 zephyr/libzephyr.a(shell.c.obj)
 .text.z_flag_insert_mode_get
                0x00000014       0x14 zephyr/libzephyr.a(shell_ops.c.obj)

.text.z_flag_insert_mode_set
                0x00000000       0x69
 .text.z_flag_insert_mode_set
                0x00000000       0x69 zephyr/libzephyr.a(shell.c.obj)

.text.z_flag_use_vt100_get
                0x00000000       0x45
 .text.z_flag_use_vt100_get
                0x00000000       0x17 zephyr/libzephyr.a(shell.c.obj)
 .text.z_flag_use_vt100_get
                0x00000017       0x17 zephyr/libzephyr.a(shell_ops.c.obj)
 .text.z_flag_use_vt100_get
                0x0000002e       0x17 zephyr/libzephyr.a(shell_cmds.c.obj)

.text.z_flag_echo_get
                0x00000000       0x42
 .text.z_flag_echo_get
                0x00000000       0x16 zephyr/libzephyr.a(shell.c.obj)
 .text.z_flag_echo_get
                0x00000016       0x16 zephyr/libzephyr.a(shell_ops.c.obj)
 .text.z_flag_echo_get
                0x0000002c       0x16 zephyr/libzephyr.a(shell_cmds.c.obj)

.text.z_flag_obscure_get
                0x00000000       0x2e
 .text.z_flag_obscure_get
                0x00000000       0x17 zephyr/libzephyr.a(shell.c.obj)
 .text.z_flag_obscure_get
                0x00000017       0x17 zephyr/libzephyr.a(shell_ops.c.obj)

.text.z_flag_processing_get
                0x00000000       0x14
 .text.z_flag_processing_get
                0x00000000       0x14 zephyr/libzephyr.a(shell.c.obj)

.text.z_flag_processing_set
                0x00000000       0x69
 .text.z_flag_processing_set
                0x00000000       0x69 zephyr/libzephyr.a(shell.c.obj)

.text.z_flag_tx_rdy_set
                0x00000000       0xdc
 .text.z_flag_tx_rdy_set
                0x00000000       0x6e zephyr/libzephyr.a(shell.c.obj)
 .text.z_flag_tx_rdy_set
                0x0000006e       0x6e zephyr/libzephyr.a(shell_ops.c.obj)

.text.z_flag_mode_delete_get
                0x00000000       0x17
 .text.z_flag_mode_delete_get
                0x00000000       0x17 zephyr/libzephyr.a(shell.c.obj)

.text.z_flag_history_exit_get
                0x00000000       0x17
 .text.z_flag_history_exit_get
                0x00000000       0x17 zephyr/libzephyr.a(shell.c.obj)

.text.z_flag_history_exit_set
                0x00000000       0x6e
 .text.z_flag_history_exit_set
                0x00000000       0x6e zephyr/libzephyr.a(shell.c.obj)

.text.z_flag_cmd_ctx_get
                0x00000000       0x2e
 .text.z_flag_cmd_ctx_get
                0x00000000       0x17 zephyr/libzephyr.a(shell.c.obj)
 .text.z_flag_cmd_ctx_get
                0x00000017       0x17 zephyr/libzephyr.a(shell_log_backend.c.obj)

.text.z_flag_cmd_ctx_set
                0x00000000       0x6e
 .text.z_flag_cmd_ctx_set
                0x00000000       0x6e zephyr/libzephyr.a(shell.c.obj)

.text.z_flag_last_nl_get
                0x00000000       0x17
 .text.z_flag_last_nl_get
                0x00000000       0x17 zephyr/libzephyr.a(shell.c.obj)

.text.z_shell_get_return_value
                0x00000000       0x11
 .text.z_shell_get_return_value
                0x00000000       0x11 zephyr/libzephyr.a(shell.c.obj)

.text.z_flag_last_nl_set
                0x00000000       0x35
 .text.z_flag_last_nl_set
                0x00000000       0x35 zephyr/libzephyr.a(shell.c.obj)

.text.z_flag_print_noinit_get
                0x00000000       0x17
 .text.z_flag_print_noinit_get
                0x00000000       0x17 zephyr/libzephyr.a(shell.c.obj)

.text.z_flag_print_noinit_set
                0x00000000       0x6e
 .text.z_flag_print_noinit_set
                0x00000000       0x6e zephyr/libzephyr.a(shell.c.obj)

.text.z_flag_handle_log_get
                0x00000000       0x17
 .text.z_flag_handle_log_get
                0x00000000       0x17 zephyr/libzephyr.a(shell.c.obj)

.text.z_flag_handle_log_set
                0x00000000       0x6e
 .text.z_flag_handle_log_set
                0x00000000       0x6e zephyr/libzephyr.a(shell.c.obj)

.text.z_clear_eos
                0x00000000       0x66
 .text.z_clear_eos
                0x00000000       0x33 zephyr/libzephyr.a(shell.c.obj)
 .text.z_clear_eos
                0x00000033       0x33 zephyr/libzephyr.a(shell_ops.c.obj)

.text.z_cursor_next_line_move
                0x00000000       0x60
 .text.z_cursor_next_line_move
                0x00000000       0x20 zephyr/libzephyr.a(shell.c.obj)
 .text.z_cursor_next_line_move
                0x00000020       0x20 zephyr/libzephyr.a(shell_ops.c.obj)
 .text.z_cursor_next_line_move
                0x00000040       0x20 zephyr/libzephyr.a(shell_help.c.obj)

.text.receive_state_change
                0x00000000       0x1c
 .text.receive_state_change
                0x00000000       0x1c zephyr/libzephyr.a(shell.c.obj)

.text.cmd_buffer_clear
                0x00000000       0x28
 .text.cmd_buffer_clear
                0x00000000       0x28 zephyr/libzephyr.a(shell.c.obj)

.text.shell_internal_help_print
                0x00000000       0x3d
 .text.shell_internal_help_print
                0x00000000       0x3d zephyr/libzephyr.a(shell.c.obj)

.text.cmd_precheck
                0x00000000       0x4f
 .text.cmd_precheck
                0x00000000       0x4f zephyr/libzephyr.a(shell.c.obj)

.text.state_set
                0x00000000       0x7e
 .text.state_set
                0x00000000       0x7e zephyr/libzephyr.a(shell.c.obj)

.text.state_get
                0x00000000        0xf
 .text.state_get
                0x00000000        0xf zephyr/libzephyr.a(shell.c.obj)

.text.selected_cmd_get
                0x00000000       0x1e
 .text.selected_cmd_get
                0x00000000       0x1e zephyr/libzephyr.a(shell.c.obj)

.text.tab_item_print
                0x00000000       0xf4
 .text.tab_item_print
                0x00000000       0xf4 zephyr/libzephyr.a(shell.c.obj)

.text.history_init
                0x00000000       0x1a
 .text.history_init
                0x00000000       0x1a zephyr/libzephyr.a(shell.c.obj)

.text.history_purge
                0x00000000       0x1a
 .text.history_purge
                0x00000000       0x1a zephyr/libzephyr.a(shell.c.obj)

.text.history_mode_exit
                0x00000000       0x27
 .text.history_mode_exit
                0x00000000       0x27 zephyr/libzephyr.a(shell.c.obj)

.text.history_put
                0x00000000       0x20
 .text.history_put
                0x00000000       0x20 zephyr/libzephyr.a(shell.c.obj)

.text.history_handle
                0x00000000      0x199
 .text.history_handle
                0x00000000      0x199 zephyr/libzephyr.a(shell.c.obj)

.text.completion_space_get
                0x00000000       0x21
 .text.completion_space_get
                0x00000000       0x21 zephyr/libzephyr.a(shell.c.obj)

.text.tab_prepare
                0x00000000      0x209
 .text.tab_prepare
                0x00000000      0x209 zephyr/libzephyr.a(shell.c.obj)

.text.is_completion_candidate
                0x00000000       0x21
 .text.is_completion_candidate
                0x00000000       0x21 zephyr/libzephyr.a(shell.c.obj)

.text.find_completion_candidates
                0x00000000      0x10d
 .text.find_completion_candidates
                0x00000000      0x10d zephyr/libzephyr.a(shell.c.obj)

.text.autocomplete
                0x00000000      0x118
 .text.autocomplete
                0x00000000      0x118 zephyr/libzephyr.a(shell.c.obj)

.text.str_common
                0x00000000       0x44
 .text.str_common
                0x00000000       0x44 zephyr/libzephyr.a(shell.c.obj)

.text.tab_options_print
                0x00000000       0xd2
 .text.tab_options_print
                0x00000000       0xd2 zephyr/libzephyr.a(shell.c.obj)

.text.common_beginning_find
                0x00000000      0x111
 .text.common_beginning_find
                0x00000000      0x111 zephyr/libzephyr.a(shell.c.obj)

.text.partial_autocomplete
                0x00000000       0x97
 .text.partial_autocomplete
                0x00000000       0x97 zephyr/libzephyr.a(shell.c.obj)

.text.exec_cmd  0x00000000      0x192
 .text.exec_cmd
                0x00000000      0x192 zephyr/libzephyr.a(shell.c.obj)

.text.active_cmd_prepare
                0x00000000       0x73
 .text.active_cmd_prepare
                0x00000000       0x73 zephyr/libzephyr.a(shell.c.obj)

.text.wildcard_check_report
                0x00000000       0x5b
 .text.wildcard_check_report
                0x00000000       0x5b zephyr/libzephyr.a(shell.c.obj)

.text.execute   0x00000000      0x5cc
 .text.execute  0x00000000      0x5cc zephyr/libzephyr.a(shell.c.obj)

.text.tab_handle
                0x00000000      0x17d
 .text.tab_handle
                0x00000000      0x17d zephyr/libzephyr.a(shell.c.obj)

.text.alt_metakeys_handle
                0x00000000       0x3c
 .text.alt_metakeys_handle
                0x00000000       0x3c zephyr/libzephyr.a(shell.c.obj)

.text.ctrl_metakeys_handle
                0x00000000      0x1d8
 .text.ctrl_metakeys_handle
                0x00000000      0x1d8 zephyr/libzephyr.a(shell.c.obj)

.text.process_nl
                0x00000000       0x69
 .text.process_nl
                0x00000000       0x69 zephyr/libzephyr.a(shell.c.obj)

.text.ascii_filter
                0x00000000       0x20
 .text.ascii_filter
                0x00000000       0x20 zephyr/libzephyr.a(shell.c.obj)

.text.state_collect
                0x00000000      0x58d
 .text.state_collect
                0x00000000      0x58d zephyr/libzephyr.a(shell.c.obj)

.text.transport_evt_handler
                0x00000000       0x46
 .text.transport_evt_handler
                0x00000000       0x46 zephyr/libzephyr.a(shell.c.obj)

.text.shell_log_process
                0x00000000       0xc2
 .text.shell_log_process
                0x00000000       0xc2 zephyr/libzephyr.a(shell.c.obj)

.text.instance_init
                0x00000000      0x1f3
 .text.instance_init
                0x00000000      0x1f3 zephyr/libzephyr.a(shell.c.obj)

.text.instance_uninit
                0x00000000       0x7b
 .text.instance_uninit
                0x00000000       0x7b zephyr/libzephyr.a(shell.c.obj)

.text.shell_signal_handle
                0x00000000       0x8a
 .text.shell_signal_handle
                0x00000000       0x8a zephyr/libzephyr.a(shell.c.obj)

.text.kill_handler
                0x00000000       0x76
 .text.kill_handler
                0x00000000       0x76 zephyr/libzephyr.a(shell.c.obj)

.text.shell_thread
                0x00000000      0x1a4
 .text.shell_thread
                0x00000000      0x1a4 zephyr/libzephyr.a(shell.c.obj)
                0x00000000                shell_thread

.text.shell_init
                0x00000000       0xc2
 .text.shell_init
                0x00000000       0xc2 zephyr/libzephyr.a(shell.c.obj)
                0x00000000                shell_init

.text.shell_start
                0x00000000       0xea
 .text.shell_start
                0x00000000       0xea zephyr/libzephyr.a(shell.c.obj)
                0x00000000                shell_start

.text.shell_process
                0x00000000       0x56
 .text.shell_process
                0x00000000       0x56 zephyr/libzephyr.a(shell.c.obj)
                0x00000000                shell_process

.text.shell_vfprintf
                0x00000000      0x11b
 .text.shell_vfprintf
                0x00000000      0x11b zephyr/libzephyr.a(shell.c.obj)
                0x00000000                shell_vfprintf

.text.shell_fprintf_impl
                0x00000000       0x56
 .text.shell_fprintf_impl
                0x00000000       0x56 zephyr/libzephyr.a(shell.c.obj)
                0x00000000                shell_fprintf_impl

.text.shell_fprintf_normal
                0x00000000       0x4b
 .text.shell_fprintf_normal
                0x00000000       0x4b zephyr/libzephyr.a(shell.c.obj)
                0x00000000                shell_fprintf_normal

.text.shell_fprintf_warn
                0x00000000       0x4b
 .text.shell_fprintf_warn
                0x00000000       0x4b zephyr/libzephyr.a(shell.c.obj)
                0x00000000                shell_fprintf_warn

.text.shell_fprintf_error
                0x00000000       0x4b
 .text.shell_fprintf_error
                0x00000000       0x4b zephyr/libzephyr.a(shell.c.obj)
                0x00000000                shell_fprintf_error

.text.shell_hexdump_line
                0x00000000      0x15f
 .text.shell_hexdump_line
                0x00000000      0x15f zephyr/libzephyr.a(shell.c.obj)
                0x00000000                shell_hexdump_line

.text.shell_prompt_change
                0x00000000       0xc9
 .text.shell_prompt_change
                0x00000000       0xc9 zephyr/libzephyr.a(shell.c.obj)
                0x00000000                shell_prompt_change

.text.shell_help
                0x00000000       0x57
 .text.shell_help
                0x00000000       0x57 zephyr/libzephyr.a(shell.c.obj)
                0x00000000                shell_help

.text.shell_get_return_value
                0x00000000       0x1d
 .text.shell_get_return_value
                0x00000000       0x1d zephyr/libzephyr.a(shell.c.obj)
                0x00000000                shell_get_return_value

.text.shell_set_bypass
                0x00000000       0x23
 .text.shell_set_bypass
                0x00000000       0x23 zephyr/libzephyr.a(shell.c.obj)
                0x00000000                shell_set_bypass

.text.cmd_help  0x00000000       0x6e
 .text.cmd_help
                0x00000000       0x6e zephyr/libzephyr.a(shell.c.obj)

.text.z_shell_fprintf_fmt
                0x00000000       0x3b
 .text.z_shell_fprintf_fmt
                0x00000000       0x3b zephyr/libzephyr.a(shell_fprintf.c.obj)
                0x00000000                z_shell_fprintf_fmt

.text.z_shell_fprintf_buffer_flush
                0x00000000       0x3d
 .text.z_shell_fprintf_buffer_flush
                0x00000000       0x3d zephyr/libzephyr.a(shell_fprintf.c.obj)
                0x00000000                z_shell_fprintf_buffer_flush

.text.shell_root_cmd_get
                0x00000000       0x35
 .text.shell_root_cmd_get
                0x00000000       0x35 zephyr/libzephyr.a(shell_utils.c.obj)

.text.is_dynamic_cmd
                0x00000000       0x26
 .text.is_dynamic_cmd
                0x00000000       0x26 zephyr/libzephyr.a(shell_utils.c.obj)

.text.is_section_cmd
                0x00000000       0x26
 .text.is_section_cmd
                0x00000000       0x26 zephyr/libzephyr.a(shell_utils.c.obj)

.text.line_num_with_buffer_offset_get
                0x00000000       0x33
 .text.line_num_with_buffer_offset_get
                0x00000000       0x33 zephyr/libzephyr.a(shell_utils.c.obj)

.text.col_num_with_buffer_offset_get
                0x00000000       0x3a
 .text.col_num_with_buffer_offset_get
                0x00000000       0x3a zephyr/libzephyr.a(shell_utils.c.obj)

.text.z_column_span_with_buffer_offsets_get
                0x00000000       0x42
 .text.z_column_span_with_buffer_offsets_get
                0x00000000       0x42 zephyr/libzephyr.a(shell_utils.c.obj)
                0x00000000                z_column_span_with_buffer_offsets_get

.text.z_row_span_with_buffer_offsets_get
                0x00000000       0x42
 .text.z_row_span_with_buffer_offsets_get
                0x00000000       0x42 zephyr/libzephyr.a(shell_utils.c.obj)
                0x00000000                z_row_span_with_buffer_offsets_get

.text.z_shell_multiline_data_calc
                0x00000000       0xca
 .text.z_shell_multiline_data_calc
                0x00000000       0xca zephyr/libzephyr.a(shell_utils.c.obj)
                0x00000000                z_shell_multiline_data_calc

.text.make_argv
                0x00000000      0x319
 .text.make_argv
                0x00000000      0x319 zephyr/libzephyr.a(shell_utils.c.obj)

.text.z_shell_make_argv
                0x00000000       0xa8
 .text.z_shell_make_argv
                0x00000000       0xa8 zephyr/libzephyr.a(shell_utils.c.obj)
                0x00000000                z_shell_make_argv

.text.z_shell_pattern_remove
                0x00000000       0xa3
 .text.z_shell_pattern_remove
                0x00000000       0xa3 zephyr/libzephyr.a(shell_utils.c.obj)
                0x00000000                z_shell_pattern_remove

.text.shell_root_cmd_count
                0x00000000       0x39
 .text.shell_root_cmd_count
                0x00000000       0x39 zephyr/libzephyr.a(shell_utils.c.obj)

.text.root_cmd_find
                0x00000000       0x5c
 .text.root_cmd_find
                0x00000000       0x5c zephyr/libzephyr.a(shell_utils.c.obj)
                0x00000000                root_cmd_find

.text.z_shell_cmd_get
                0x00000000       0xed
 .text.z_shell_cmd_get
                0x00000000       0xed zephyr/libzephyr.a(shell_utils.c.obj)
                0x00000000                z_shell_cmd_get

.text.z_shell_find_cmd
                0x00000000       0xa5
 .text.z_shell_find_cmd
                0x00000000       0xa5 zephyr/libzephyr.a(shell_utils.c.obj)
                0x00000000                z_shell_find_cmd

.text.z_shell_get_last_command
                0x00000000       0xd3
 .text.z_shell_get_last_command
                0x00000000       0xd3 zephyr/libzephyr.a(shell_utils.c.obj)
                0x00000000                z_shell_get_last_command

.text.z_shell_spaces_trim
                0x00000000      0x133
 .text.z_shell_spaces_trim
                0x00000000      0x133 zephyr/libzephyr.a(shell_utils.c.obj)
                0x00000000                z_shell_spaces_trim

.text.buffer_trim
                0x00000000      0x105
 .text.buffer_trim
                0x00000000      0x105 zephyr/libzephyr.a(shell_utils.c.obj)

.text.z_shell_cmd_trim
                0x00000000       0x3c
 .text.z_shell_cmd_trim